"http_request_file.txt"
PROOTPATH 5b /PFV
"/PFV/Protocols-Ivy/doc/examples/quic/ping/http_request_file.txt"
3
COUCOU
[112]
[112,105]
[112,105,110]
[112,105,110,103]
[112,105,110,103]
C time = start
insertBreakpoint: name = "0"
insertBreakpoint: now.tv_sec = 946684800
insertBreakpoint: now.tv_usec = 0
insertBreakpoint: name false = "0"
insertBreakpoint: end_ms false = 0
insertBreakpoint: breakpoints_ms.count(name) false = 1
SOCKET 4
source port number 0
binding client id: client addr: 184549377 port: 4990
source port number 4990
installing reader 2
C time = now_millis_last_bp
getTimeFromBreakpoint: breakpoint  = "0"
getTimeFromBreakpoint: now.tv_usec = 25000
getTimeFromBreakpoint: end.tv_usec = 0
C time = now_millis_last_bp - timer started
C time = now_millis_last_bp - time = 25
insertBreakpoint: name = "1"
insertBreakpoint: now.tv_sec = 946684800
insertBreakpoint: now.tv_usec = 25000
C time = now_millis
C time = now_millis - timer started
C time = now_millis - time = 60
sending from socket: 4
port number 4990
sending to id: [[1,112,105,110,103,3,0,0,0,0,0,0,0,60]]
sending to id: client addr: 184549378 port: 4443
port number 4990
sending id finish
RECEIVING start
RECEIVING __deser
ping_s_init ping_deser 2
recv frame_type = 2
ping_s_frame 3
ping_s_init ping_deser 2
ping_s_frame 1
payload_length = 10
ping_s_init ping_deser 2
ping_s_frame 1
payload_length = 9
ping_s_init ping_deser 2
ping_s_frame 1
payload_length = 8
ping_s_init ping_deser 2
ping_s_frame 1
payload_length = 7
ping_s_init ping_deser 2
ping_s_payload ping_deser 2
recv frame_type = 3
ping_s_time 4
ping_s_time 1
payload_length = -2
ping_s_payload ping_deser 2
C time = now_millis_last_bp
getTimeFromBreakpoint: breakpoint  = "1"
getTimeFromBreakpoint: now.tv_usec = 678000
getTimeFromBreakpoint: end.tv_usec = 25000
C time = now_millis_last_bp - timer started
C time = now_millis_last_bp - time = 1653
insertBreakpoint: name = "2"
insertBreakpoint: now.tv_sec = 946684801
insertBreakpoint: now.tv_usec = 678000
C time = now_millis
C time = now_millis - timer started
C time = now_millis - time = 1678
RECEIVING finsh
C time = now_millis_last_bp
getTimeFromBreakpoint: breakpoint  = "2"
getTimeFromBreakpoint: now.tv_usec = 678000
getTimeFromBreakpoint: end.tv_usec = 678000
C time = now_millis_last_bp - timer started
C time = now_millis_last_bp - time = 0
insertBreakpoint: name = "3"
insertBreakpoint: now.tv_sec = 946684801
insertBreakpoint: now.tv_usec = 678000
C time = now_millis
C time = now_millis - timer started
C time = now_millis - time = 1723
sending from socket: 4
port number 4990
sending to id: [[1,112,105,110,103,3,0,0,0,0,0,0,6,187]]
sending to id: client addr: 184549378 port: 4443
port number 4990
sending id finish
RECEIVING start
RECEIVING __deser
ping_s_init ping_deser 2
recv frame_type = 2
ping_s_frame 3
ping_s_init ping_deser 2
ping_s_frame 1
payload_length = 10
ping_s_init ping_deser 2
ping_s_frame 1
payload_length = 9
ping_s_init ping_deser 2
ping_s_frame 1
payload_length = 8
ping_s_init ping_deser 2
ping_s_frame 1
payload_length = 7
ping_s_init ping_deser 2
ping_s_payload ping_deser 2
recv frame_type = 3
ping_s_time 4
ping_s_time 1
payload_length = -2
ping_s_payload ping_deser 2
C time = now_millis_last_bp
getTimeFromBreakpoint: breakpoint  = "3"
getTimeFromBreakpoint: now.tv_usec = 122000
getTimeFromBreakpoint: end.tv_usec = 678000
C time = now_millis_last_bp - timer started
C time = now_millis_last_bp - time = 1444
insertBreakpoint: name = "4"
insertBreakpoint: now.tv_sec = 946684803
insertBreakpoint: now.tv_usec = 122000
C time = now_millis
C time = now_millis - timer started
C time = now_millis - time = 3122
RECEIVING finsh
C time = now_millis_last_bp
getTimeFromBreakpoint: breakpoint  = "4"
getTimeFromBreakpoint: now.tv_usec = 122000
getTimeFromBreakpoint: end.tv_usec = 122000
C time = now_millis_last_bp - timer started
C time = now_millis_last_bp - time = 0
insertBreakpoint: name = "5"
insertBreakpoint: now.tv_sec = 946684803
insertBreakpoint: now.tv_usec = 122000
C time = now_millis
C time = now_millis - timer started
C time = now_millis - time = 3137
sending from socket: 4
port number 4990
sending to id: [[1,112,105,110,103,3,0,0,0,0,0,0,12,65]]
sending to id: client addr: 184549378 port: 4443
port number 4990
sending id finish
RECEIVING start
RECEIVING __deser
ping_s_init ping_deser 2
recv frame_type = 2
ping_s_frame 3
ping_s_init ping_deser 2
ping_s_frame 1
payload_length = 10
ping_s_init ping_deser 2
ping_s_frame 1
payload_length = 9
ping_s_init ping_deser 2
ping_s_frame 1
payload_length = 8
ping_s_init ping_deser 2
ping_s_frame 1
payload_length = 7
ping_s_init ping_deser 2
ping_s_payload ping_deser 2
recv frame_type = 3
ping_s_time 4
ping_s_time 1
payload_length = -2
ping_s_payload ping_deser 2
C time = now_millis_last_bp
getTimeFromBreakpoint: breakpoint  = "5"
getTimeFromBreakpoint: now.tv_usec = 153000
getTimeFromBreakpoint: end.tv_usec = 122000
C time = now_millis_last_bp - timer started
C time = now_millis_last_bp - time = 2031
insertBreakpoint: name = "6"
insertBreakpoint: now.tv_sec = 946684805
insertBreakpoint: now.tv_usec = 153000
C time = now_millis
C time = now_millis - timer started
C time = now_millis - time = 5153
RECEIVING finsh
C time = now_millis_last_bp
getTimeFromBreakpoint: breakpoint  = "6"
getTimeFromBreakpoint: now.tv_usec = 188000
getTimeFromBreakpoint: end.tv_usec = 153000
C time = now_millis_last_bp - timer started
C time = now_millis_last_bp - time = 35
insertBreakpoint: name = "7"
insertBreakpoint: now.tv_sec = 946684805
insertBreakpoint: now.tv_usec = 188000
C time = now_millis
C time = now_millis - timer started
C time = now_millis - time = 5258
sending from socket: 4
port number 4990
sending to id: [[1,112,105,110,103,3,0,0,0,0,0,0,20,138]]
sending to id: client addr: 184549378 port: 4443
port number 4990
sending id finish
RECEIVING start
RECEIVING __deser
ping_s_init ping_deser 2
recv frame_type = 2
ping_s_frame 3
ping_s_init ping_deser 2
ping_s_frame 1
payload_length = 10
ping_s_init ping_deser 2
ping_s_frame 1
payload_length = 9
ping_s_init ping_deser 2
ping_s_frame 1
payload_length = 8
ping_s_init ping_deser 2
ping_s_frame 1
payload_length = 7
ping_s_init ping_deser 2
ping_s_payload ping_deser 2
recv frame_type = 3
ping_s_time 4
ping_s_time 1
payload_length = -2
ping_s_payload ping_deser 2
C time = now_millis_last_bp
getTimeFromBreakpoint: breakpoint  = "7"
getTimeFromBreakpoint: now.tv_usec = 567000
getTimeFromBreakpoint: end.tv_usec = 188000
C time = now_millis_last_bp - timer started
C time = now_millis_last_bp - time = 1379
insertBreakpoint: name = "8"
insertBreakpoint: now.tv_sec = 946684806
insertBreakpoint: now.tv_usec = 567000
C time = now_millis
C time = now_millis - timer started
C time = now_millis - time = 6567
RECEIVING finsh
C time = now_millis_last_bp
getTimeFromBreakpoint: breakpoint  = "8"
getTimeFromBreakpoint: now.tv_usec = 602000
getTimeFromBreakpoint: end.tv_usec = 567000
C time = now_millis_last_bp - timer started
C time = now_millis_last_bp - time = 35
insertBreakpoint: name = "9"
insertBreakpoint: now.tv_sec = 946684806
insertBreakpoint: now.tv_usec = 602000
C time = now_millis
C time = now_millis - timer started
C time = now_millis - time = 6647
sending from socket: 4
port number 4990
sending to id: [[1,112,105,110,103,3,0,0,0,0,0,0,25,247]]
sending to id: client addr: 184549378 port: 4443
port number 4990
sending id finish
RECEIVING start
RECEIVING __deser
ping_s_init ping_deser 2
recv frame_type = 2
ping_s_frame 3
ping_s_init ping_deser 2
ping_s_frame 1
payload_length = 10
ping_s_init ping_deser 2
ping_s_frame 1
payload_length = 9
ping_s_init ping_deser 2
ping_s_frame 1
payload_length = 8
ping_s_init ping_deser 2
ping_s_frame 1
payload_length = 7
ping_s_init ping_deser 2
ping_s_payload ping_deser 2
recv frame_type = 3
ping_s_time 4
ping_s_time 1
payload_length = -2
ping_s_payload ping_deser 2
C time = now_millis_last_bp
getTimeFromBreakpoint: breakpoint  = "9"
getTimeFromBreakpoint: now.tv_usec = 78000
getTimeFromBreakpoint: end.tv_usec = 602000
C time = now_millis_last_bp - timer started
C time = now_millis_last_bp - time = 1476
insertBreakpoint: name = "10"
insertBreakpoint: now.tv_sec = 946684808
insertBreakpoint: now.tv_usec = 78000
C time = now_millis
C time = now_millis - timer started
C time = now_millis - time = 8078
RECEIVING finsh
C time = now_millis_last_bp
getTimeFromBreakpoint: breakpoint  = "10"
getTimeFromBreakpoint: now.tv_usec = 78000
getTimeFromBreakpoint: end.tv_usec = 78000
C time = now_millis_last_bp - timer started
C time = now_millis_last_bp - time = 0
insertBreakpoint: name = "11"
insertBreakpoint: now.tv_sec = 946684808
insertBreakpoint: now.tv_usec = 78000
C time = now_millis
C time = now_millis - timer started
C time = now_millis - time = 8098
sending from socket: 4
port number 4990
sending to id: [[1,112,105,110,103,3,0,0,0,0,0,0,31,162]]
sending to id: client addr: 184549378 port: 4443
port number 4990
sending id finish
RECEIVING start
RECEIVING __deser
ping_s_init ping_deser 2
recv frame_type = 2
ping_s_frame 3
ping_s_init ping_deser 2
ping_s_frame 1
payload_length = 10
ping_s_init ping_deser 2
ping_s_frame 1
payload_length = 9
ping_s_init ping_deser 2
ping_s_frame 1
payload_length = 8
ping_s_init ping_deser 2
ping_s_frame 1
payload_length = 7
ping_s_init ping_deser 2
ping_s_payload ping_deser 2
recv frame_type = 3
ping_s_time 4
ping_s_time 1
payload_length = -2
ping_s_payload ping_deser 2
C time = now_millis_last_bp
getTimeFromBreakpoint: breakpoint  = "11"
getTimeFromBreakpoint: now.tv_usec = 597000
getTimeFromBreakpoint: end.tv_usec = 78000
C time = now_millis_last_bp - timer started
C time = now_millis_last_bp - time = 1519
insertBreakpoint: name = "12"
insertBreakpoint: now.tv_sec = 946684809
insertBreakpoint: now.tv_usec = 597000
C time = now_millis
C time = now_millis - timer started
C time = now_millis - time = 9597
RECEIVING finsh
C time = now_millis_last_bp
getTimeFromBreakpoint: breakpoint  = "12"
getTimeFromBreakpoint: now.tv_usec = 622000
getTimeFromBreakpoint: end.tv_usec = 597000
C time = now_millis_last_bp - timer started
C time = now_millis_last_bp - time = 25
insertBreakpoint: name = "13"
insertBreakpoint: now.tv_sec = 946684809
insertBreakpoint: now.tv_usec = 622000
C time = now_millis
C time = now_millis - timer started
C time = now_millis - time = 9647
sending from socket: 4
port number 4990
sending to id: [[1,112,105,110,103,3,0,0,0,0,0,0,37,175]]
sending to id: client addr: 184549378 port: 4443
port number 4990
sending id finish
RECEIVING start
RECEIVING __deser
ping_s_init ping_deser 2
recv frame_type = 2
ping_s_frame 3
ping_s_init ping_deser 2
ping_s_frame 1
payload_length = 10
ping_s_init ping_deser 2
ping_s_frame 1
payload_length = 9
ping_s_init ping_deser 2
ping_s_frame 1
payload_length = 8
ping_s_init ping_deser 2
ping_s_frame 1
payload_length = 7
ping_s_init ping_deser 2
ping_s_payload ping_deser 2
recv frame_type = 3
ping_s_time 4
ping_s_time 1
payload_length = -2
ping_s_payload ping_deser 2
C time = now_millis_last_bp
getTimeFromBreakpoint: breakpoint  = "13"
getTimeFromBreakpoint: now.tv_usec = 843000
getTimeFromBreakpoint: end.tv_usec = 622000
C time = now_millis_last_bp - timer started
C time = now_millis_last_bp - time = 1221
insertBreakpoint: name = "14"
insertBreakpoint: now.tv_sec = 946684810
insertBreakpoint: now.tv_usec = 843000
C time = now_millis
C time = now_millis - timer started
C time = now_millis - time = 10843
RECEIVING finsh
C time = now_millis_last_bp
getTimeFromBreakpoint: breakpoint  = "14"
getTimeFromBreakpoint: now.tv_usec = 863000
getTimeFromBreakpoint: end.tv_usec = 843000
C time = now_millis_last_bp - timer started
C time = now_millis_last_bp - time = 20
insertBreakpoint: name = "15"
insertBreakpoint: now.tv_sec = 946684810
insertBreakpoint: now.tv_usec = 863000
C time = now_millis
C time = now_millis - timer started
C time = now_millis - time = 10873
sending from socket: 4
port number 4990
sending to id: [[1,112,105,110,103,3,0,0,0,0,0,0,42,121]]
sending to id: client addr: 184549378 port: 4443
port number 4990
sending id finish
RECEIVING start
RECEIVING __deser
ping_s_init ping_deser 2
recv frame_type = 2
ping_s_frame 3
ping_s_init ping_deser 2
ping_s_frame 1
payload_length = 10
ping_s_init ping_deser 2
ping_s_frame 1
payload_length = 9
ping_s_init ping_deser 2
ping_s_frame 1
payload_length = 8
ping_s_init ping_deser 2
ping_s_frame 1
payload_length = 7
ping_s_init ping_deser 2
ping_s_payload ping_deser 2
recv frame_type = 3
ping_s_time 4
ping_s_time 1
payload_length = -2
ping_s_payload ping_deser 2
C time = now_millis_last_bp
getTimeFromBreakpoint: breakpoint  = "15"
getTimeFromBreakpoint: now.tv_usec = 729000
getTimeFromBreakpoint: end.tv_usec = 863000
C time = now_millis_last_bp - timer started
C time = now_millis_last_bp - time = 1866
insertBreakpoint: name = "16"
insertBreakpoint: now.tv_sec = 946684812
insertBreakpoint: now.tv_usec = 729000
C time = now_millis
C time = now_millis - timer started
C time = now_millis - time = 12729
RECEIVING finsh
C time = now_millis_last_bp
getTimeFromBreakpoint: breakpoint  = "16"
getTimeFromBreakpoint: now.tv_usec = 729000
getTimeFromBreakpoint: end.tv_usec = 729000
C time = now_millis_last_bp - timer started
C time = now_millis_last_bp - time = 0
insertBreakpoint: name = "17"
insertBreakpoint: now.tv_sec = 946684812
insertBreakpoint: now.tv_usec = 729000
C time = now_millis
C time = now_millis - timer started
C time = now_millis - time = 12739
sending from socket: 4
port number 4990
sending to id: [[1,112,105,110,103,3,0,0,0,0,0,0,49,195]]
sending to id: client addr: 184549378 port: 4443
port number 4990
sending id finish
RECEIVING start
RECEIVING __deser
ping_s_init ping_deser 2
recv frame_type = 2
ping_s_frame 3
ping_s_init ping_deser 2
ping_s_frame 1
payload_length = 10
ping_s_init ping_deser 2
ping_s_frame 1
payload_length = 9
ping_s_init ping_deser 2
ping_s_frame 1
payload_length = 8
ping_s_init ping_deser 2
ping_s_frame 1
payload_length = 7
ping_s_init ping_deser 2
ping_s_payload ping_deser 2
recv frame_type = 3
ping_s_time 4
ping_s_time 1
payload_length = -2
ping_s_payload ping_deser 2
C time = now_millis_last_bp
getTimeFromBreakpoint: breakpoint  = "17"
getTimeFromBreakpoint: now.tv_usec = 346000
getTimeFromBreakpoint: end.tv_usec = 729000
C time = now_millis_last_bp - timer started
C time = now_millis_last_bp - time = 1617
insertBreakpoint: name = "18"
insertBreakpoint: now.tv_sec = 946684814
insertBreakpoint: now.tv_usec = 346000
C time = now_millis
C time = now_millis - timer started
C time = now_millis - time = 14346
RECEIVING finsh
C time = now_millis_last_bp
getTimeFromBreakpoint: breakpoint  = "18"
getTimeFromBreakpoint: now.tv_usec = 346000
getTimeFromBreakpoint: end.tv_usec = 346000
C time = now_millis_last_bp - timer started
C time = now_millis_last_bp - time = 0
insertBreakpoint: name = "19"
insertBreakpoint: now.tv_sec = 946684814
insertBreakpoint: now.tv_usec = 346000
C time = now_millis
C time = now_millis - timer started
C time = now_millis - time = 14376
sending from socket: 4
port number 4990
sending to id: [[1,112,105,110,103,3,0,0,0,0,0,0,56,40]]
sending to id: client addr: 184549378 port: 4443
port number 4990
sending id finish
RECEIVING start
RECEIVING __deser
ping_s_init ping_deser 2
recv frame_type = 2
ping_s_frame 3
ping_s_init ping_deser 2
ping_s_frame 1
payload_length = 10
ping_s_init ping_deser 2
ping_s_frame 1
payload_length = 9
ping_s_init ping_deser 2
ping_s_frame 1
payload_length = 8
ping_s_init ping_deser 2
ping_s_frame 1
payload_length = 7
ping_s_init ping_deser 2
ping_s_payload ping_deser 2
recv frame_type = 3
ping_s_time 4
ping_s_time 1
payload_length = -2
ping_s_payload ping_deser 2
C time = now_millis_last_bp
getTimeFromBreakpoint: breakpoint  = "19"
getTimeFromBreakpoint: now.tv_usec = 82000
getTimeFromBreakpoint: end.tv_usec = 346000
C time = now_millis_last_bp - timer started
C time = now_millis_last_bp - time = 1736
insertBreakpoint: name = "20"
insertBreakpoint: now.tv_sec = 946684816
insertBreakpoint: now.tv_usec = 82000
C time = now_millis
C time = now_millis - timer started
C time = now_millis - time = 16082
RECEIVING finsh
C time = now_millis_last_bp
getTimeFromBreakpoint: breakpoint  = "20"
getTimeFromBreakpoint: now.tv_usec = 117000
getTimeFromBreakpoint: end.tv_usec = 82000
C time = now_millis_last_bp - timer started
C time = now_millis_last_bp - time = 35
insertBreakpoint: name = "21"
insertBreakpoint: now.tv_sec = 946684816
insertBreakpoint: now.tv_usec = 117000
C time = now_millis
C time = now_millis - timer started
C time = now_millis - time = 16122
sending from socket: 4
port number 4990
sending to id: [[1,112,105,110,103,3,0,0,0,0,0,0,62,250]]
sending to id: client addr: 184549378 port: 4443
port number 4990
sending id finish
RECEIVING start
RECEIVING __deser
ping_s_init ping_deser 2
recv frame_type = 2
ping_s_frame 3
ping_s_init ping_deser 2
ping_s_frame 1
payload_length = 10
ping_s_init ping_deser 2
ping_s_frame 1
payload_length = 9
ping_s_init ping_deser 2
ping_s_frame 1
payload_length = 8
ping_s_init ping_deser 2
ping_s_frame 1
payload_length = 7
ping_s_init ping_deser 2
ping_s_payload ping_deser 2
recv frame_type = 3
ping_s_time 4
ping_s_time 1
payload_length = -2
ping_s_payload ping_deser 2
C time = now_millis_last_bp
getTimeFromBreakpoint: breakpoint  = "21"
getTimeFromBreakpoint: now.tv_usec = 305000
getTimeFromBreakpoint: end.tv_usec = 117000
C time = now_millis_last_bp - timer started
C time = now_millis_last_bp - time = 1188
insertBreakpoint: name = "22"
insertBreakpoint: now.tv_sec = 946684817
insertBreakpoint: now.tv_usec = 305000
C time = now_millis
C time = now_millis - timer started
C time = now_millis - time = 17305
RECEIVING finsh
C time = now_millis_last_bp
getTimeFromBreakpoint: breakpoint  = "22"
getTimeFromBreakpoint: now.tv_usec = 310000
getTimeFromBreakpoint: end.tv_usec = 305000
C time = now_millis_last_bp - timer started
C time = now_millis_last_bp - time = 5
insertBreakpoint: name = "23"
insertBreakpoint: now.tv_sec = 946684817
insertBreakpoint: now.tv_usec = 310000
C time = now_millis
C time = now_millis - timer started
C time = now_millis - time = 17325
sending from socket: 4
port number 4990
sending to id: [[1,112,105,110,103,3,0,0,0,0,0,0,67,173]]
sending to id: client addr: 184549378 port: 4443
port number 4990
sending id finish
RECEIVING start
RECEIVING __deser
ping_s_init ping_deser 2
recv frame_type = 2
ping_s_frame 3
ping_s_init ping_deser 2
ping_s_frame 1
payload_length = 10
ping_s_init ping_deser 2
ping_s_frame 1
payload_length = 9
ping_s_init ping_deser 2
ping_s_frame 1
payload_length = 8
ping_s_init ping_deser 2
ping_s_frame 1
payload_length = 7
ping_s_init ping_deser 2
ping_s_payload ping_deser 2
recv frame_type = 3
ping_s_time 4
ping_s_time 1
payload_length = -2
ping_s_payload ping_deser 2
C time = now_millis_last_bp
getTimeFromBreakpoint: breakpoint  = "23"
getTimeFromBreakpoint: now.tv_usec = 150000
getTimeFromBreakpoint: end.tv_usec = 310000
C time = now_millis_last_bp - timer started
C time = now_millis_last_bp - time = 1840
insertBreakpoint: name = "24"
insertBreakpoint: now.tv_sec = 946684819
insertBreakpoint: now.tv_usec = 150000
C time = now_millis
C time = now_millis - timer started
C time = now_millis - time = 19150
RECEIVING finsh
C time = now_millis_last_bp
getTimeFromBreakpoint: breakpoint  = "24"
getTimeFromBreakpoint: now.tv_usec = 195000
getTimeFromBreakpoint: end.tv_usec = 150000
C time = now_millis_last_bp - timer started
C time = now_millis_last_bp - time = 45
insertBreakpoint: name = "25"
insertBreakpoint: now.tv_sec = 946684819
insertBreakpoint: now.tv_usec = 195000
C time = now_millis
C time = now_millis - timer started
C time = now_millis - time = 19220
sending from socket: 4
port number 4990
sending to id: [[1,112,105,110,103,3,0,0,0,0,0,0,75,20]]
sending to id: client addr: 184549378 port: 4443
port number 4990
sending id finish
RECEIVING start
RECEIVING __deser
ping_s_init ping_deser 2
recv frame_type = 2
ping_s_frame 3
ping_s_init ping_deser 2
ping_s_frame 1
payload_length = 10
ping_s_init ping_deser 2
ping_s_frame 1
payload_length = 9
ping_s_init ping_deser 2
ping_s_frame 1
payload_length = 8
ping_s_init ping_deser 2
ping_s_frame 1
payload_length = 7
ping_s_init ping_deser 2
ping_s_payload ping_deser 2
recv frame_type = 3
ping_s_time 4
ping_s_time 1
payload_length = -2
ping_s_payload ping_deser 2
C time = now_millis_last_bp
getTimeFromBreakpoint: breakpoint  = "25"
getTimeFromBreakpoint: now.tv_usec = 766000
getTimeFromBreakpoint: end.tv_usec = 195000
C time = now_millis_last_bp - timer started
C time = now_millis_last_bp - time = 1571
insertBreakpoint: name = "26"
insertBreakpoint: now.tv_sec = 946684820
insertBreakpoint: now.tv_usec = 766000
C time = now_millis
C time = now_millis - timer started
C time = now_millis - time = 20766
RECEIVING finsh
C time = now_millis_last_bp
getTimeFromBreakpoint: breakpoint  = "26"
getTimeFromBreakpoint: now.tv_usec = 786000
getTimeFromBreakpoint: end.tv_usec = 766000
C time = now_millis_last_bp - timer started
C time = now_millis_last_bp - time = 20
insertBreakpoint: name = "27"
insertBreakpoint: now.tv_sec = 946684820
insertBreakpoint: now.tv_usec = 786000
C time = now_millis
C time = now_millis - timer started
C time = now_millis - time = 20811
sending from socket: 4
port number 4990
sending to id: [[1,112,105,110,103,3,0,0,0,0,0,0,81,75]]
sending to id: client addr: 184549378 port: 4443
port number 4990
sending id finish
RECEIVING start
RECEIVING __deser
ping_s_init ping_deser 2
recv frame_type = 2
ping_s_frame 3
ping_s_init ping_deser 2
ping_s_frame 1
payload_length = 10
ping_s_init ping_deser 2
ping_s_frame 1
payload_length = 9
ping_s_init ping_deser 2
ping_s_frame 1
payload_length = 8
ping_s_init ping_deser 2
ping_s_frame 1
payload_length = 7
ping_s_init ping_deser 2
ping_s_payload ping_deser 2
recv frame_type = 3
ping_s_time 4
ping_s_time 1
payload_length = -2
ping_s_payload ping_deser 2
C time = now_millis_last_bp
getTimeFromBreakpoint: breakpoint  = "27"
getTimeFromBreakpoint: now.tv_usec = 337000
getTimeFromBreakpoint: end.tv_usec = 786000
C time = now_millis_last_bp - timer started
C time = now_millis_last_bp - time = 1551
insertBreakpoint: name = "28"
insertBreakpoint: now.tv_sec = 946684822
insertBreakpoint: now.tv_usec = 337000
C time = now_millis
C time = now_millis - timer started
C time = now_millis - time = 22337
RECEIVING finsh
C time = now_millis_last_bp
getTimeFromBreakpoint: breakpoint  = "28"
getTimeFromBreakpoint: now.tv_usec = 367000
getTimeFromBreakpoint: end.tv_usec = 337000
C time = now_millis_last_bp - timer started
C time = now_millis_last_bp - time = 30
insertBreakpoint: name = "29"
insertBreakpoint: now.tv_sec = 946684822
insertBreakpoint: now.tv_usec = 367000
C time = now_millis
C time = now_millis - timer started
C time = now_millis - time = 22397
sending from socket: 4
port number 4990
sending to id: [[1,112,105,110,103,3,0,0,0,0,0,0,87,125]]
sending to id: client addr: 184549378 port: 4443
port number 4990
sending id finish
RECEIVING start
RECEIVING __deser
ping_s_init ping_deser 2
recv frame_type = 2
ping_s_frame 3
ping_s_init ping_deser 2
ping_s_frame 1
payload_length = 10
ping_s_init ping_deser 2
ping_s_frame 1
payload_length = 9
ping_s_init ping_deser 2
ping_s_frame 1
payload_length = 8
ping_s_init ping_deser 2
ping_s_frame 1
payload_length = 7
ping_s_init ping_deser 2
ping_s_payload ping_deser 2
recv frame_type = 3
ping_s_time 4
ping_s_time 1
payload_length = -2
ping_s_payload ping_deser 2
C time = now_millis_last_bp
getTimeFromBreakpoint: breakpoint  = "29"
getTimeFromBreakpoint: now.tv_usec = 15000
getTimeFromBreakpoint: end.tv_usec = 367000
C time = now_millis_last_bp - timer started
C time = now_millis_last_bp - time = 1648
insertBreakpoint: name = "30"
insertBreakpoint: now.tv_sec = 946684824
insertBreakpoint: now.tv_usec = 15000
C time = now_millis
C time = now_millis - timer started
C time = now_millis - time = 24015
RECEIVING finsh
C time = now_millis_last_bp
getTimeFromBreakpoint: breakpoint  = "30"
getTimeFromBreakpoint: now.tv_usec = 20000
getTimeFromBreakpoint: end.tv_usec = 15000
C time = now_millis_last_bp - timer started
C time = now_millis_last_bp - time = 5
insertBreakpoint: name = "31"
insertBreakpoint: now.tv_sec = 946684824
insertBreakpoint: now.tv_usec = 20000
C time = now_millis
C time = now_millis - timer started
C time = now_millis - time = 24110
sending from socket: 4
port number 4990
sending to id: [[1,112,105,110,103,3,0,0,0,0,0,0,94,46]]
sending to id: client addr: 184549378 port: 4443
port number 4990
sending id finish
RECEIVING start
RECEIVING __deser
ping_s_init ping_deser 2
recv frame_type = 2
ping_s_frame 3
ping_s_init ping_deser 2
ping_s_frame 1
payload_length = 10
ping_s_init ping_deser 2
ping_s_frame 1
payload_length = 9
ping_s_init ping_deser 2
ping_s_frame 1
payload_length = 8
ping_s_init ping_deser 2
ping_s_frame 1
payload_length = 7
ping_s_init ping_deser 2
ping_s_payload ping_deser 2
recv frame_type = 3
ping_s_time 4
ping_s_time 1
payload_length = -2
ping_s_payload ping_deser 2
C time = now_millis_last_bp
getTimeFromBreakpoint: breakpoint  = "31"
getTimeFromBreakpoint: now.tv_usec = 458000
getTimeFromBreakpoint: end.tv_usec = 20000
C time = now_millis_last_bp - timer started
C time = now_millis_last_bp - time = 1438
insertBreakpoint: name = "32"
insertBreakpoint: now.tv_sec = 946684825
insertBreakpoint: now.tv_usec = 458000
C time = now_millis
C time = now_millis - timer started
C time = now_millis - time = 25458
RECEIVING finsh
C time = now_millis_last_bp
getTimeFromBreakpoint: breakpoint  = "32"
getTimeFromBreakpoint: now.tv_usec = 468000
getTimeFromBreakpoint: end.tv_usec = 458000
C time = now_millis_last_bp - timer started
C time = now_millis_last_bp - time = 10
insertBreakpoint: name = "33"
insertBreakpoint: now.tv_sec = 946684825
insertBreakpoint: now.tv_usec = 468000
C time = now_millis
C time = now_millis - timer started
C time = now_millis - time = 25468
sending from socket: 4
port number 4990
sending to id: [[1,112,105,110,103,3,0,0,0,0,0,0,99,124]]
sending to id: client addr: 184549378 port: 4443
port number 4990
sending id finish
RECEIVING start
RECEIVING __deser
ping_s_init ping_deser 2
recv frame_type = 2
ping_s_frame 3
ping_s_init ping_deser 2
ping_s_frame 1
payload_length = 10
ping_s_init ping_deser 2
ping_s_frame 1
payload_length = 9
ping_s_init ping_deser 2
ping_s_frame 1
payload_length = 8
ping_s_init ping_deser 2
ping_s_frame 1
payload_length = 7
ping_s_init ping_deser 2
ping_s_payload ping_deser 2
recv frame_type = 3
ping_s_time 4
ping_s_time 1
payload_length = -2
ping_s_payload ping_deser 2
C time = now_millis_last_bp
getTimeFromBreakpoint: breakpoint  = "33"
getTimeFromBreakpoint: now.tv_usec = 321000
getTimeFromBreakpoint: end.tv_usec = 468000
C time = now_millis_last_bp - timer started
C time = now_millis_last_bp - time = 1853
insertBreakpoint: name = "34"
insertBreakpoint: now.tv_sec = 946684827
insertBreakpoint: now.tv_usec = 321000
C time = now_millis
C time = now_millis - timer started
C time = now_millis - time = 27321
RECEIVING finsh
C time = now_millis_last_bp
getTimeFromBreakpoint: breakpoint  = "34"
getTimeFromBreakpoint: now.tv_usec = 346000
getTimeFromBreakpoint: end.tv_usec = 321000
C time = now_millis_last_bp - timer started
C time = now_millis_last_bp - time = 25
insertBreakpoint: name = "35"
insertBreakpoint: now.tv_sec = 946684827
insertBreakpoint: now.tv_usec = 346000
C time = now_millis
C time = now_millis - timer started
C time = now_millis - time = 27391
sending from socket: 4
port number 4990
sending to id: [[1,112,105,110,103,3,0,0,0,0,0,0,106,255]]
sending to id: client addr: 184549378 port: 4443
port number 4990
sending id finish
RECEIVING start
RECEIVING __deser
ping_s_init ping_deser 2
recv frame_type = 2
ping_s_frame 3
ping_s_init ping_deser 2
ping_s_frame 1
payload_length = 10
ping_s_init ping_deser 2
ping_s_frame 1
payload_length = 9
ping_s_init ping_deser 2
ping_s_frame 1
payload_length = 8
ping_s_init ping_deser 2
ping_s_frame 1
payload_length = 7
ping_s_init ping_deser 2
ping_s_payload ping_deser 2
recv frame_type = 3
ping_s_time 4
ping_s_time 1
payload_length = -2
ping_s_payload ping_deser 2
C time = now_millis_last_bp
getTimeFromBreakpoint: breakpoint  = "35"
getTimeFromBreakpoint: now.tv_usec = 97000
getTimeFromBreakpoint: end.tv_usec = 346000
C time = now_millis_last_bp - timer started
C time = now_millis_last_bp - time = 1751
insertBreakpoint: name = "36"
insertBreakpoint: now.tv_sec = 946684829
insertBreakpoint: now.tv_usec = 97000
C time = now_millis
C time = now_millis - timer started
C time = now_millis - time = 29097
RECEIVING finsh
C time = now_millis_last_bp
getTimeFromBreakpoint: breakpoint  = "36"
getTimeFromBreakpoint: now.tv_usec = 107000
getTimeFromBreakpoint: end.tv_usec = 97000
C time = now_millis_last_bp - timer started
C time = now_millis_last_bp - time = 10
insertBreakpoint: name = "37"
insertBreakpoint: now.tv_sec = 946684829
insertBreakpoint: now.tv_usec = 107000
C time = now_millis
C time = now_millis - timer started
C time = now_millis - time = 29132
sending from socket: 4
port number 4990
sending to id: [[1,112,105,110,103,3,0,0,0,0,0,0,113,204]]
sending to id: client addr: 184549378 port: 4443
port number 4990
sending id finish
RECEIVING start
RECEIVING __deser
ping_s_init ping_deser 2
recv frame_type = 2
ping_s_frame 3
ping_s_init ping_deser 2
ping_s_frame 1
payload_length = 10
ping_s_init ping_deser 2
ping_s_frame 1
payload_length = 9
ping_s_init ping_deser 2
ping_s_frame 1
payload_length = 8
ping_s_init ping_deser 2
ping_s_frame 1
payload_length = 7
ping_s_init ping_deser 2
ping_s_payload ping_deser 2
recv frame_type = 3
ping_s_time 4
ping_s_time 1
payload_length = -2
ping_s_payload ping_deser 2
C time = now_millis_last_bp
getTimeFromBreakpoint: breakpoint  = "37"
getTimeFromBreakpoint: now.tv_usec = 721000
getTimeFromBreakpoint: end.tv_usec = 107000
C time = now_millis_last_bp - timer started
C time = now_millis_last_bp - time = 1614
insertBreakpoint: name = "38"
insertBreakpoint: now.tv_sec = 946684830
insertBreakpoint: now.tv_usec = 721000
C time = now_millis
C time = now_millis - timer started
C time = now_millis - time = 30721
RECEIVING finsh
C time = now_millis_last_bp
getTimeFromBreakpoint: breakpoint  = "38"
getTimeFromBreakpoint: now.tv_usec = 756000
getTimeFromBreakpoint: end.tv_usec = 721000
C time = now_millis_last_bp - timer started
C time = now_millis_last_bp - time = 35
insertBreakpoint: name = "39"
insertBreakpoint: now.tv_sec = 946684830
insertBreakpoint: now.tv_usec = 756000
C time = now_millis
C time = now_millis - timer started
C time = now_millis - time = 30761
sending from socket: 4
port number 4990
sending to id: [[1,112,105,110,103,3,0,0,0,0,0,0,120,41]]
sending to id: client addr: 184549378 port: 4443
port number 4990
sending id finish
RECEIVING start
RECEIVING __deser
ping_s_init ping_deser 2
recv frame_type = 2
ping_s_frame 3
ping_s_init ping_deser 2
ping_s_frame 1
payload_length = 10
ping_s_init ping_deser 2
ping_s_frame 1
payload_length = 9
ping_s_init ping_deser 2
ping_s_frame 1
payload_length = 8
ping_s_init ping_deser 2
ping_s_frame 1
payload_length = 7
ping_s_init ping_deser 2
ping_s_payload ping_deser 2
recv frame_type = 3
ping_s_time 4
ping_s_time 1
payload_length = -2
ping_s_payload ping_deser 2
C time = now_millis_last_bp
getTimeFromBreakpoint: breakpoint  = "39"
getTimeFromBreakpoint: now.tv_usec = 378000
getTimeFromBreakpoint: end.tv_usec = 756000
C time = now_millis_last_bp - timer started
C time = now_millis_last_bp - time = 1622
insertBreakpoint: name = "40"
insertBreakpoint: now.tv_sec = 946684832
insertBreakpoint: now.tv_usec = 378000
C time = now_millis
C time = now_millis - timer started
C time = now_millis - time = 32378
RECEIVING finsh
C time = now_millis_last_bp
getTimeFromBreakpoint: breakpoint  = "40"
getTimeFromBreakpoint: now.tv_usec = 438000
getTimeFromBreakpoint: end.tv_usec = 378000
C time = now_millis_last_bp - timer started
C time = now_millis_last_bp - time = 60
insertBreakpoint: name = "41"
insertBreakpoint: now.tv_sec = 946684832
insertBreakpoint: now.tv_usec = 438000
C time = now_millis
C time = now_millis - timer started
C time = now_millis - time = 32463
sending from socket: 4
port number 4990
sending to id: [[1,112,105,110,103,3,0,0,0,0,0,0,126,207]]
sending to id: client addr: 184549378 port: 4443
port number 4990
sending id finish
RECEIVING start
RECEIVING __deser
ping_s_init ping_deser 2
recv frame_type = 2
ping_s_frame 3
ping_s_init ping_deser 2
ping_s_frame 1
payload_length = 10
ping_s_init ping_deser 2
ping_s_frame 1
payload_length = 9
ping_s_init ping_deser 2
ping_s_frame 1
payload_length = 8
ping_s_init ping_deser 2
ping_s_frame 1
payload_length = 7
ping_s_init ping_deser 2
ping_s_payload ping_deser 2
recv frame_type = 3
ping_s_time 4
ping_s_time 1
payload_length = -2
ping_s_payload ping_deser 2
C time = now_millis_last_bp
getTimeFromBreakpoint: breakpoint  = "41"
getTimeFromBreakpoint: now.tv_usec = 554000
getTimeFromBreakpoint: end.tv_usec = 438000
C time = now_millis_last_bp - timer started
C time = now_millis_last_bp - time = 1116
insertBreakpoint: name = "42"
insertBreakpoint: now.tv_sec = 946684833
insertBreakpoint: now.tv_usec = 554000
C time = now_millis
C time = now_millis - timer started
C time = now_millis - time = 33554
RECEIVING finsh
C time = now_millis_last_bp
getTimeFromBreakpoint: breakpoint  = "42"
getTimeFromBreakpoint: now.tv_usec = 564000
getTimeFromBreakpoint: end.tv_usec = 554000
C time = now_millis_last_bp - timer started
C time = now_millis_last_bp - time = 10
insertBreakpoint: name = "43"
insertBreakpoint: now.tv_sec = 946684833
insertBreakpoint: now.tv_usec = 564000
C time = now_millis
C time = now_millis - timer started
C time = now_millis - time = 33579
sending from socket: 4
port number 4990
sending to id: [[1,112,105,110,103,3,0,0,0,0,0,0,131,43]]
sending to id: client addr: 184549378 port: 4443
port number 4990
sending id finish
RECEIVING start
RECEIVING __deser
ping_s_init ping_deser 2
recv frame_type = 2
ping_s_frame 3
ping_s_init ping_deser 2
ping_s_frame 1
payload_length = 10
ping_s_init ping_deser 2
ping_s_frame 1
payload_length = 9
ping_s_init ping_deser 2
ping_s_frame 1
payload_length = 8
ping_s_init ping_deser 2
ping_s_frame 1
payload_length = 7
ping_s_init ping_deser 2
ping_s_payload ping_deser 2
recv frame_type = 3
ping_s_time 4
ping_s_time 1
payload_length = -2
ping_s_payload ping_deser 2
C time = now_millis_last_bp
getTimeFromBreakpoint: breakpoint  = "43"
getTimeFromBreakpoint: now.tv_usec = 940000
getTimeFromBreakpoint: end.tv_usec = 564000
C time = now_millis_last_bp - timer started
C time = now_millis_last_bp - time = 1376
insertBreakpoint: name = "44"
insertBreakpoint: now.tv_sec = 946684834
insertBreakpoint: now.tv_usec = 940000
C time = now_millis
C time = now_millis - timer started
C time = now_millis - time = 34940
RECEIVING finsh
C time = now_millis_last_bp
getTimeFromBreakpoint: breakpoint  = "44"
getTimeFromBreakpoint: now.tv_usec = 945000
getTimeFromBreakpoint: end.tv_usec = 940000
C time = now_millis_last_bp - timer started
C time = now_millis_last_bp - time = 5
insertBreakpoint: name = "45"
insertBreakpoint: now.tv_sec = 946684834
insertBreakpoint: now.tv_usec = 945000
C time = now_millis
C time = now_millis - timer started
C time = now_millis - time = 35000
sending from socket: 4
port number 4990
sending to id: [[1,112,105,110,103,3,0,0,0,0,0,0,136,184]]
sending to id: client addr: 184549378 port: 4443
port number 4990
sending id finish
RECEIVING start
RECEIVING __deser
ping_s_init ping_deser 2
recv frame_type = 2
ping_s_frame 3
ping_s_init ping_deser 2
ping_s_frame 1
payload_length = 10
ping_s_init ping_deser 2
ping_s_frame 1
payload_length = 9
ping_s_init ping_deser 2
ping_s_frame 1
payload_length = 8
ping_s_init ping_deser 2
ping_s_frame 1
payload_length = 7
ping_s_init ping_deser 2
ping_s_payload ping_deser 2
recv frame_type = 3
ping_s_time 4
ping_s_time 1
payload_length = -2
ping_s_payload ping_deser 2
C time = now_millis_last_bp
getTimeFromBreakpoint: breakpoint  = "45"
getTimeFromBreakpoint: now.tv_usec = 759000
getTimeFromBreakpoint: end.tv_usec = 945000
C time = now_millis_last_bp - timer started
C time = now_millis_last_bp - time = 1814
insertBreakpoint: name = "46"
insertBreakpoint: now.tv_sec = 946684836
insertBreakpoint: now.tv_usec = 759000
C time = now_millis
C time = now_millis - timer started
C time = now_millis - time = 36759
RECEIVING finsh
C time = now_millis_last_bp
getTimeFromBreakpoint: breakpoint  = "46"
getTimeFromBreakpoint: now.tv_usec = 759000
getTimeFromBreakpoint: end.tv_usec = 759000
C time = now_millis_last_bp - timer started
C time = now_millis_last_bp - time = 0
insertBreakpoint: name = "47"
insertBreakpoint: now.tv_sec = 946684836
insertBreakpoint: now.tv_usec = 759000
C time = now_millis
C time = now_millis - timer started
C time = now_millis - time = 36774
sending from socket: 4
port number 4990
sending to id: [[1,112,105,110,103,3,0,0,0,0,0,0,143,166]]
sending to id: client addr: 184549378 port: 4443
port number 4990
sending id finish
RECEIVING start
RECEIVING __deser
ping_s_init ping_deser 2
recv frame_type = 2
ping_s_frame 3
ping_s_init ping_deser 2
ping_s_frame 1
payload_length = 10
ping_s_init ping_deser 2
ping_s_frame 1
payload_length = 9
ping_s_init ping_deser 2
ping_s_frame 1
payload_length = 8
ping_s_init ping_deser 2
ping_s_frame 1
payload_length = 7
ping_s_init ping_deser 2
ping_s_payload ping_deser 2
recv frame_type = 3
ping_s_time 4
ping_s_time 1
payload_length = -2
ping_s_payload ping_deser 2
C time = now_millis_last_bp
getTimeFromBreakpoint: breakpoint  = "47"
getTimeFromBreakpoint: now.tv_usec = 706000
getTimeFromBreakpoint: end.tv_usec = 759000
C time = now_millis_last_bp - timer started
C time = now_millis_last_bp - time = 1947
insertBreakpoint: name = "48"
insertBreakpoint: now.tv_sec = 946684838
insertBreakpoint: now.tv_usec = 706000
C time = now_millis
C time = now_millis - timer started
C time = now_millis - time = 38706
RECEIVING finsh
C time = now_millis_last_bp
getTimeFromBreakpoint: breakpoint  = "48"
getTimeFromBreakpoint: now.tv_usec = 706000
getTimeFromBreakpoint: end.tv_usec = 706000
C time = now_millis_last_bp - timer started
C time = now_millis_last_bp - time = 0
insertBreakpoint: name = "49"
insertBreakpoint: now.tv_sec = 946684838
insertBreakpoint: now.tv_usec = 706000
C time = now_millis
C time = now_millis - timer started
C time = now_millis - time = 38731
sending from socket: 4
port number 4990
sending to id: [[1,112,105,110,103,3,0,0,0,0,0,0,151,75]]
sending to id: client addr: 184549378 port: 4443
port number 4990
sending id finish
