"http_request_file.txt"
PROOTPATH 5b /PFV
"/PFV/Protocols-Ivy/doc/examples/quic/ping/http_request_file.txt"
3
COUCOU
[112]
[112,105]
[112,105,110]
[112,105,110,103]
[112,105,110,103]
C time = start
insertBreakpoint: name = "0"
insertBreakpoint: now.tv_sec = 946684805
insertBreakpoint: now.tv_usec = 0
insertBreakpoint: name false = "0"
insertBreakpoint: end_ms false = 0
insertBreakpoint: breakpoints_ms.count(name) false = 1
SOCKET 4
source port number 0
binding client id: client addr: 184549377 port: 4990
source port number 4990
installing reader 2
C time = now_millis_last_bp
getTimeFromBreakpoint: breakpoint  = "0"
getTimeFromBreakpoint: now.tv_usec = 90000
getTimeFromBreakpoint: end.tv_usec = 0
C time = now_millis_last_bp - timer started
C time = now_millis_last_bp - time = 90
insertBreakpoint: name = "1"
insertBreakpoint: now.tv_sec = 946684805
insertBreakpoint: now.tv_usec = 90000
C time = now_millis
C time = now_millis - timer started
C time = now_millis - time = 105
sending from socket: 4
port number 4990
sending to id: [[1,112,105,110,103,3,0,0,0,0,0,0,0,105]]
sending to id: client addr: 184549378 port: 4443
port number 4990
sending id finish
RECEIVING start
RECEIVING __deser
ping_s_init ping_deser 2
recv frame_type = 2
ping_s_frame 3
ping_s_init ping_deser 2
ping_s_frame 1
payload_length = 10
ping_s_init ping_deser 2
ping_s_frame 1
payload_length = 9
ping_s_init ping_deser 2
ping_s_frame 1
payload_length = 8
ping_s_init ping_deser 2
ping_s_frame 1
payload_length = 7
ping_s_init ping_deser 2
ping_s_payload ping_deser 2
recv frame_type = 3
ping_s_time 4
ping_s_time 1
payload_length = -2
ping_s_payload ping_deser 2
C time = now_millis_last_bp
getTimeFromBreakpoint: breakpoint  = "1"
getTimeFromBreakpoint: now.tv_usec = 379000
getTimeFromBreakpoint: end.tv_usec = 90000
C time = now_millis_last_bp - timer started
C time = now_millis_last_bp - time = 1289
insertBreakpoint: name = "2"
insertBreakpoint: now.tv_sec = 946684806
insertBreakpoint: now.tv_usec = 379000
C time = now_millis
C time = now_millis - timer started
C time = now_millis - time = 1379
RECEIVING finsh
C time = now_millis_last_bp
getTimeFromBreakpoint: breakpoint  = "2"
getTimeFromBreakpoint: now.tv_usec = 409000
getTimeFromBreakpoint: end.tv_usec = 379000
C time = now_millis_last_bp - timer started
C time = now_millis_last_bp - time = 30
insertBreakpoint: name = "3"
insertBreakpoint: now.tv_sec = 946684806
insertBreakpoint: now.tv_usec = 409000
C time = now_millis
C time = now_millis - timer started
C time = now_millis - time = 1414
sending from socket: 4
port number 4990
sending to id: [[1,112,105,110,103,3,0,0,0,0,0,0,5,134]]
sending to id: client addr: 184549378 port: 4443
port number 4990
sending id finish
RECEIVING start
RECEIVING __deser
ping_s_init ping_deser 2
recv frame_type = 2
ping_s_frame 3
ping_s_init ping_deser 2
ping_s_frame 1
payload_length = 10
ping_s_init ping_deser 2
ping_s_frame 1
payload_length = 9
ping_s_init ping_deser 2
ping_s_frame 1
payload_length = 8
ping_s_init ping_deser 2
ping_s_frame 1
payload_length = 7
ping_s_init ping_deser 2
ping_s_payload ping_deser 2
recv frame_type = 3
ping_s_time 4
ping_s_time 1
payload_length = -2
ping_s_payload ping_deser 2
C time = now_millis_last_bp
getTimeFromBreakpoint: breakpoint  = "3"
getTimeFromBreakpoint: now.tv_usec = 905000
getTimeFromBreakpoint: end.tv_usec = 409000
C time = now_millis_last_bp - timer started
C time = now_millis_last_bp - time = 1496
insertBreakpoint: name = "4"
insertBreakpoint: now.tv_sec = 946684807
insertBreakpoint: now.tv_usec = 905000
C time = now_millis
C time = now_millis - timer started
C time = now_millis - time = 2905
RECEIVING finsh
C time = now_millis_last_bp
getTimeFromBreakpoint: breakpoint  = "4"
getTimeFromBreakpoint: now.tv_usec = 950000
getTimeFromBreakpoint: end.tv_usec = 905000
C time = now_millis_last_bp - timer started
C time = now_millis_last_bp - time = 45
insertBreakpoint: name = "5"
insertBreakpoint: now.tv_sec = 946684807
insertBreakpoint: now.tv_usec = 950000
C time = now_millis
C time = now_millis - timer started
C time = now_millis - time = 2950
sending from socket: 4
port number 4990
sending to id: [[1,112,105,110,103,3,0,0,0,0,0,0,11,134]]
sending to id: client addr: 184549378 port: 4443
port number 4990
sending id finish
RECEIVING start
RECEIVING __deser
ping_s_init ping_deser 2
recv frame_type = 2
ping_s_frame 3
ping_s_init ping_deser 2
ping_s_frame 1
payload_length = 10
ping_s_init ping_deser 2
ping_s_frame 1
payload_length = 9
ping_s_init ping_deser 2
ping_s_frame 1
payload_length = 8
ping_s_init ping_deser 2
ping_s_frame 1
payload_length = 7
ping_s_init ping_deser 2
ping_s_payload ping_deser 2
recv frame_type = 3
ping_s_time 4
ping_s_time 1
payload_length = -2
ping_s_payload ping_deser 2
C time = now_millis_last_bp
getTimeFromBreakpoint: breakpoint  = "5"
getTimeFromBreakpoint: now.tv_usec = 514000
getTimeFromBreakpoint: end.tv_usec = 950000
C time = now_millis_last_bp - timer started
C time = now_millis_last_bp - time = 1564
insertBreakpoint: name = "6"
insertBreakpoint: now.tv_sec = 946684809
insertBreakpoint: now.tv_usec = 514000
C time = now_millis
C time = now_millis - timer started
C time = now_millis - time = 4514
RECEIVING finsh
C time = now_millis_last_bp
getTimeFromBreakpoint: breakpoint  = "6"
getTimeFromBreakpoint: now.tv_usec = 554000
getTimeFromBreakpoint: end.tv_usec = 514000
C time = now_millis_last_bp - timer started
C time = now_millis_last_bp - time = 40
insertBreakpoint: name = "7"
insertBreakpoint: now.tv_sec = 946684809
insertBreakpoint: now.tv_usec = 554000
C time = now_millis
C time = now_millis - timer started
C time = now_millis - time = 4559
sending from socket: 4
port number 4990
sending to id: [[1,112,105,110,103,3,0,0,0,0,0,0,17,207]]
sending to id: client addr: 184549378 port: 4443
port number 4990
sending id finish
RECEIVING start
RECEIVING __deser
ping_s_init ping_deser 2
recv frame_type = 2
ping_s_frame 3
ping_s_init ping_deser 2
ping_s_frame 1
payload_length = 10
ping_s_init ping_deser 2
ping_s_frame 1
payload_length = 9
ping_s_init ping_deser 2
ping_s_frame 1
payload_length = 8
ping_s_init ping_deser 2
ping_s_frame 1
payload_length = 7
ping_s_init ping_deser 2
ping_s_payload ping_deser 2
recv frame_type = 3
ping_s_time 4
ping_s_time 1
payload_length = -2
ping_s_payload ping_deser 2
C time = now_millis_last_bp
getTimeFromBreakpoint: breakpoint  = "7"
getTimeFromBreakpoint: now.tv_usec = 800000
getTimeFromBreakpoint: end.tv_usec = 554000
C time = now_millis_last_bp - timer started
C time = now_millis_last_bp - time = 1246
insertBreakpoint: name = "8"
insertBreakpoint: now.tv_sec = 946684810
insertBreakpoint: now.tv_usec = 800000
C time = now_millis
C time = now_millis - timer started
C time = now_millis - time = 5800
RECEIVING finsh
C time = now_millis_last_bp
getTimeFromBreakpoint: breakpoint  = "8"
getTimeFromBreakpoint: now.tv_usec = 815000
getTimeFromBreakpoint: end.tv_usec = 800000
C time = now_millis_last_bp - timer started
C time = now_millis_last_bp - time = 15
insertBreakpoint: name = "9"
insertBreakpoint: now.tv_sec = 946684810
insertBreakpoint: now.tv_usec = 815000
C time = now_millis
C time = now_millis - timer started
C time = now_millis - time = 5855
sending from socket: 4
port number 4990
sending to id: [[1,112,105,110,103,3,0,0,0,0,0,0,22,223]]
sending to id: client addr: 184549378 port: 4443
port number 4990
sending id finish
RECEIVING start
RECEIVING __deser
ping_s_init ping_deser 2
recv frame_type = 2
ping_s_frame 3
ping_s_init ping_deser 2
ping_s_frame 1
payload_length = 10
ping_s_init ping_deser 2
ping_s_frame 1
payload_length = 9
ping_s_init ping_deser 2
ping_s_frame 1
payload_length = 8
ping_s_init ping_deser 2
ping_s_frame 1
payload_length = 7
ping_s_init ping_deser 2
ping_s_payload ping_deser 2
recv frame_type = 3
ping_s_time 4
ping_s_time 1
payload_length = -2
ping_s_payload ping_deser 2
C time = now_millis_last_bp
getTimeFromBreakpoint: breakpoint  = "9"
getTimeFromBreakpoint: now.tv_usec = 706000
getTimeFromBreakpoint: end.tv_usec = 815000
C time = now_millis_last_bp - timer started
C time = now_millis_last_bp - time = 1891
insertBreakpoint: name = "10"
insertBreakpoint: now.tv_sec = 946684812
insertBreakpoint: now.tv_usec = 706000
C time = now_millis
C time = now_millis - timer started
C time = now_millis - time = 7706
RECEIVING finsh
C time = now_millis_last_bp
getTimeFromBreakpoint: breakpoint  = "10"
getTimeFromBreakpoint: now.tv_usec = 721000
getTimeFromBreakpoint: end.tv_usec = 706000
C time = now_millis_last_bp - timer started
C time = now_millis_last_bp - time = 15
insertBreakpoint: name = "11"
insertBreakpoint: now.tv_sec = 946684812
insertBreakpoint: now.tv_usec = 721000
C time = now_millis
C time = now_millis - timer started
C time = now_millis - time = 7771
sending from socket: 4
port number 4990
sending to id: [[1,112,105,110,103,3,0,0,0,0,0,0,30,91]]
sending to id: client addr: 184549378 port: 4443
port number 4990
sending id finish
RECEIVING start
RECEIVING __deser
ping_s_init ping_deser 2
recv frame_type = 2
ping_s_frame 3
ping_s_init ping_deser 2
ping_s_frame 1
payload_length = 10
ping_s_init ping_deser 2
ping_s_frame 1
payload_length = 9
ping_s_init ping_deser 2
ping_s_frame 1
payload_length = 8
ping_s_init ping_deser 2
ping_s_frame 1
payload_length = 7
ping_s_init ping_deser 2
ping_s_payload ping_deser 2
recv frame_type = 3
ping_s_time 4
ping_s_time 1
payload_length = -2
ping_s_payload ping_deser 2
C time = now_millis_last_bp
getTimeFromBreakpoint: breakpoint  = "11"
getTimeFromBreakpoint: now.tv_usec = 383000
getTimeFromBreakpoint: end.tv_usec = 721000
C time = now_millis_last_bp - timer started
C time = now_millis_last_bp - time = 1662
insertBreakpoint: name = "12"
insertBreakpoint: now.tv_sec = 946684814
insertBreakpoint: now.tv_usec = 383000
C time = now_millis
C time = now_millis - timer started
C time = now_millis - time = 9383
RECEIVING finsh
C time = now_millis_last_bp
getTimeFromBreakpoint: breakpoint  = "12"
getTimeFromBreakpoint: now.tv_usec = 398000
getTimeFromBreakpoint: end.tv_usec = 383000
C time = now_millis_last_bp - timer started
C time = now_millis_last_bp - time = 15
insertBreakpoint: name = "13"
insertBreakpoint: now.tv_sec = 946684814
insertBreakpoint: now.tv_usec = 398000
C time = now_millis
C time = now_millis - timer started
C time = now_millis - time = 9403
sending from socket: 4
port number 4990
sending to id: [[1,112,105,110,103,3,0,0,0,0,0,0,36,187]]
sending to id: client addr: 184549378 port: 4443
port number 4990
sending id finish
RECEIVING start
RECEIVING __deser
ping_s_init ping_deser 2
recv frame_type = 2
ping_s_frame 3
ping_s_init ping_deser 2
ping_s_frame 1
payload_length = 10
ping_s_init ping_deser 2
ping_s_frame 1
payload_length = 9
ping_s_init ping_deser 2
ping_s_frame 1
payload_length = 8
ping_s_init ping_deser 2
ping_s_frame 1
payload_length = 7
ping_s_init ping_deser 2
ping_s_payload ping_deser 2
recv frame_type = 3
ping_s_time 4
ping_s_time 1
payload_length = -2
ping_s_payload ping_deser 2
C time = now_millis_last_bp
getTimeFromBreakpoint: breakpoint  = "13"
getTimeFromBreakpoint: now.tv_usec = 154000
getTimeFromBreakpoint: end.tv_usec = 398000
C time = now_millis_last_bp - timer started
C time = now_millis_last_bp - time = 1756
insertBreakpoint: name = "14"
insertBreakpoint: now.tv_sec = 946684816
insertBreakpoint: now.tv_usec = 154000
C time = now_millis
C time = now_millis - timer started
C time = now_millis - time = 11154
RECEIVING finsh
C time = now_millis_last_bp
getTimeFromBreakpoint: breakpoint  = "14"
getTimeFromBreakpoint: now.tv_usec = 199000
getTimeFromBreakpoint: end.tv_usec = 154000
C time = now_millis_last_bp - timer started
C time = now_millis_last_bp - time = 45
insertBreakpoint: name = "15"
insertBreakpoint: now.tv_sec = 946684816
insertBreakpoint: now.tv_usec = 199000
C time = now_millis
C time = now_millis - timer started
C time = now_millis - time = 11249
sending from socket: 4
port number 4990
sending to id: [[1,112,105,110,103,3,0,0,0,0,0,0,43,241]]
sending to id: client addr: 184549378 port: 4443
port number 4990
sending id finish
RECEIVING start
RECEIVING __deser
ping_s_init ping_deser 2
recv frame_type = 2
ping_s_frame 3
ping_s_init ping_deser 2
ping_s_frame 1
payload_length = 10
ping_s_init ping_deser 2
ping_s_frame 1
payload_length = 9
ping_s_init ping_deser 2
ping_s_frame 1
payload_length = 8
ping_s_init ping_deser 2
ping_s_frame 1
payload_length = 7
ping_s_init ping_deser 2
ping_s_payload ping_deser 2
recv frame_type = 3
ping_s_time 4
ping_s_time 1
payload_length = -2
ping_s_payload ping_deser 2
C time = now_millis_last_bp
getTimeFromBreakpoint: breakpoint  = "15"
getTimeFromBreakpoint: now.tv_usec = 517000
getTimeFromBreakpoint: end.tv_usec = 199000
C time = now_millis_last_bp - timer started
C time = now_millis_last_bp - time = 1318
insertBreakpoint: name = "16"
insertBreakpoint: now.tv_sec = 946684817
insertBreakpoint: now.tv_usec = 517000
C time = now_millis
C time = now_millis - timer started
C time = now_millis - time = 12517
RECEIVING finsh
C time = now_millis_last_bp
getTimeFromBreakpoint: breakpoint  = "16"
getTimeFromBreakpoint: now.tv_usec = 542000
getTimeFromBreakpoint: end.tv_usec = 517000
C time = now_millis_last_bp - timer started
C time = now_millis_last_bp - time = 25
insertBreakpoint: name = "17"
insertBreakpoint: now.tv_sec = 946684817
insertBreakpoint: now.tv_usec = 542000
C time = now_millis
C time = now_millis - timer started
C time = now_millis - time = 12562
sending from socket: 4
port number 4990
sending to id: [[1,112,105,110,103,3,0,0,0,0,0,0,49,18]]
sending to id: client addr: 184549378 port: 4443
port number 4990
sending id finish
RECEIVING start
RECEIVING __deser
ping_s_init ping_deser 2
recv frame_type = 2
ping_s_frame 3
ping_s_init ping_deser 2
ping_s_frame 1
payload_length = 10
ping_s_init ping_deser 2
ping_s_frame 1
payload_length = 9
ping_s_init ping_deser 2
ping_s_frame 1
payload_length = 8
ping_s_init ping_deser 2
ping_s_frame 1
payload_length = 7
ping_s_init ping_deser 2
ping_s_payload ping_deser 2
recv frame_type = 3
ping_s_time 4
ping_s_time 1
payload_length = -2
ping_s_payload ping_deser 2
C time = now_millis_last_bp
getTimeFromBreakpoint: breakpoint  = "17"
getTimeFromBreakpoint: now.tv_usec = 382000
getTimeFromBreakpoint: end.tv_usec = 542000
C time = now_millis_last_bp - timer started
C time = now_millis_last_bp - time = 1840
insertBreakpoint: name = "18"
insertBreakpoint: now.tv_sec = 946684819
insertBreakpoint: now.tv_usec = 382000
C time = now_millis
C time = now_millis - timer started
C time = now_millis - time = 14382
RECEIVING finsh
C time = now_millis_last_bp
getTimeFromBreakpoint: breakpoint  = "18"
getTimeFromBreakpoint: now.tv_usec = 387000
getTimeFromBreakpoint: end.tv_usec = 382000
C time = now_millis_last_bp - timer started
C time = now_millis_last_bp - time = 5
insertBreakpoint: name = "19"
insertBreakpoint: now.tv_sec = 946684819
insertBreakpoint: now.tv_usec = 387000
C time = now_millis
C time = now_millis - timer started
C time = now_millis - time = 14407
sending from socket: 4
port number 4990
sending to id: [[1,112,105,110,103,3,0,0,0,0,0,0,56,71]]
sending to id: client addr: 184549378 port: 4443
port number 4990
sending id finish
RECEIVING start
RECEIVING __deser
ping_s_init ping_deser 2
recv frame_type = 2
ping_s_frame 3
ping_s_init ping_deser 2
ping_s_frame 1
payload_length = 10
ping_s_init ping_deser 2
ping_s_frame 1
payload_length = 9
ping_s_init ping_deser 2
ping_s_frame 1
payload_length = 8
ping_s_init ping_deser 2
ping_s_frame 1
payload_length = 7
ping_s_init ping_deser 2
ping_s_payload ping_deser 2
recv frame_type = 3
ping_s_time 4
ping_s_time 1
payload_length = -2
ping_s_payload ping_deser 2
C time = now_millis_last_bp
getTimeFromBreakpoint: breakpoint  = "19"
getTimeFromBreakpoint: now.tv_usec = 868000
getTimeFromBreakpoint: end.tv_usec = 387000
C time = now_millis_last_bp - timer started
C time = now_millis_last_bp - time = 1481
insertBreakpoint: name = "20"
insertBreakpoint: now.tv_sec = 946684820
insertBreakpoint: now.tv_usec = 868000
C time = now_millis
C time = now_millis - timer started
C time = now_millis - time = 15868
RECEIVING finsh
C time = now_millis_last_bp
getTimeFromBreakpoint: breakpoint  = "20"
getTimeFromBreakpoint: now.tv_usec = 903000
getTimeFromBreakpoint: end.tv_usec = 868000
C time = now_millis_last_bp - timer started
C time = now_millis_last_bp - time = 35
insertBreakpoint: name = "21"
insertBreakpoint: now.tv_sec = 946684820
insertBreakpoint: now.tv_usec = 903000
C time = now_millis
C time = now_millis - timer started
C time = now_millis - time = 15913
sending from socket: 4
port number 4990
sending to id: [[1,112,105,110,103,3,0,0,0,0,0,0,62,41]]
sending to id: client addr: 184549378 port: 4443
port number 4990
sending id finish
RECEIVING start
RECEIVING __deser
ping_s_init ping_deser 2
recv frame_type = 2
ping_s_frame 3
ping_s_init ping_deser 2
ping_s_frame 1
payload_length = 10
ping_s_init ping_deser 2
ping_s_frame 1
payload_length = 9
ping_s_init ping_deser 2
ping_s_frame 1
payload_length = 8
ping_s_init ping_deser 2
ping_s_frame 1
payload_length = 7
ping_s_init ping_deser 2
ping_s_payload ping_deser 2
recv frame_type = 3
ping_s_time 4
ping_s_time 1
payload_length = -2
ping_s_payload ping_deser 2
C time = now_millis_last_bp
getTimeFromBreakpoint: breakpoint  = "21"
getTimeFromBreakpoint: now.tv_usec = 439000
getTimeFromBreakpoint: end.tv_usec = 903000
C time = now_millis_last_bp - timer started
C time = now_millis_last_bp - time = 1536
insertBreakpoint: name = "22"
insertBreakpoint: now.tv_sec = 946684822
insertBreakpoint: now.tv_usec = 439000
C time = now_millis
C time = now_millis - timer started
C time = now_millis - time = 17439
RECEIVING finsh
C time = now_millis_last_bp
getTimeFromBreakpoint: breakpoint  = "22"
getTimeFromBreakpoint: now.tv_usec = 484000
getTimeFromBreakpoint: end.tv_usec = 439000
C time = now_millis_last_bp - timer started
C time = now_millis_last_bp - time = 45
insertBreakpoint: name = "23"
insertBreakpoint: now.tv_sec = 946684822
insertBreakpoint: now.tv_usec = 484000
C time = now_millis
C time = now_millis - timer started
C time = now_millis - time = 17484
sending from socket: 4
port number 4990
sending to id: [[1,112,105,110,103,3,0,0,0,0,0,0,68,76]]
sending to id: client addr: 184549378 port: 4443
port number 4990
sending id finish
RECEIVING start
RECEIVING __deser
ping_s_init ping_deser 2
recv frame_type = 2
ping_s_frame 3
ping_s_init ping_deser 2
ping_s_frame 1
payload_length = 10
ping_s_init ping_deser 2
ping_s_frame 1
payload_length = 9
ping_s_init ping_deser 2
ping_s_frame 1
payload_length = 8
ping_s_init ping_deser 2
ping_s_frame 1
payload_length = 7
ping_s_init ping_deser 2
ping_s_payload ping_deser 2
recv frame_type = 3
ping_s_time 4
ping_s_time 1
payload_length = -2
ping_s_payload ping_deser 2
C time = now_millis_last_bp
getTimeFromBreakpoint: breakpoint  = "23"
getTimeFromBreakpoint: now.tv_usec = 112000
getTimeFromBreakpoint: end.tv_usec = 484000
C time = now_millis_last_bp - timer started
C time = now_millis_last_bp - time = 1628
insertBreakpoint: name = "24"
insertBreakpoint: now.tv_sec = 946684824
insertBreakpoint: now.tv_usec = 112000
C time = now_millis
C time = now_millis - timer started
C time = now_millis - time = 19112
RECEIVING finsh
C time = now_millis_last_bp
getTimeFromBreakpoint: breakpoint  = "24"
getTimeFromBreakpoint: now.tv_usec = 177000
getTimeFromBreakpoint: end.tv_usec = 112000
C time = now_millis_last_bp - timer started
C time = now_millis_last_bp - time = 65
insertBreakpoint: name = "25"
insertBreakpoint: now.tv_sec = 946684824
insertBreakpoint: now.tv_usec = 177000
C time = now_millis
C time = now_millis - timer started
C time = now_millis - time = 19182
sending from socket: 4
port number 4990
sending to id: [[1,112,105,110,103,3,0,0,0,0,0,0,74,238]]
sending to id: client addr: 184549378 port: 4443
port number 4990
sending id finish
RECEIVING start
RECEIVING __deser
ping_s_init ping_deser 2
recv frame_type = 2
ping_s_frame 3
ping_s_init ping_deser 2
ping_s_frame 1
payload_length = 10
ping_s_init ping_deser 2
ping_s_frame 1
payload_length = 9
ping_s_init ping_deser 2
ping_s_frame 1
payload_length = 8
ping_s_init ping_deser 2
ping_s_frame 1
payload_length = 7
ping_s_init ping_deser 2
ping_s_payload ping_deser 2
recv frame_type = 3
ping_s_time 4
ping_s_time 1
payload_length = -2
ping_s_payload ping_deser 2
C time = now_millis_last_bp
getTimeFromBreakpoint: breakpoint  = "25"
getTimeFromBreakpoint: now.tv_usec = 620000
getTimeFromBreakpoint: end.tv_usec = 177000
C time = now_millis_last_bp - timer started
C time = now_millis_last_bp - time = 1443
insertBreakpoint: name = "26"
insertBreakpoint: now.tv_sec = 946684825
insertBreakpoint: now.tv_usec = 620000
C time = now_millis
C time = now_millis - timer started
C time = now_millis - time = 20620
RECEIVING finsh
C time = now_millis_last_bp
getTimeFromBreakpoint: breakpoint  = "26"
getTimeFromBreakpoint: now.tv_usec = 645000
getTimeFromBreakpoint: end.tv_usec = 620000
C time = now_millis_last_bp - timer started
C time = now_millis_last_bp - time = 25
insertBreakpoint: name = "27"
insertBreakpoint: now.tv_sec = 946684825
insertBreakpoint: now.tv_usec = 645000
C time = now_millis
C time = now_millis - timer started
C time = now_millis - time = 20650
sending from socket: 4
port number 4990
sending to id: [[1,112,105,110,103,3,0,0,0,0,0,0,80,170]]
sending to id: client addr: 184549378 port: 4443
port number 4990
sending id finish
RECEIVING start
RECEIVING __deser
ping_s_init ping_deser 2
recv frame_type = 2
ping_s_frame 3
ping_s_init ping_deser 2
ping_s_frame 1
payload_length = 10
ping_s_init ping_deser 2
ping_s_frame 1
payload_length = 9
ping_s_init ping_deser 2
ping_s_frame 1
payload_length = 8
ping_s_init ping_deser 2
ping_s_frame 1
payload_length = 7
ping_s_init ping_deser 2
ping_s_payload ping_deser 2
recv frame_type = 3
ping_s_time 4
ping_s_time 1
payload_length = -2
ping_s_payload ping_deser 2
C time = now_millis_last_bp
getTimeFromBreakpoint: breakpoint  = "27"
getTimeFromBreakpoint: now.tv_usec = 478000
getTimeFromBreakpoint: end.tv_usec = 645000
C time = now_millis_last_bp - timer started
C time = now_millis_last_bp - time = 1833
insertBreakpoint: name = "28"
insertBreakpoint: now.tv_sec = 946684827
insertBreakpoint: now.tv_usec = 478000
C time = now_millis
C time = now_millis - timer started
C time = now_millis - time = 22478
RECEIVING finsh
C time = now_millis_last_bp
getTimeFromBreakpoint: breakpoint  = "28"
getTimeFromBreakpoint: now.tv_usec = 483000
getTimeFromBreakpoint: end.tv_usec = 478000
C time = now_millis_last_bp - timer started
C time = now_millis_last_bp - time = 5
insertBreakpoint: name = "29"
insertBreakpoint: now.tv_sec = 946684827
insertBreakpoint: now.tv_usec = 483000
C time = now_millis
C time = now_millis - timer started
C time = now_millis - time = 22603
sending from socket: 4
port number 4990
sending to id: [[1,112,105,110,103,3,0,0,0,0,0,0,88,75]]
sending to id: client addr: 184549378 port: 4443
port number 4990
sending id finish
RECEIVING start
RECEIVING __deser
ping_s_init ping_deser 2
recv frame_type = 2
ping_s_frame 3
ping_s_init ping_deser 2
ping_s_frame 1
payload_length = 10
ping_s_init ping_deser 2
ping_s_frame 1
payload_length = 9
ping_s_init ping_deser 2
ping_s_frame 1
payload_length = 8
ping_s_init ping_deser 2
ping_s_frame 1
payload_length = 7
ping_s_init ping_deser 2
ping_s_payload ping_deser 2
recv frame_type = 3
ping_s_time 4
ping_s_time 1
payload_length = -2
ping_s_payload ping_deser 2
C time = now_millis_last_bp
getTimeFromBreakpoint: breakpoint  = "29"
getTimeFromBreakpoint: now.tv_usec = 249000
getTimeFromBreakpoint: end.tv_usec = 483000
C time = now_millis_last_bp - timer started
C time = now_millis_last_bp - time = 1766
insertBreakpoint: name = "30"
insertBreakpoint: now.tv_sec = 946684829
insertBreakpoint: now.tv_usec = 249000
C time = now_millis
C time = now_millis - timer started
C time = now_millis - time = 24249
RECEIVING finsh
C time = now_millis_last_bp
getTimeFromBreakpoint: breakpoint  = "30"
getTimeFromBreakpoint: now.tv_usec = 254000
getTimeFromBreakpoint: end.tv_usec = 249000
C time = now_millis_last_bp - timer started
C time = now_millis_last_bp - time = 5
insertBreakpoint: name = "31"
insertBreakpoint: now.tv_sec = 946684829
insertBreakpoint: now.tv_usec = 254000
C time = now_millis
C time = now_millis - timer started
C time = now_millis - time = 24269
sending from socket: 4
port number 4990
sending to id: [[1,112,105,110,103,3,0,0,0,0,0,0,94,205]]
sending to id: client addr: 184549378 port: 4443
port number 4990
sending id finish
RECEIVING start
RECEIVING __deser
ping_s_init ping_deser 2
recv frame_type = 2
ping_s_frame 3
ping_s_init ping_deser 2
ping_s_frame 1
payload_length = 10
ping_s_init ping_deser 2
ping_s_frame 1
payload_length = 9
ping_s_init ping_deser 2
ping_s_frame 1
payload_length = 8
ping_s_init ping_deser 2
ping_s_frame 1
payload_length = 7
ping_s_init ping_deser 2
ping_s_payload ping_deser 2
recv frame_type = 3
ping_s_time 4
ping_s_time 1
payload_length = -2
ping_s_payload ping_deser 2
C time = now_millis_last_bp
getTimeFromBreakpoint: breakpoint  = "31"
getTimeFromBreakpoint: now.tv_usec = 873000
getTimeFromBreakpoint: end.tv_usec = 254000
C time = now_millis_last_bp - timer started
C time = now_millis_last_bp - time = 1619
insertBreakpoint: name = "32"
insertBreakpoint: now.tv_sec = 946684830
insertBreakpoint: now.tv_usec = 873000
C time = now_millis
C time = now_millis - timer started
C time = now_millis - time = 25873
RECEIVING finsh
C time = now_millis_last_bp
getTimeFromBreakpoint: breakpoint  = "32"
getTimeFromBreakpoint: now.tv_usec = 893000
getTimeFromBreakpoint: end.tv_usec = 873000
C time = now_millis_last_bp - timer started
C time = now_millis_last_bp - time = 20
insertBreakpoint: name = "33"
insertBreakpoint: now.tv_sec = 946684830
insertBreakpoint: now.tv_usec = 893000
C time = now_millis
C time = now_millis - timer started
C time = now_millis - time = 25893
sending from socket: 4
port number 4990
sending to id: [[1,112,105,110,103,3,0,0,0,0,0,0,101,37]]
sending to id: client addr: 184549378 port: 4443
port number 4990
sending id finish
RECEIVING start
RECEIVING __deser
ping_s_init ping_deser 2
recv frame_type = 2
ping_s_frame 3
ping_s_init ping_deser 2
ping_s_frame 1
payload_length = 10
ping_s_init ping_deser 2
ping_s_frame 1
payload_length = 9
ping_s_init ping_deser 2
ping_s_frame 1
payload_length = 8
ping_s_init ping_deser 2
ping_s_frame 1
payload_length = 7
ping_s_init ping_deser 2
ping_s_payload ping_deser 2
recv frame_type = 3
ping_s_time 4
ping_s_time 1
payload_length = -2
ping_s_payload ping_deser 2
C time = now_millis_last_bp
getTimeFromBreakpoint: breakpoint  = "33"
getTimeFromBreakpoint: now.tv_usec = 475000
getTimeFromBreakpoint: end.tv_usec = 893000
C time = now_millis_last_bp - timer started
C time = now_millis_last_bp - time = 1582
insertBreakpoint: name = "34"
insertBreakpoint: now.tv_sec = 946684832
insertBreakpoint: now.tv_usec = 475000
C time = now_millis
C time = now_millis - timer started
C time = now_millis - time = 27475
RECEIVING finsh
C time = now_millis_last_bp
getTimeFromBreakpoint: breakpoint  = "34"
getTimeFromBreakpoint: now.tv_usec = 490000
getTimeFromBreakpoint: end.tv_usec = 475000
C time = now_millis_last_bp - timer started
C time = now_millis_last_bp - time = 15
insertBreakpoint: name = "35"
insertBreakpoint: now.tv_sec = 946684832
insertBreakpoint: now.tv_usec = 490000
C time = now_millis
C time = now_millis - timer started
C time = now_millis - time = 27515
sending from socket: 4
port number 4990
sending to id: [[1,112,105,110,103,3,0,0,0,0,0,0,107,123]]
sending to id: client addr: 184549378 port: 4443
port number 4990
sending id finish
RECEIVING start
RECEIVING __deser
ping_s_init ping_deser 2
recv frame_type = 2
ping_s_frame 3
ping_s_init ping_deser 2
ping_s_frame 1
payload_length = 10
ping_s_init ping_deser 2
ping_s_frame 1
payload_length = 9
ping_s_init ping_deser 2
ping_s_frame 1
payload_length = 8
ping_s_init ping_deser 2
ping_s_frame 1
payload_length = 7
ping_s_init ping_deser 2
ping_s_payload ping_deser 2
recv frame_type = 3
ping_s_time 4
ping_s_time 1
payload_length = -2
ping_s_payload ping_deser 2
C time = now_millis_last_bp
getTimeFromBreakpoint: breakpoint  = "35"
getTimeFromBreakpoint: now.tv_usec = 591000
getTimeFromBreakpoint: end.tv_usec = 490000
C time = now_millis_last_bp - timer started
C time = now_millis_last_bp - time = 1101
insertBreakpoint: name = "36"
insertBreakpoint: now.tv_sec = 946684833
insertBreakpoint: now.tv_usec = 591000
C time = now_millis
C time = now_millis - timer started
C time = now_millis - time = 28591
RECEIVING finsh
C time = now_millis_last_bp
getTimeFromBreakpoint: breakpoint  = "36"
getTimeFromBreakpoint: now.tv_usec = 651000
getTimeFromBreakpoint: end.tv_usec = 591000
C time = now_millis_last_bp - timer started
C time = now_millis_last_bp - time = 60
insertBreakpoint: name = "37"
insertBreakpoint: now.tv_sec = 946684833
insertBreakpoint: now.tv_usec = 651000
C time = now_millis
C time = now_millis - timer started
C time = now_millis - time = 28651
sending from socket: 4
port number 4990
sending to id: [[1,112,105,110,103,3,0,0,0,0,0,0,111,235]]
sending to id: client addr: 184549378 port: 4443
port number 4990
sending id finish
RECEIVING start
RECEIVING __deser
ping_s_init ping_deser 2
recv frame_type = 2
ping_s_frame 3
ping_s_init ping_deser 2
ping_s_frame 1
payload_length = 10
ping_s_init ping_deser 2
ping_s_frame 1
payload_length = 9
ping_s_init ping_deser 2
ping_s_frame 1
payload_length = 8
ping_s_init ping_deser 2
ping_s_frame 1
payload_length = 7
ping_s_init ping_deser 2
ping_s_payload ping_deser 2
recv frame_type = 3
ping_s_time 4
ping_s_time 1
payload_length = -2
ping_s_payload ping_deser 2
C time = now_millis_last_bp
getTimeFromBreakpoint: breakpoint  = "37"
getTimeFromBreakpoint: now.tv_usec = 87000
getTimeFromBreakpoint: end.tv_usec = 651000
C time = now_millis_last_bp - timer started
C time = now_millis_last_bp - time = 1436
insertBreakpoint: name = "38"
insertBreakpoint: now.tv_sec = 946684835
insertBreakpoint: now.tv_usec = 87000
C time = now_millis
C time = now_millis - timer started
C time = now_millis - time = 30087
RECEIVING finsh
C time = now_millis_last_bp
getTimeFromBreakpoint: breakpoint  = "38"
getTimeFromBreakpoint: now.tv_usec = 87000
getTimeFromBreakpoint: end.tv_usec = 87000
C time = now_millis_last_bp - timer started
C time = now_millis_last_bp - time = 0
insertBreakpoint: name = "39"
insertBreakpoint: now.tv_sec = 946684835
insertBreakpoint: now.tv_usec = 87000
C time = now_millis
C time = now_millis - timer started
C time = now_millis - time = 30092
sending from socket: 4
port number 4990
sending to id: [[1,112,105,110,103,3,0,0,0,0,0,0,117,140]]
sending to id: client addr: 184549378 port: 4443
port number 4990
sending id finish
RECEIVING start
RECEIVING __deser
ping_s_init ping_deser 2
recv frame_type = 2
ping_s_frame 3
ping_s_init ping_deser 2
ping_s_frame 1
payload_length = 10
ping_s_init ping_deser 2
ping_s_frame 1
payload_length = 9
ping_s_init ping_deser 2
ping_s_frame 1
payload_length = 8
ping_s_init ping_deser 2
ping_s_frame 1
payload_length = 7
ping_s_init ping_deser 2
ping_s_payload ping_deser 2
recv frame_type = 3
ping_s_time 4
ping_s_time 1
payload_length = -2
ping_s_payload ping_deser 2
C time = now_millis_last_bp
getTimeFromBreakpoint: breakpoint  = "39"
getTimeFromBreakpoint: now.tv_usec = 856000
getTimeFromBreakpoint: end.tv_usec = 87000
C time = now_millis_last_bp - timer started
C time = now_millis_last_bp - time = 1769
insertBreakpoint: name = "40"
insertBreakpoint: now.tv_sec = 946684836
insertBreakpoint: now.tv_usec = 856000
C time = now_millis
C time = now_millis - timer started
C time = now_millis - time = 31856
RECEIVING finsh
C time = now_millis_last_bp
getTimeFromBreakpoint: breakpoint  = "40"
getTimeFromBreakpoint: now.tv_usec = 921000
getTimeFromBreakpoint: end.tv_usec = 856000
C time = now_millis_last_bp - timer started
C time = now_millis_last_bp - time = 65
insertBreakpoint: name = "41"
insertBreakpoint: now.tv_sec = 946684836
insertBreakpoint: now.tv_usec = 921000
C time = now_millis
C time = now_millis - timer started
C time = now_millis - time = 31936
sending from socket: 4
port number 4990
sending to id: [[1,112,105,110,103,3,0,0,0,0,0,0,124,192]]
sending to id: client addr: 184549378 port: 4443
port number 4990
sending id finish
RECEIVING start
RECEIVING __deser
ping_s_init ping_deser 2
recv frame_type = 2
ping_s_frame 3
ping_s_init ping_deser 2
ping_s_frame 1
payload_length = 10
ping_s_init ping_deser 2
ping_s_frame 1
payload_length = 9
ping_s_init ping_deser 2
ping_s_frame 1
payload_length = 8
ping_s_init ping_deser 2
ping_s_frame 1
payload_length = 7
ping_s_init ping_deser 2
ping_s_payload ping_deser 2
recv frame_type = 3
ping_s_time 4
ping_s_time 1
payload_length = -2
ping_s_payload ping_deser 2
C time = now_millis_last_bp
getTimeFromBreakpoint: breakpoint  = "41"
getTimeFromBreakpoint: now.tv_usec = 853000
getTimeFromBreakpoint: end.tv_usec = 921000
C time = now_millis_last_bp - timer started
C time = now_millis_last_bp - time = 1932
insertBreakpoint: name = "42"
insertBreakpoint: now.tv_sec = 946684838
insertBreakpoint: now.tv_usec = 853000
C time = now_millis
C time = now_millis - timer started
C time = now_millis - time = 33853
RECEIVING finsh
C time = now_millis_last_bp
getTimeFromBreakpoint: breakpoint  = "42"
getTimeFromBreakpoint: now.tv_usec = 863000
getTimeFromBreakpoint: end.tv_usec = 853000
C time = now_millis_last_bp - timer started
C time = now_millis_last_bp - time = 10
insertBreakpoint: name = "43"
insertBreakpoint: now.tv_sec = 946684838
insertBreakpoint: now.tv_usec = 863000
C time = now_millis
C time = now_millis - timer started
C time = now_millis - time = 33873
sending from socket: 4
port number 4990
sending to id: [[1,112,105,110,103,3,0,0,0,0,0,0,132,81]]
sending to id: client addr: 184549378 port: 4443
port number 4990
sending id finish
RECEIVING start
RECEIVING __deser
ping_s_init ping_deser 2
recv frame_type = 2
ping_s_frame 3
ping_s_init ping_deser 2
ping_s_frame 1
payload_length = 10
ping_s_init ping_deser 2
ping_s_frame 1
payload_length = 9
ping_s_init ping_deser 2
ping_s_frame 1
payload_length = 8
ping_s_init ping_deser 2
ping_s_frame 1
payload_length = 7
ping_s_init ping_deser 2
ping_s_payload ping_deser 2
recv frame_type = 3
ping_s_time 4
ping_s_time 1
payload_length = -2
ping_s_payload ping_deser 2
C time = now_millis_last_bp
getTimeFromBreakpoint: breakpoint  = "43"
getTimeFromBreakpoint: now.tv_usec = 67000
getTimeFromBreakpoint: end.tv_usec = 863000
C time = now_millis_last_bp - timer started
C time = now_millis_last_bp - time = 1204
insertBreakpoint: name = "44"
insertBreakpoint: now.tv_sec = 946684840
insertBreakpoint: now.tv_usec = 67000
C time = now_millis
C time = now_millis - timer started
C time = now_millis - time = 35067
RECEIVING finsh
C time = now_millis_last_bp
getTimeFromBreakpoint: breakpoint  = "44"
getTimeFromBreakpoint: now.tv_usec = 72000
getTimeFromBreakpoint: end.tv_usec = 67000
C time = now_millis_last_bp - timer started
C time = now_millis_last_bp - time = 5
insertBreakpoint: name = "45"
insertBreakpoint: now.tv_sec = 946684840
insertBreakpoint: now.tv_usec = 72000
C time = now_millis
C time = now_millis - timer started
C time = now_millis - time = 35082
sending from socket: 4
port number 4990
sending to id: [[1,112,105,110,103,3,0,0,0,0,0,0,137,10]]
sending to id: client addr: 184549378 port: 4443
port number 4990
sending id finish
RECEIVING start
RECEIVING __deser
ping_s_init ping_deser 2
recv frame_type = 2
ping_s_frame 3
ping_s_init ping_deser 2
ping_s_frame 1
payload_length = 10
ping_s_init ping_deser 2
ping_s_frame 1
payload_length = 9
ping_s_init ping_deser 2
ping_s_frame 1
payload_length = 8
ping_s_init ping_deser 2
ping_s_frame 1
payload_length = 7
ping_s_init ping_deser 2
ping_s_payload ping_deser 2
recv frame_type = 3
ping_s_time 4
ping_s_time 1
payload_length = -2
ping_s_payload ping_deser 2
C time = now_millis_last_bp
getTimeFromBreakpoint: breakpoint  = "45"
getTimeFromBreakpoint: now.tv_usec = 811000
getTimeFromBreakpoint: end.tv_usec = 72000
C time = now_millis_last_bp - timer started
C time = now_millis_last_bp - time = 1739
insertBreakpoint: name = "46"
insertBreakpoint: now.tv_sec = 946684841
insertBreakpoint: now.tv_usec = 811000
C time = now_millis
C time = now_millis - timer started
C time = now_millis - time = 36811
RECEIVING finsh
C time = now_millis_last_bp
getTimeFromBreakpoint: breakpoint  = "46"
getTimeFromBreakpoint: now.tv_usec = 816000
getTimeFromBreakpoint: end.tv_usec = 811000
C time = now_millis_last_bp - timer started
C time = now_millis_last_bp - time = 5
insertBreakpoint: name = "47"
insertBreakpoint: now.tv_sec = 946684841
insertBreakpoint: now.tv_usec = 816000
C time = now_millis
C time = now_millis - timer started
C time = now_millis - time = 36851
sending from socket: 4
port number 4990
sending to id: [[1,112,105,110,103,3,0,0,0,0,0,0,143,243]]
sending to id: client addr: 184549378 port: 4443
port number 4990
sending id finish
RECEIVING start
RECEIVING __deser
ping_s_init ping_deser 2
recv frame_type = 2
ping_s_frame 3
ping_s_init ping_deser 2
ping_s_frame 1
payload_length = 10
ping_s_init ping_deser 2
ping_s_frame 1
payload_length = 9
ping_s_init ping_deser 2
ping_s_frame 1
payload_length = 8
ping_s_init ping_deser 2
ping_s_frame 1
payload_length = 7
ping_s_init ping_deser 2
ping_s_payload ping_deser 2
recv frame_type = 3
ping_s_time 4
ping_s_time 1
payload_length = -2
ping_s_payload ping_deser 2
C time = now_millis_last_bp
getTimeFromBreakpoint: breakpoint  = "47"
getTimeFromBreakpoint: now.tv_usec = 52000
getTimeFromBreakpoint: end.tv_usec = 816000
C time = now_millis_last_bp - timer started
C time = now_millis_last_bp - time = 1236
insertBreakpoint: name = "48"
insertBreakpoint: now.tv_sec = 946684843
insertBreakpoint: now.tv_usec = 52000
C time = now_millis
C time = now_millis - timer started
C time = now_millis - time = 38052
RECEIVING finsh
C time = now_millis_last_bp
getTimeFromBreakpoint: breakpoint  = "48"
getTimeFromBreakpoint: now.tv_usec = 97000
getTimeFromBreakpoint: end.tv_usec = 52000
C time = now_millis_last_bp - timer started
C time = now_millis_last_bp - time = 45
insertBreakpoint: name = "49"
insertBreakpoint: now.tv_sec = 946684843
insertBreakpoint: now.tv_usec = 97000
C time = now_millis
C time = now_millis - timer started
C time = now_millis - time = 38127
sending from socket: 4
port number 4990
sending to id: [[1,112,105,110,103,3,0,0,0,0,0,0,148,239]]
sending to id: client addr: 184549378 port: 4443
port number 4990
sending id finish
