< server.show_set_client_ep({protocol:udp,addr:0xb000002,port:0x2c8c,interface:ivy})
< recv_ping(server,{protocol:udp,addr:0xb000002,port:0x2c8c,interface:ivy},{protocol:udp,addr:0xb000001,port:0x115b,interface:ivy},{payload:[{frame.ping:{data:[0x70,0x69,0x6e,0x67]}},{frame.timestamp:{time:0x6acfacdc}}]})
< show_current_time(0)
< show_estimated_latency(0x95305324)
> client_send_event({protocol:udp,addr:0xb000001,port:0x115b,interface:ivy},{protocol:udp,addr:0xb000002,port:0x2c8c,interface:ivy},0x3)
> frame.pong.handle({data:[0x70,0x6f,0x6e,0x67]})
> frame.timestamp.handle({time:0x1})
> ping_packet_event({protocol:udp,addr:0xb000001,port:0x115b,interface:ivy},{protocol:udp,addr:0xb000002,port:0x2c8c,interface:ivy},{payload:[{frame.pong:{data:[0x70,0x6f,0x6e,0x67]}},{frame.timestamp:{time:0x81b}}]})
< recv_ping(server,{protocol:udp,addr:0xb000002,port:0x2c8c,interface:ivy},{protocol:udp,addr:0xb000001,port:0x115b,interface:ivy},{payload:[{frame.ping:{data:[0x70,0x69,0x6e,0x67]}},{frame.timestamp:{time:0x6acfb8fc}}]})
< show_current_time(0xc38)
< show_estimated_latency(0x9530533c)
> frame.pong.handle({data:[0x70,0x6f,0x6e,0x67]})
> frame.timestamp.handle({time:0x1})
> ping_packet_event({protocol:udp,addr:0xb000001,port:0x115b,interface:ivy},{protocol:udp,addr:0xb000002,port:0x2c8c,interface:ivy},{payload:[{frame.pong:{data:[0x70,0x6f,0x6e,0x67]}},{frame.timestamp:{time:0xc8d}}]})
< recv_ping(server,{protocol:udp,addr:0xb000002,port:0x2c8c,interface:ivy},{protocol:udp,addr:0xb000001,port:0x115b,interface:ivy},{payload:[{frame.ping:{data:[0x70,0x69,0x6e,0x67]}},{frame.timestamp:{time:0x6acfc0fc}}]})
< show_current_time(0x7f4)
< show_estimated_latency(0x95305330)
> frame.pong.handle({data:[0x70,0x6f,0x6e,0x67]})
> frame.timestamp.handle({time:0})
> ping_packet_event({protocol:udp,addr:0xb000001,port:0x115b,interface:ivy},{protocol:udp,addr:0xb000002,port:0x2c8c,interface:ivy},{payload:[{frame.pong:{data:[0x70,0x6f,0x6e,0x67]}},{frame.timestamp:{time:0x143b}}]})
< recv_ping(server,{protocol:udp,addr:0xb000002,port:0x2c8c,interface:ivy},{protocol:udp,addr:0xb000001,port:0x115b,interface:ivy},{payload:[{frame.ping:{data:[0x70,0x69,0x6e,0x67]}},{frame.timestamp:{time:0x6acfc5fd}}]})
< show_current_time(0x509)
< show_estimated_latency(0x95305338)
> frame.pong.handle({data:[0x70,0x6f,0x6e,0x67]})
> frame.timestamp.handle({time:0x3})
> ping_packet_event({protocol:udp,addr:0xb000001,port:0x115b,interface:ivy},{protocol:udp,addr:0xb000002,port:0x2c8c,interface:ivy},{payload:[{frame.pong:{data:[0x70,0x6f,0x6e,0x67]}},{frame.timestamp:{time:0x1967}}]})
< recv_ping(server,{protocol:udp,addr:0xb000002,port:0x2c8c,interface:ivy},{protocol:udp,addr:0xb000001,port:0x115b,interface:ivy},{payload:[{frame.ping:{data:[0x70,0x69,0x6e,0x67]}},{frame.timestamp:{time:0x6acfcafc}}]})
< show_current_time(0x5bf)
< show_estimated_latency(0x953053f8)
> frame.pong.handle({data:[0x70,0x6f,0x6e,0x67]})
> frame.timestamp.handle({time:0x3})
> ping_packet_event({protocol:udp,addr:0xb000001,port:0x115b,interface:ivy},{protocol:udp,addr:0xb000002,port:0x2c8c,interface:ivy},{payload:[{frame.pong:{data:[0x70,0x6f,0x6e,0x67]}},{frame.timestamp:{time:0x1f2b}}]})
< recv_ping(server,{protocol:udp,addr:0xb000002,port:0x2c8c,interface:ivy},{protocol:udp,addr:0xb000001,port:0x115b,interface:ivy},{payload:[{frame.ping:{data:[0x70,0x69,0x6e,0x67]}},{frame.timestamp:{time:0x6acfd1dc}}]})
< show_current_time(0x61c)
< show_estimated_latency(0x95305334)
> frame.pong.handle({data:[0x70,0x6f,0x6e,0x67]})
> frame.timestamp.handle({time:0x3})
> ping_packet_event({protocol:udp,addr:0xb000001,port:0x115b,interface:ivy},{protocol:udp,addr:0xb000002,port:0x2c8c,interface:ivy},{payload:[{frame.pong:{data:[0x70,0x6f,0x6e,0x67]}},{frame.timestamp:{time:0x253d}}]})
< recv_ping(server,{protocol:udp,addr:0xb000002,port:0x2c8c,interface:ivy},{protocol:udp,addr:0xb000001,port:0x115b,interface:ivy},{payload:[{frame.ping:{data:[0x70,0x69,0x6e,0x67]}},{frame.timestamp:{time:0x6acfd6df}}]})
< show_current_time(0x50b)
< show_estimated_latency(0x9530533c)
> frame.pong.handle({data:[0x70,0x6f,0x6e,0x67]})
> frame.timestamp.handle({time:0x4})
> ping_packet_event({protocol:udp,addr:0xb000001,port:0x115b,interface:ivy},{protocol:udp,addr:0xb000002,port:0x2c8c,interface:ivy},{payload:[{frame.pong:{data:[0x70,0x6f,0x6e,0x67]}},{frame.timestamp:{time:0x2a7a}}]})
< recv_ping(server,{protocol:udp,addr:0xb000002,port:0x2c8c,interface:ivy},{protocol:udp,addr:0xb000001,port:0x115b,interface:ivy},{payload:[{frame.ping:{data:[0x70,0x69,0x6e,0x67]}},{frame.timestamp:{time:0x6acfdddc}}]})
< show_current_time(0x7a9)
< show_estimated_latency(0x953053e8)
> frame.pong.handle({data:[0x70,0x6f,0x6e,0x67]})
> frame.timestamp.handle({time:0x1})
> ping_packet_event({protocol:udp,addr:0xb000001,port:0x115b,interface:ivy},{protocol:udp,addr:0xb000002,port:0x2c8c,interface:ivy},{payload:[{frame.pong:{data:[0x70,0x6f,0x6e,0x67]}},{frame.timestamp:{time:0x31c4}}]})
< recv_ping(server,{protocol:udp,addr:0xb000002,port:0x2c8c,interface:ivy},{protocol:udp,addr:0xb000001,port:0x115b,interface:ivy},{payload:[{frame.ping:{data:[0x70,0x69,0x6e,0x67]}},{frame.timestamp:{time:0x6acfe4de}}]})
< show_current_time(0x656)
< show_estimated_latency(0x9530533c)
> frame.pong.handle({data:[0x70,0x6f,0x6e,0x67]})
> frame.timestamp.handle({time:0x1})
> ping_packet_event({protocol:udp,addr:0xb000001,port:0x115b,interface:ivy},{protocol:udp,addr:0xb000002,port:0x2c8c,interface:ivy},{payload:[{frame.pong:{data:[0x70,0x6f,0x6e,0x67]}},{frame.timestamp:{time:0x381a}}]})
< recv_ping(server,{protocol:udp,addr:0xb000002,port:0x2c8c,interface:ivy},{protocol:udp,addr:0xb000001,port:0x115b,interface:ivy},{payload:[{frame.ping:{data:[0x70,0x69,0x6e,0x67]}},{frame.timestamp:{time:0x6acfeadd}}]})
< show_current_time(0x6af)
< show_estimated_latency(0x953053ec)
> frame.pong.handle({data:[0x70,0x6f,0x6e,0x67]})
> frame.timestamp.handle({time:0x3})
> ping_packet_event({protocol:udp,addr:0xb000001,port:0x115b,interface:ivy},{protocol:udp,addr:0xb000002,port:0x2c8c,interface:ivy},{payload:[{frame.pong:{data:[0x70,0x6f,0x6e,0x67]}},{frame.timestamp:{time:0x3f0f}}]})
< recv_ping(server,{protocol:udp,addr:0xb000002,port:0x2c8c,interface:ivy},{protocol:udp,addr:0xb000001,port:0x115b,interface:ivy},{payload:[{frame.ping:{data:[0x70,0x69,0x6e,0x67]}},{frame.timestamp:{time:0x6acfeffc}}]})
< show_current_time(0x4ef)
< show_estimated_latency(0x953053bc)
> frame.pong.handle({data:[0x70,0x6f,0x6e,0x67]})
> frame.timestamp.handle({time:0x3})
> ping_packet_event({protocol:udp,addr:0xb000001,port:0x115b,interface:ivy},{protocol:udp,addr:0xb000002,port:0x2c8c,interface:ivy},{payload:[{frame.pong:{data:[0x70,0x6f,0x6e,0x67]}},{frame.timestamp:{time:0x44d0}}]})
< recv_ping(server,{protocol:udp,addr:0xb000002,port:0x2c8c,interface:ivy},{protocol:udp,addr:0xb000001,port:0x115b,interface:ivy},{payload:[{frame.ping:{data:[0x70,0x69,0x6e,0x67]}},{frame.timestamp:{time:0x6acff7fc}}]})
< show_current_time(0x834)
< show_estimated_latency(0x953053f0)
> frame.pong.handle({data:[0x70,0x6f,0x6e,0x67]})
> frame.timestamp.handle({time:0x2})
> ping_packet_event({protocol:udp,addr:0xb000001,port:0x115b,interface:ivy},{protocol:udp,addr:0xb000002,port:0x2c8c,interface:ivy},{payload:[{frame.pong:{data:[0x70,0x6f,0x6e,0x67]}},{frame.timestamp:{time:0x4c19}}]})
< recv_ping(server,{protocol:udp,addr:0xb000002,port:0x2c8c,interface:ivy},{protocol:udp,addr:0xb000001,port:0x115b,interface:ivy},{payload:[{frame.ping:{data:[0x70,0x69,0x6e,0x67]}},{frame.timestamp:{time:0x6acffddd}}]})
< show_current_time(0x5dd)
< show_estimated_latency(0x953053ec)
> frame.pong.handle({data:[0x70,0x6f,0x6e,0x67]})
> frame.timestamp.handle({time:0x2})
> ping_packet_event({protocol:udp,addr:0xb000001,port:0x115b,interface:ivy},{protocol:udp,addr:0xb000002,port:0x2c8c,interface:ivy},{payload:[{frame.pong:{data:[0x70,0x6f,0x6e,0x67]}},{frame.timestamp:{time:0x51f1}}]})
< recv_ping(server,{protocol:udp,addr:0xb000002,port:0x2c8c,interface:ivy},{protocol:udp,addr:0xb000001,port:0x115b,interface:ivy},{payload:[{frame.ping:{data:[0x70,0x69,0x6e,0x67]}},{frame.timestamp:{time:0x6ad003fc}}]})
< show_current_time(0x623)
< show_estimated_latency(0x953053f0)
> frame.pong.handle({data:[0x70,0x6f,0x6e,0x67]})
> frame.timestamp.handle({time:0x1})
> ping_packet_event({protocol:udp,addr:0xb000001,port:0x115b,interface:ivy},{protocol:udp,addr:0xb000002,port:0x2c8c,interface:ivy},{payload:[{frame.pong:{data:[0x70,0x6f,0x6e,0x67]}},{frame.timestamp:{time:0x57f1}}]})
< recv_ping(server,{protocol:udp,addr:0xb000002,port:0x2c8c,interface:ivy},{protocol:udp,addr:0xb000001,port:0x115b,interface:ivy},{payload:[{frame.ping:{data:[0x70,0x69,0x6e,0x67]}},{frame.timestamp:{time:0x6ad00adf}}]})
< show_current_time(0x62f)
< show_estimated_latency(0x9530533c)
> frame.pong.handle({data:[0x70,0x6f,0x6e,0x67]})
> frame.timestamp.handle({time:0})
> ping_packet_event({protocol:udp,addr:0xb000001,port:0x115b,interface:ivy},{protocol:udp,addr:0xb000002,port:0x2c8c,interface:ivy},{payload:[{frame.pong:{data:[0x70,0x6f,0x6e,0x67]}},{frame.timestamp:{time:0x5ec5}}]})
< recv_ping(server,{protocol:udp,addr:0xb000002,port:0x2c8c,interface:ivy},{protocol:udp,addr:0xb000001,port:0x115b,interface:ivy},{payload:[{frame.ping:{data:[0x70,0x69,0x6e,0x67]}},{frame.timestamp:{time:0x6ad010dd}}]})
< show_current_time(0x5ee)
< show_estimated_latency(0x9530532c)
> frame.pong.handle({data:[0x70,0x6f,0x6e,0x67]})
> frame.timestamp.handle({time:0x3})
> ping_packet_event({protocol:udp,addr:0xb000001,port:0x115b,interface:ivy},{protocol:udp,addr:0xb000002,port:0x2c8c,interface:ivy},{payload:[{frame.pong:{data:[0x70,0x6f,0x6e,0x67]}},{frame.timestamp:{time:0x6436}}]})
< recv_ping(server,{protocol:udp,addr:0xb000002,port:0x2c8c,interface:ivy},{protocol:udp,addr:0xb000001,port:0x115b,interface:ivy},{payload:[{frame.ping:{data:[0x70,0x69,0x6e,0x67]}},{frame.timestamp:{time:0x6ad017dd}}]})
< show_current_time(0x74c)
< show_estimated_latency(0x95305378)
> frame.pong.handle({data:[0x70,0x6f,0x6e,0x67]})
> frame.timestamp.handle({time:0x4})
> ping_packet_event({protocol:udp,addr:0xb000001,port:0x115b,interface:ivy},{protocol:udp,addr:0xb000002,port:0x2c8c,interface:ivy},{payload:[{frame.pong:{data:[0x70,0x6f,0x6e,0x67]}},{frame.timestamp:{time:0x6b73}}]})
< recv_ping(server,{protocol:udp,addr:0xb000002,port:0x2c8c,interface:ivy},{protocol:udp,addr:0xb000001,port:0x115b,interface:ivy},{payload:[{frame.ping:{data:[0x70,0x69,0x6e,0x67]}},{frame.timestamp:{time:0x6ad01edf}}]})
< show_current_time(0x6be)
< show_estimated_latency(0x95305334)
> frame.pong.handle({data:[0x70,0x6f,0x6e,0x67]})
> frame.timestamp.handle({time:0x1})
> ping_packet_event({protocol:udp,addr:0xb000001,port:0x115b,interface:ivy},{protocol:udp,addr:0xb000002,port:0x2c8c,interface:ivy},{payload:[{frame.pong:{data:[0x70,0x6f,0x6e,0x67]}},{frame.timestamp:{time:0x7218}}]})
< recv_ping(server,{protocol:udp,addr:0xb000002,port:0x2c8c,interface:ivy},{protocol:udp,addr:0xb000001,port:0x115b,interface:ivy},{payload:[{frame.ping:{data:[0x70,0x69,0x6e,0x67]}},{frame.timestamp:{time:0x6ad024fd}}]})
< show_current_time(0x64e)
< show_estimated_latency(0x95305364)
> frame.pong.handle({data:[0x70,0x6f,0x6e,0x67]})
> frame.timestamp.handle({time:0x3})
> ping_packet_event({protocol:udp,addr:0xb000001,port:0x115b,interface:ivy},{protocol:udp,addr:0xb000002,port:0x2c8c,interface:ivy},{payload:[{frame.pong:{data:[0x70,0x6f,0x6e,0x67]}},{frame.timestamp:{time:0x7875}}]})
< recv_ping(server,{protocol:udp,addr:0xb000002,port:0x2c8c,interface:ivy},{protocol:udp,addr:0xb000001,port:0x115b,interface:ivy},{payload:[{frame.ping:{data:[0x70,0x69,0x6e,0x67]}},{frame.timestamp:{time:0x6ad02afc}}]})
< show_current_time(0x65b)
< show_estimated_latency(0x953053c0)
> frame.pong.handle({data:[0x70,0x6f,0x6e,0x67]})
> frame.timestamp.handle({time:0})
> ping_packet_event({protocol:udp,addr:0xb000001,port:0x115b,interface:ivy},{protocol:udp,addr:0xb000002,port:0x2c8c,interface:ivy},{payload:[{frame.pong:{data:[0x70,0x6f,0x6e,0x67]}},{frame.timestamp:{time:0x7ecb}}]})
< recv_ping(server,{protocol:udp,addr:0xb000002,port:0x2c8c,interface:ivy},{protocol:udp,addr:0xb000001,port:0x115b,interface:ivy},{payload:[{frame.ping:{data:[0x70,0x69,0x6e,0x67]}},{frame.timestamp:{time:0x6ad02fdc}}]})
< show_current_time(0x484)
< show_estimated_latency(0x95305364)
> frame.pong.handle({data:[0x70,0x6f,0x6e,0x67]})
> frame.timestamp.handle({time:0})
> ping_packet_event({protocol:udp,addr:0xb000001,port:0x115b,interface:ivy},{protocol:udp,addr:0xb000002,port:0x2c8c,interface:ivy},{payload:[{frame.pong:{data:[0x70,0x6f,0x6e,0x67]}},{frame.timestamp:{time:0x837c}}]})
< recv_ping(server,{protocol:udp,addr:0xb000002,port:0x2c8c,interface:ivy},{protocol:udp,addr:0xb000001,port:0x115b,interface:ivy},{payload:[{frame.ping:{data:[0x70,0x69,0x6e,0x67]}},{frame.timestamp:{time:0x6ad034de}}]})
< show_current_time(0x592)
< show_estimated_latency(0x953053f4)
> frame.pong.handle({data:[0x70,0x6f,0x6e,0x67]})
> frame.timestamp.handle({time:0x1})
> ping_packet_event({protocol:udp,addr:0xb000001,port:0x115b,interface:ivy},{protocol:udp,addr:0xb000002,port:0x2c8c,interface:ivy},{payload:[{frame.pong:{data:[0x70,0x6f,0x6e,0x67]}},{frame.timestamp:{time:0x88f5}}]})
< recv_ping(server,{protocol:udp,addr:0xb000002,port:0x2c8c,interface:ivy},{protocol:udp,addr:0xb000001,port:0x115b,interface:ivy},{payload:[{frame.ping:{data:[0x70,0x69,0x6e,0x67]}},{frame.timestamp:{time:0x6ad03bdd}}]})
< show_current_time(0x6f3)
< show_estimated_latency(0x953053e8)
> frame.pong.handle({data:[0x70,0x6f,0x6e,0x67]})
> frame.timestamp.handle({time:0})
> ping_packet_event({protocol:udp,addr:0xb000001,port:0x115b,interface:ivy},{protocol:udp,addr:0xb000002,port:0x2c8c,interface:ivy},{payload:[{frame.pong:{data:[0x70,0x6f,0x6e,0x67]}},{frame.timestamp:{time:0x8fe8}}]})
< recv_ping(server,{protocol:udp,addr:0xb000002,port:0x2c8c,interface:ivy},{protocol:udp,addr:0xb000001,port:0x115b,interface:ivy},{payload:[{frame.ping:{data:[0x70,0x69,0x6e,0x67]}},{frame.timestamp:{time:0x6ad043fc}}]})
< show_current_time(0x79b)
< show_estimated_latency(0x95305364)
> frame.pong.handle({data:[0x70,0x6f,0x6e,0x67]})
> frame.timestamp.handle({time:0x2})
> ping_packet_event({protocol:udp,addr:0xb000001,port:0x115b,interface:ivy},{protocol:udp,addr:0xb000002,port:0x2c8c,interface:ivy},{payload:[{frame.pong:{data:[0x70,0x6f,0x6e,0x67]}},{frame.timestamp:{time:0x976f}}]})
< recv_ping(server,{protocol:udp,addr:0xb000002,port:0x2c8c,interface:ivy},{protocol:udp,addr:0xb000001,port:0x115b,interface:ivy},{payload:[{frame.ping:{data:[0x70,0x69,0x6e,0x67]}},{frame.timestamp:{time:0x6ad047fe}}]})
< show_current_time(0x496)
< show_estimated_latency(0x953053f8)
> frame.pong.handle({data:[0x70,0x6f,0x6e,0x67]})
> frame.timestamp.handle({time:0x1})
test_completed
