"http_response_file.txt"
PROOTPATH 5b /PFV
"/PFV/Protocols-Ivy/doc/examples/quic/ping/http_response_file.txt"
3
SOCKET 4
source port number 0
binding client id: server addr: 184549377 port: 4443
source port number 4443
installing reader 2
COUCOU
[112]
[112,111]
[112,111,110]
[112,111,110,103]
[112,111,110,103]
RECEIVING start
RECEIVING __deser
C time = start
insertBreakpoint: name = "0"
insertBreakpoint: now.tv_sec = 946684800
insertBreakpoint: now.tv_usec = 10000
insertBreakpoint: name false = "0"
insertBreakpoint: end_ms false = 10000
insertBreakpoint: breakpoints_ms.count(name) false = 1
ping_s_init ping_deser 2
recv frame_type = 1
ping_s_frame 2
ping_s_init ping_deser 2
ping_s_frame 1
payload_length = 10
ping_s_init ping_deser 2
ping_s_frame 1
payload_length = 9
ping_s_init ping_deser 2
ping_s_frame 1
payload_length = 8
ping_s_init ping_deser 2
ping_s_frame 1
payload_length = 7
ping_s_init ping_deser 2
ping_s_payload ping_deser 2
recv frame_type = 3
ping_s_time 4
ping_s_time 1
payload_length = -2
ping_s_payload ping_deser 2
C time = now_millis_last_bp
getTimeFromBreakpoint: breakpoint  = "0"
getTimeFromBreakpoint: now.tv_usec = 10000
getTimeFromBreakpoint: end.tv_usec = 10000
C time = now_millis_last_bp - timer started
C time = now_millis_last_bp - time = 0
insertBreakpoint: name = "1"
insertBreakpoint: now.tv_sec = 946684800
insertBreakpoint: now.tv_usec = 10000
C time = now_millis
C time = now_millis - timer started
C time = now_millis - time = 0
call_generating = 0 -> SLEEPING
12
C time = sleep_signal - i = 2000
RECEIVING finsh
Timeout occurred. Sending SIGUSR1...
call_generating = 1 -> NOT SLEEPING
10
C time = now_millis
C time = now_millis - timer started
C time = now_millis - time = 2075
sending from socket: 4
port number 4443
sending to id: [[2,112,111,110,103,3,0,0,0,0,0,0,8,27]]
sending to id: server addr: 184549378 port: 11404
port number 4443
sending id finish
RECEIVING start
RECEIVING __deser
ping_s_init ping_deser 2
recv frame_type = 1
ping_s_frame 2
ping_s_init ping_deser 2
ping_s_frame 1
payload_length = 10
ping_s_init ping_deser 2
ping_s_frame 1
payload_length = 9
ping_s_init ping_deser 2
ping_s_frame 1
payload_length = 8
ping_s_init ping_deser 2
ping_s_frame 1
payload_length = 7
ping_s_init ping_deser 2
ping_s_payload ping_deser 2
recv frame_type = 3
ping_s_time 4
ping_s_time 1
payload_length = -2
ping_s_payload ping_deser 2
C time = now_millis_last_bp
getTimeFromBreakpoint: breakpoint  = "1"
getTimeFromBreakpoint: now.tv_usec = 138000
getTimeFromBreakpoint: end.tv_usec = 10000
C time = now_millis_last_bp - timer started
C time = now_millis_last_bp - time = 3128
insertBreakpoint: name = "2"
insertBreakpoint: now.tv_sec = 946684803
insertBreakpoint: now.tv_usec = 138000
C time = now_millis
C time = now_millis - timer started
C time = now_millis - time = 3128
RECEIVING finsh
C time = now_millis
C time = now_millis - timer started
C time = now_millis - time = 3213
sending from socket: 4
port number 4443
sending to id: [[2,112,111,110,103,3,0,0,0,0,0,0,12,141]]
sending to id: server addr: 184549378 port: 11404
port number 4443
sending id finish
RECEIVING start
RECEIVING __deser
ping_s_init ping_deser 2
recv frame_type = 1
ping_s_frame 2
ping_s_init ping_deser 2
ping_s_frame 1
payload_length = 10
ping_s_init ping_deser 2
ping_s_frame 1
payload_length = 9
ping_s_init ping_deser 2
ping_s_frame 1
payload_length = 8
ping_s_init ping_deser 2
ping_s_frame 1
payload_length = 7
ping_s_init ping_deser 2
ping_s_payload ping_deser 2
recv frame_type = 3
ping_s_time 4
ping_s_time 1
payload_length = -2
ping_s_payload ping_deser 2
C time = now_millis_last_bp
getTimeFromBreakpoint: breakpoint  = "2"
getTimeFromBreakpoint: now.tv_usec = 174000
getTimeFromBreakpoint: end.tv_usec = 138000
C time = now_millis_last_bp - timer started
C time = now_millis_last_bp - time = 2036
insertBreakpoint: name = "3"
insertBreakpoint: now.tv_sec = 946684805
insertBreakpoint: now.tv_usec = 174000
C time = now_millis
C time = now_millis - timer started
C time = now_millis - time = 5164
RECEIVING finsh
C time = now_millis
C time = now_millis - timer started
C time = now_millis - time = 5179
sending from socket: 4
port number 4443
sending to id: [[2,112,111,110,103,3,0,0,0,0,0,0,20,59]]
sending to id: server addr: 184549378 port: 11404
port number 4443
sending id finish
RECEIVING start
RECEIVING __deser
ping_s_init ping_deser 2
recv frame_type = 1
ping_s_frame 2
ping_s_init ping_deser 2
ping_s_frame 1
payload_length = 10
ping_s_init ping_deser 2
ping_s_frame 1
payload_length = 9
ping_s_init ping_deser 2
ping_s_frame 1
payload_length = 8
ping_s_init ping_deser 2
ping_s_frame 1
payload_length = 7
ping_s_init ping_deser 2
ping_s_payload ping_deser 2
recv frame_type = 3
ping_s_time 4
ping_s_time 1
payload_length = -2
ping_s_payload ping_deser 2
C time = now_millis_last_bp
getTimeFromBreakpoint: breakpoint  = "3"
getTimeFromBreakpoint: now.tv_usec = 463000
getTimeFromBreakpoint: end.tv_usec = 174000
C time = now_millis_last_bp - timer started
C time = now_millis_last_bp - time = 1289
insertBreakpoint: name = "4"
insertBreakpoint: now.tv_sec = 946684806
insertBreakpoint: now.tv_usec = 463000
C time = now_millis
C time = now_millis - timer started
C time = now_millis - time = 6453
RECEIVING finsh
C time = now_millis
C time = now_millis - timer started
C time = now_millis - time = 6503
sending from socket: 4
port number 4443
sending to id: [[2,112,111,110,103,3,0,0,0,0,0,0,25,103]]
sending to id: server addr: 184549378 port: 11404
port number 4443
sending id finish
RECEIVING start
RECEIVING __deser
ping_s_init ping_deser 2
recv frame_type = 1
ping_s_frame 2
ping_s_init ping_deser 2
ping_s_frame 1
payload_length = 10
ping_s_init ping_deser 2
ping_s_frame 1
payload_length = 9
ping_s_init ping_deser 2
ping_s_frame 1
payload_length = 8
ping_s_init ping_deser 2
ping_s_frame 1
payload_length = 7
ping_s_init ping_deser 2
ping_s_payload ping_deser 2
recv frame_type = 3
ping_s_time 4
ping_s_time 1
payload_length = -2
ping_s_payload ping_deser 2
C time = now_millis_last_bp
getTimeFromBreakpoint: breakpoint  = "4"
getTimeFromBreakpoint: now.tv_usec = 934000
getTimeFromBreakpoint: end.tv_usec = 463000
C time = now_millis_last_bp - timer started
C time = now_millis_last_bp - time = 1471
insertBreakpoint: name = "5"
insertBreakpoint: now.tv_sec = 946684807
insertBreakpoint: now.tv_usec = 934000
C time = now_millis
C time = now_millis - timer started
C time = now_millis - time = 7924
RECEIVING finsh
C time = now_millis
C time = now_millis - timer started
C time = now_millis - time = 7979
sending from socket: 4
port number 4443
sending to id: [[2,112,111,110,103,3,0,0,0,0,0,0,31,43]]
sending to id: server addr: 184549378 port: 11404
port number 4443
sending id finish
RECEIVING start
RECEIVING __deser
ping_s_init ping_deser 2
recv frame_type = 1
ping_s_frame 2
ping_s_init ping_deser 2
ping_s_frame 1
payload_length = 10
ping_s_init ping_deser 2
ping_s_frame 1
payload_length = 9
ping_s_init ping_deser 2
ping_s_frame 1
payload_length = 8
ping_s_init ping_deser 2
ping_s_frame 1
payload_length = 7
ping_s_init ping_deser 2
ping_s_payload ping_deser 2
recv frame_type = 3
ping_s_time 4
ping_s_time 1
payload_length = -2
ping_s_payload ping_deser 2
C time = now_millis_last_bp
getTimeFromBreakpoint: breakpoint  = "5"
getTimeFromBreakpoint: now.tv_usec = 498000
getTimeFromBreakpoint: end.tv_usec = 934000
C time = now_millis_last_bp - timer started
C time = now_millis_last_bp - time = 1564
insertBreakpoint: name = "6"
insertBreakpoint: now.tv_sec = 946684809
insertBreakpoint: now.tv_usec = 498000
C time = now_millis
C time = now_millis - timer started
C time = now_millis - time = 9488
RECEIVING finsh
C time = now_millis
C time = now_millis - timer started
C time = now_millis - time = 9533
sending from socket: 4
port number 4443
sending to id: [[2,112,111,110,103,3,0,0,0,0,0,0,37,61]]
sending to id: server addr: 184549378 port: 11404
port number 4443
sending id finish
RECEIVING start
RECEIVING __deser
ping_s_init ping_deser 2
recv frame_type = 1
ping_s_frame 2
ping_s_init ping_deser 2
ping_s_frame 1
payload_length = 10
ping_s_init ping_deser 2
ping_s_frame 1
payload_length = 9
ping_s_init ping_deser 2
ping_s_frame 1
payload_length = 8
ping_s_init ping_deser 2
ping_s_frame 1
payload_length = 7
ping_s_init ping_deser 2
ping_s_payload ping_deser 2
recv frame_type = 3
ping_s_time 4
ping_s_time 1
payload_length = -2
ping_s_payload ping_deser 2
C time = now_millis_last_bp
getTimeFromBreakpoint: breakpoint  = "6"
getTimeFromBreakpoint: now.tv_usec = 789000
getTimeFromBreakpoint: end.tv_usec = 498000
C time = now_millis_last_bp - timer started
C time = now_millis_last_bp - time = 1291
insertBreakpoint: name = "7"
insertBreakpoint: now.tv_sec = 946684810
insertBreakpoint: now.tv_usec = 789000
C time = now_millis
C time = now_millis - timer started
C time = now_millis - time = 10779
RECEIVING finsh
C time = now_millis
C time = now_millis - timer started
C time = now_millis - time = 10874
sending from socket: 4
port number 4443
sending to id: [[2,112,111,110,103,3,0,0,0,0,0,0,42,122]]
sending to id: server addr: 184549378 port: 11404
port number 4443
sending id finish
RECEIVING start
RECEIVING __deser
ping_s_init ping_deser 2
recv frame_type = 1
ping_s_frame 2
ping_s_init ping_deser 2
ping_s_frame 1
payload_length = 10
ping_s_init ping_deser 2
ping_s_frame 1
payload_length = 9
ping_s_init ping_deser 2
ping_s_frame 1
payload_length = 8
ping_s_init ping_deser 2
ping_s_frame 1
payload_length = 7
ping_s_init ping_deser 2
ping_s_payload ping_deser 2
recv frame_type = 3
ping_s_time 4
ping_s_time 1
payload_length = -2
ping_s_payload ping_deser 2
C time = now_millis_last_bp
getTimeFromBreakpoint: breakpoint  = "7"
getTimeFromBreakpoint: now.tv_usec = 750000
getTimeFromBreakpoint: end.tv_usec = 789000
C time = now_millis_last_bp - timer started
C time = now_millis_last_bp - time = 1961
insertBreakpoint: name = "8"
insertBreakpoint: now.tv_sec = 946684812
insertBreakpoint: now.tv_usec = 750000
C time = now_millis
C time = now_millis - timer started
C time = now_millis - time = 12740
RECEIVING finsh
C time = now_millis
C time = now_millis - timer started
C time = now_millis - time = 12740
sending from socket: 4
port number 4443
sending to id: [[2,112,111,110,103,3,0,0,0,0,0,0,49,196]]
sending to id: server addr: 184549378 port: 11404
port number 4443
sending id finish
RECEIVING start
RECEIVING __deser
ping_s_init ping_deser 2
recv frame_type = 1
ping_s_frame 2
ping_s_init ping_deser 2
ping_s_frame 1
payload_length = 10
ping_s_init ping_deser 2
ping_s_frame 1
payload_length = 9
ping_s_init ping_deser 2
ping_s_frame 1
payload_length = 8
ping_s_init ping_deser 2
ping_s_frame 1
payload_length = 7
ping_s_init ping_deser 2
ping_s_payload ping_deser 2
recv frame_type = 3
ping_s_time 4
ping_s_time 1
payload_length = -2
ping_s_payload ping_deser 2
C time = now_millis_last_bp
getTimeFromBreakpoint: breakpoint  = "8"
getTimeFromBreakpoint: now.tv_usec = 372000
getTimeFromBreakpoint: end.tv_usec = 750000
C time = now_millis_last_bp - timer started
C time = now_millis_last_bp - time = 1622
insertBreakpoint: name = "9"
insertBreakpoint: now.tv_sec = 946684814
insertBreakpoint: now.tv_usec = 372000
C time = now_millis
C time = now_millis - timer started
C time = now_millis - time = 14362
RECEIVING finsh
C time = now_millis
C time = now_millis - timer started
C time = now_millis - time = 14362
sending from socket: 4
port number 4443
sending to id: [[2,112,111,110,103,3,0,0,0,0,0,0,56,26]]
sending to id: server addr: 184549378 port: 11404
port number 4443
sending id finish
RECEIVING start
RECEIVING __deser
ping_s_init ping_deser 2
recv frame_type = 1
ping_s_frame 2
ping_s_init ping_deser 2
ping_s_frame 1
payload_length = 10
ping_s_init ping_deser 2
ping_s_frame 1
payload_length = 9
ping_s_init ping_deser 2
ping_s_frame 1
payload_length = 8
ping_s_init ping_deser 2
ping_s_frame 1
payload_length = 7
ping_s_init ping_deser 2
ping_s_payload ping_deser 2
recv frame_type = 3
ping_s_time 4
ping_s_time 1
payload_length = -2
ping_s_payload ping_deser 2
C time = now_millis_last_bp
getTimeFromBreakpoint: breakpoint  = "9"
getTimeFromBreakpoint: now.tv_usec = 83000
getTimeFromBreakpoint: end.tv_usec = 372000
C time = now_millis_last_bp - timer started
C time = now_millis_last_bp - time = 1711
insertBreakpoint: name = "10"
insertBreakpoint: now.tv_sec = 946684816
insertBreakpoint: now.tv_usec = 83000
C time = now_millis
C time = now_millis - timer started
C time = now_millis - time = 16073
RECEIVING finsh
C time = now_millis
C time = now_millis - timer started
C time = now_millis - time = 16143
sending from socket: 4
port number 4443
sending to id: [[2,112,111,110,103,3,0,0,0,0,0,0,63,15]]
sending to id: server addr: 184549378 port: 11404
port number 4443
sending id finish
RECEIVING start
RECEIVING __deser
ping_s_init ping_deser 2
recv frame_type = 1
ping_s_frame 2
ping_s_init ping_deser 2
ping_s_frame 1
payload_length = 10
ping_s_init ping_deser 2
ping_s_frame 1
payload_length = 9
ping_s_init ping_deser 2
ping_s_frame 1
payload_length = 8
ping_s_init ping_deser 2
ping_s_frame 1
payload_length = 7
ping_s_init ping_deser 2
ping_s_payload ping_deser 2
recv frame_type = 3
ping_s_time 4
ping_s_time 1
payload_length = -2
ping_s_payload ping_deser 2
C time = now_millis_last_bp
getTimeFromBreakpoint: breakpoint  = "10"
getTimeFromBreakpoint: now.tv_usec = 346000
getTimeFromBreakpoint: end.tv_usec = 83000
C time = now_millis_last_bp - timer started
C time = now_millis_last_bp - time = 1263
insertBreakpoint: name = "11"
insertBreakpoint: now.tv_sec = 946684817
insertBreakpoint: now.tv_usec = 346000
C time = now_millis
C time = now_millis - timer started
C time = now_millis - time = 17336
RECEIVING finsh
C time = now_millis
C time = now_millis - timer started
C time = now_millis - time = 17616
sending from socket: 4
port number 4443
sending to id: [[2,112,111,110,103,3,0,0,0,0,0,0,68,208]]
sending to id: server addr: 184549378 port: 11404
port number 4443
sending id finish
RECEIVING start
RECEIVING __deser
ping_s_init ping_deser 2
recv frame_type = 1
ping_s_frame 2
ping_s_init ping_deser 2
ping_s_frame 1
payload_length = 10
ping_s_init ping_deser 2
ping_s_frame 1
payload_length = 9
ping_s_init ping_deser 2
ping_s_frame 1
payload_length = 8
ping_s_init ping_deser 2
ping_s_frame 1
payload_length = 7
ping_s_init ping_deser 2
ping_s_payload ping_deser 2
recv frame_type = 3
ping_s_time 4
ping_s_time 1
payload_length = -2
ping_s_payload ping_deser 2
C time = now_millis_last_bp
getTimeFromBreakpoint: breakpoint  = "11"
getTimeFromBreakpoint: now.tv_usec = 446000
getTimeFromBreakpoint: end.tv_usec = 346000
C time = now_millis_last_bp - timer started
C time = now_millis_last_bp - time = 2100
insertBreakpoint: name = "12"
insertBreakpoint: now.tv_sec = 946684819
insertBreakpoint: now.tv_usec = 446000
C time = now_millis
C time = now_millis - timer started
C time = now_millis - time = 19436
RECEIVING finsh
C time = now_millis
C time = now_millis - timer started
C time = now_millis - time = 19481
sending from socket: 4
port number 4443
sending to id: [[2,112,111,110,103,3,0,0,0,0,0,0,76,25]]
sending to id: server addr: 184549378 port: 11404
port number 4443
sending id finish
RECEIVING start
RECEIVING __deser
ping_s_init ping_deser 2
recv frame_type = 1
ping_s_frame 2
ping_s_init ping_deser 2
ping_s_frame 1
payload_length = 10
ping_s_init ping_deser 2
ping_s_frame 1
payload_length = 9
ping_s_init ping_deser 2
ping_s_frame 1
payload_length = 8
ping_s_init ping_deser 2
ping_s_frame 1
payload_length = 7
ping_s_init ping_deser 2
ping_s_payload ping_deser 2
recv frame_type = 3
ping_s_time 4
ping_s_time 1
payload_length = -2
ping_s_payload ping_deser 2
C time = now_millis_last_bp
getTimeFromBreakpoint: breakpoint  = "12"
getTimeFromBreakpoint: now.tv_usec = 947000
getTimeFromBreakpoint: end.tv_usec = 446000
C time = now_millis_last_bp - timer started
C time = now_millis_last_bp - time = 1501
insertBreakpoint: name = "13"
insertBreakpoint: now.tv_sec = 946684820
insertBreakpoint: now.tv_usec = 947000
C time = now_millis
C time = now_millis - timer started
C time = now_millis - time = 20937
RECEIVING finsh
C time = now_millis
C time = now_millis - timer started
C time = now_millis - time = 20977
sending from socket: 4
port number 4443
sending to id: [[2,112,111,110,103,3,0,0,0,0,0,0,81,241]]
sending to id: server addr: 184549378 port: 11404
port number 4443
sending id finish
RECEIVING start
RECEIVING __deser
ping_s_init ping_deser 2
recv frame_type = 1
ping_s_frame 2
ping_s_init ping_deser 2
ping_s_frame 1
payload_length = 10
ping_s_init ping_deser 2
ping_s_frame 1
payload_length = 9
ping_s_init ping_deser 2
ping_s_frame 1
payload_length = 8
ping_s_init ping_deser 2
ping_s_frame 1
payload_length = 7
ping_s_init ping_deser 2
ping_s_payload ping_deser 2
recv frame_type = 3
ping_s_time 4
ping_s_time 1
payload_length = -2
ping_s_payload ping_deser 2
C time = now_millis_last_bp
getTimeFromBreakpoint: breakpoint  = "13"
getTimeFromBreakpoint: now.tv_usec = 518000
getTimeFromBreakpoint: end.tv_usec = 947000
C time = now_millis_last_bp - timer started
C time = now_millis_last_bp - time = 1571
insertBreakpoint: name = "14"
insertBreakpoint: now.tv_sec = 946684822
insertBreakpoint: now.tv_usec = 518000
C time = now_millis
C time = now_millis - timer started
C time = now_millis - time = 22508
RECEIVING finsh
C time = now_millis
C time = now_millis - timer started
C time = now_millis - time = 22513
sending from socket: 4
port number 4443
sending to id: [[2,112,111,110,103,3,0,0,0,0,0,0,87,241]]
sending to id: server addr: 184549378 port: 11404
port number 4443
sending id finish
RECEIVING start
RECEIVING __deser
ping_s_init ping_deser 2
recv frame_type = 1
ping_s_frame 2
ping_s_init ping_deser 2
ping_s_frame 1
payload_length = 10
ping_s_init ping_deser 2
ping_s_frame 1
payload_length = 9
ping_s_init ping_deser 2
ping_s_frame 1
payload_length = 8
ping_s_init ping_deser 2
ping_s_frame 1
payload_length = 7
ping_s_init ping_deser 2
ping_s_payload ping_deser 2
recv frame_type = 3
ping_s_time 4
ping_s_time 1
payload_length = -2
ping_s_payload ping_deser 2
C time = now_millis_last_bp
getTimeFromBreakpoint: breakpoint  = "14"
getTimeFromBreakpoint: now.tv_usec = 101000
getTimeFromBreakpoint: end.tv_usec = 518000
C time = now_millis_last_bp - timer started
C time = now_millis_last_bp - time = 1583
insertBreakpoint: name = "15"
insertBreakpoint: now.tv_sec = 946684824
insertBreakpoint: now.tv_usec = 101000
C time = now_millis
C time = now_millis - timer started
C time = now_millis - time = 24091
RECEIVING finsh
C time = now_millis
C time = now_millis - timer started
C time = now_millis - time = 24261
sending from socket: 4
port number 4443
sending to id: [[2,112,111,110,103,3,0,0,0,0,0,0,94,197]]
sending to id: server addr: 184549378 port: 11404
port number 4443
sending id finish
RECEIVING start
RECEIVING __deser
ping_s_init ping_deser 2
recv frame_type = 1
ping_s_frame 2
ping_s_init ping_deser 2
ping_s_frame 1
payload_length = 10
ping_s_init ping_deser 2
ping_s_frame 1
payload_length = 9
ping_s_init ping_deser 2
ping_s_frame 1
payload_length = 8
ping_s_init ping_deser 2
ping_s_frame 1
payload_length = 7
ping_s_init ping_deser 2
ping_s_payload ping_deser 2
recv frame_type = 3
ping_s_time 4
ping_s_time 1
payload_length = -2
ping_s_payload ping_deser 2
C time = now_millis_last_bp
getTimeFromBreakpoint: breakpoint  = "15"
getTimeFromBreakpoint: now.tv_usec = 619000
getTimeFromBreakpoint: end.tv_usec = 101000
C time = now_millis_last_bp - timer started
C time = now_millis_last_bp - time = 1518
insertBreakpoint: name = "16"
insertBreakpoint: now.tv_sec = 946684825
insertBreakpoint: now.tv_usec = 619000
C time = now_millis
C time = now_millis - timer started
C time = now_millis - time = 25609
RECEIVING finsh
C time = now_millis
C time = now_millis - timer started
C time = now_millis - time = 25654
sending from socket: 4
port number 4443
sending to id: [[2,112,111,110,103,3,0,0,0,0,0,0,100,54]]
sending to id: server addr: 184549378 port: 11404
port number 4443
sending id finish
RECEIVING start
RECEIVING __deser
ping_s_init ping_deser 2
recv frame_type = 1
ping_s_frame 2
ping_s_init ping_deser 2
ping_s_frame 1
payload_length = 10
ping_s_init ping_deser 2
ping_s_frame 1
payload_length = 9
ping_s_init ping_deser 2
ping_s_frame 1
payload_length = 8
ping_s_init ping_deser 2
ping_s_frame 1
payload_length = 7
ping_s_init ping_deser 2
ping_s_payload ping_deser 2
recv frame_type = 3
ping_s_time 4
ping_s_time 1
payload_length = -2
ping_s_payload ping_deser 2
C time = now_millis_last_bp
getTimeFromBreakpoint: breakpoint  = "16"
getTimeFromBreakpoint: now.tv_usec = 487000
getTimeFromBreakpoint: end.tv_usec = 619000
C time = now_millis_last_bp - timer started
C time = now_millis_last_bp - time = 1868
insertBreakpoint: name = "17"
insertBreakpoint: now.tv_sec = 946684827
insertBreakpoint: now.tv_usec = 487000
C time = now_millis
C time = now_millis - timer started
C time = now_millis - time = 27477
RECEIVING finsh
C time = now_millis
C time = now_millis - timer started
C time = now_millis - time = 27507
sending from socket: 4
port number 4443
sending to id: [[2,112,111,110,103,3,0,0,0,0,0,0,107,115]]
sending to id: server addr: 184549378 port: 11404
port number 4443
sending id finish
RECEIVING start
RECEIVING __deser
ping_s_init ping_deser 2
recv frame_type = 1
ping_s_frame 2
ping_s_init ping_deser 2
ping_s_frame 1
payload_length = 10
ping_s_init ping_deser 2
ping_s_frame 1
payload_length = 9
ping_s_init ping_deser 2
ping_s_frame 1
payload_length = 8
ping_s_init ping_deser 2
ping_s_frame 1
payload_length = 7
ping_s_init ping_deser 2
ping_s_payload ping_deser 2
recv frame_type = 3
ping_s_time 4
ping_s_time 1
payload_length = -2
ping_s_payload ping_deser 2
C time = now_millis_last_bp
getTimeFromBreakpoint: breakpoint  = "17"
getTimeFromBreakpoint: now.tv_usec = 213000
getTimeFromBreakpoint: end.tv_usec = 487000
C time = now_millis_last_bp - timer started
C time = now_millis_last_bp - time = 1726
insertBreakpoint: name = "18"
insertBreakpoint: now.tv_sec = 946684829
insertBreakpoint: now.tv_usec = 213000
C time = now_millis
C time = now_millis - timer started
C time = now_millis - time = 29203
RECEIVING finsh
C time = now_millis
C time = now_millis - timer started
C time = now_millis - time = 29208
sending from socket: 4
port number 4443
sending to id: [[2,112,111,110,103,3,0,0,0,0,0,0,114,24]]
sending to id: server addr: 184549378 port: 11404
port number 4443
sending id finish
RECEIVING start
RECEIVING __deser
ping_s_init ping_deser 2
recv frame_type = 1
ping_s_frame 2
ping_s_init ping_deser 2
ping_s_frame 1
payload_length = 10
ping_s_init ping_deser 2
ping_s_frame 1
payload_length = 9
ping_s_init ping_deser 2
ping_s_frame 1
payload_length = 8
ping_s_init ping_deser 2
ping_s_frame 1
payload_length = 7
ping_s_init ping_deser 2
ping_s_payload ping_deser 2
recv frame_type = 3
ping_s_time 4
ping_s_time 1
payload_length = -2
ping_s_payload ping_deser 2
C time = now_millis_last_bp
getTimeFromBreakpoint: breakpoint  = "18"
getTimeFromBreakpoint: now.tv_usec = 827000
getTimeFromBreakpoint: end.tv_usec = 213000
C time = now_millis_last_bp - timer started
C time = now_millis_last_bp - time = 1614
insertBreakpoint: name = "19"
insertBreakpoint: now.tv_sec = 946684830
insertBreakpoint: now.tv_usec = 827000
C time = now_millis
C time = now_millis - timer started
C time = now_millis - time = 30817
RECEIVING finsh
C time = now_millis
C time = now_millis - timer started
C time = now_millis - time = 30837
sending from socket: 4
port number 4443
sending to id: [[2,112,111,110,103,3,0,0,0,0,0,0,120,117]]
sending to id: server addr: 184549378 port: 11404
port number 4443
sending id finish
RECEIVING start
RECEIVING __deser
ping_s_init ping_deser 2
recv frame_type = 1
ping_s_frame 2
ping_s_init ping_deser 2
ping_s_frame 1
payload_length = 10
ping_s_init ping_deser 2
ping_s_frame 1
payload_length = 9
ping_s_init ping_deser 2
ping_s_frame 1
payload_length = 8
ping_s_init ping_deser 2
ping_s_frame 1
payload_length = 7
ping_s_init ping_deser 2
ping_s_payload ping_deser 2
recv frame_type = 3
ping_s_time 4
ping_s_time 1
payload_length = -2
ping_s_payload ping_deser 2
C time = now_millis_last_bp
getTimeFromBreakpoint: breakpoint  = "19"
getTimeFromBreakpoint: now.tv_usec = 454000
getTimeFromBreakpoint: end.tv_usec = 827000
C time = now_millis_last_bp - timer started
C time = now_millis_last_bp - time = 1627
insertBreakpoint: name = "20"
insertBreakpoint: now.tv_sec = 946684832
insertBreakpoint: now.tv_usec = 454000
C time = now_millis
C time = now_millis - timer started
C time = now_millis - time = 32444
RECEIVING finsh
C time = now_millis
C time = now_millis - timer started
C time = now_millis - time = 32459
sending from socket: 4
port number 4443
sending to id: [[2,112,111,110,103,3,0,0,0,0,0,0,126,203]]
sending to id: server addr: 184549378 port: 11404
port number 4443
sending id finish
RECEIVING start
RECEIVING __deser
ping_s_init ping_deser 2
recv frame_type = 1
ping_s_frame 2
ping_s_init ping_deser 2
ping_s_frame 1
payload_length = 10
ping_s_init ping_deser 2
ping_s_frame 1
payload_length = 9
ping_s_init ping_deser 2
ping_s_frame 1
payload_length = 8
ping_s_init ping_deser 2
ping_s_frame 1
payload_length = 7
ping_s_init ping_deser 2
ping_s_payload ping_deser 2
recv frame_type = 3
ping_s_time 4
ping_s_time 1
payload_length = -2
ping_s_payload ping_deser 2
C time = now_millis_last_bp
getTimeFromBreakpoint: breakpoint  = "20"
getTimeFromBreakpoint: now.tv_usec = 610000
getTimeFromBreakpoint: end.tv_usec = 454000
C time = now_millis_last_bp - timer started
C time = now_millis_last_bp - time = 1156
insertBreakpoint: name = "21"
insertBreakpoint: now.tv_sec = 946684833
insertBreakpoint: now.tv_usec = 610000
C time = now_millis
C time = now_millis - timer started
C time = now_millis - time = 33600
RECEIVING finsh
C time = now_millis
C time = now_millis - timer started
C time = now_millis - time = 33660
sending from socket: 4
port number 4443
sending to id: [[2,112,111,110,103,3,0,0,0,0,0,0,131,124]]
sending to id: server addr: 184549378 port: 11404
port number 4443
sending id finish
RECEIVING start
RECEIVING __deser
ping_s_init ping_deser 2
recv frame_type = 1
ping_s_frame 2
ping_s_init ping_deser 2
ping_s_frame 1
payload_length = 10
ping_s_init ping_deser 2
ping_s_frame 1
payload_length = 9
ping_s_init ping_deser 2
ping_s_frame 1
payload_length = 8
ping_s_init ping_deser 2
ping_s_frame 1
payload_length = 7
ping_s_init ping_deser 2
ping_s_payload ping_deser 2
recv frame_type = 3
ping_s_time 4
ping_s_time 1
payload_length = -2
ping_s_payload ping_deser 2
C time = now_millis_last_bp
getTimeFromBreakpoint: breakpoint  = "21"
getTimeFromBreakpoint: now.tv_usec = 36000
getTimeFromBreakpoint: end.tv_usec = 610000
C time = now_millis_last_bp - timer started
C time = now_millis_last_bp - time = 1426
insertBreakpoint: name = "22"
insertBreakpoint: now.tv_sec = 946684835
insertBreakpoint: now.tv_usec = 36000
C time = now_millis
C time = now_millis - timer started
C time = now_millis - time = 35026
RECEIVING finsh
C time = now_millis
C time = now_millis - timer started
C time = now_millis - time = 35061
sending from socket: 4
port number 4443
sending to id: [[2,112,111,110,103,3,0,0,0,0,0,0,136,245]]
sending to id: server addr: 184549378 port: 11404
port number 4443
sending id finish
RECEIVING start
RECEIVING __deser
ping_s_init ping_deser 2
recv frame_type = 1
ping_s_frame 2
ping_s_init ping_deser 2
ping_s_frame 1
payload_length = 10
ping_s_init ping_deser 2
ping_s_frame 1
payload_length = 9
ping_s_init ping_deser 2
ping_s_frame 1
payload_length = 8
ping_s_init ping_deser 2
ping_s_frame 1
payload_length = 7
ping_s_init ping_deser 2
ping_s_payload ping_deser 2
recv frame_type = 3
ping_s_time 4
ping_s_time 1
payload_length = -2
ping_s_payload ping_deser 2
C time = now_millis_last_bp
getTimeFromBreakpoint: breakpoint  = "22"
getTimeFromBreakpoint: now.tv_usec = 815000
getTimeFromBreakpoint: end.tv_usec = 36000
C time = now_millis_last_bp - timer started
C time = now_millis_last_bp - time = 1779
insertBreakpoint: name = "23"
insertBreakpoint: now.tv_sec = 946684836
insertBreakpoint: now.tv_usec = 815000
C time = now_millis
C time = now_millis - timer started
C time = now_millis - time = 36805
RECEIVING finsh
C time = now_millis
C time = now_millis - timer started
C time = now_millis - time = 36840
sending from socket: 4
port number 4443
sending to id: [[2,112,111,110,103,3,0,0,0,0,0,0,143,232]]
sending to id: server addr: 184549378 port: 11404
port number 4443
sending id finish
RECEIVING start
RECEIVING __deser
ping_s_init ping_deser 2
recv frame_type = 1
ping_s_frame 2
ping_s_init ping_deser 2
ping_s_frame 1
payload_length = 10
ping_s_init ping_deser 2
ping_s_frame 1
payload_length = 9
ping_s_init ping_deser 2
ping_s_frame 1
payload_length = 8
ping_s_init ping_deser 2
ping_s_frame 1
payload_length = 7
ping_s_init ping_deser 2
ping_s_payload ping_deser 2
recv frame_type = 3
ping_s_time 4
ping_s_time 1
payload_length = -2
ping_s_payload ping_deser 2
C time = now_millis_last_bp
getTimeFromBreakpoint: breakpoint  = "23"
getTimeFromBreakpoint: now.tv_usec = 762000
getTimeFromBreakpoint: end.tv_usec = 815000
C time = now_millis_last_bp - timer started
C time = now_millis_last_bp - time = 1947
insertBreakpoint: name = "24"
insertBreakpoint: now.tv_sec = 946684838
insertBreakpoint: now.tv_usec = 762000
C time = now_millis
C time = now_millis - timer started
C time = now_millis - time = 38752
RECEIVING finsh
C time = now_millis
C time = now_millis - timer started
C time = now_millis - time = 38767
sending from socket: 4
port number 4443
sending to id: [[2,112,111,110,103,3,0,0,0,0,0,0,151,111]]
sending to id: server addr: 184549378 port: 11404
port number 4443
sending id finish
RECEIVING start
RECEIVING __deser
ping_s_init ping_deser 2
recv frame_type = 1
ping_s_frame 2
ping_s_init ping_deser 2
ping_s_frame 1
payload_length = 10
ping_s_init ping_deser 2
ping_s_frame 1
payload_length = 9
ping_s_init ping_deser 2
ping_s_frame 1
payload_length = 8
ping_s_init ping_deser 2
ping_s_frame 1
payload_length = 7
ping_s_init ping_deser 2
ping_s_payload ping_deser 2
recv frame_type = 3
ping_s_time 4
ping_s_time 1
payload_length = -2
ping_s_payload ping_deser 2
C time = now_millis_last_bp
getTimeFromBreakpoint: breakpoint  = "24"
getTimeFromBreakpoint: now.tv_usec = 936000
getTimeFromBreakpoint: end.tv_usec = 762000
C time = now_millis_last_bp - timer started
C time = now_millis_last_bp - time = 1174
insertBreakpoint: name = "25"
insertBreakpoint: now.tv_sec = 946684839
insertBreakpoint: now.tv_usec = 936000
C time = now_millis
C time = now_millis - timer started
C time = now_millis - time = 39926
RECEIVING finsh
C time = now_millis
C time = now_millis - timer started
C time = now_millis - time = 39951
