Starting Picoquic (v1.1.8.1) connection to server = 11.0.0.1, port = 4443
Files not saved to disk (-D, no_disk)
Testing scenario: <0:index.html;4:test.html;8:/1234567;12:main.jpg;16:war-and-peace.txt;20:en/latest/;24:/file-123K>
be0a955bd7d46636: No root crt list specified -- certificate will not be verified.

Max stream id bidir remote before start = 0 (0)
be0a955bd7d46636: Sending ALPN list (1): hq-29
be0a955bd7d46636: Sending transport parameter TLS extension (83 bytes):
be0a955bd7d46636:     Extension list (83 bytes):
be0a955bd7d46636:         Extension type: 5 (max_stream_data_bidi_local), length 4, 80200000
be0a955bd7d46636:         Extension type: 4 (initial_max_data), length 4, 80100000
be0a955bd7d46636:         Extension type: 8 (max_streams_bidi), length 2, 4200
be0a955bd7d46636:         Extension type: 1 (idle_timeout), length 4, 80007530
be0a955bd7d46636:         Extension type: 3 (max_packet_size), length 2, 45a0
be0a955bd7d46636:         Extension type: 9 (max_streams_uni), length 2, 4200
be0a955bd7d46636:         Extension type: 6 (max_stream_data_bidi_remote), length 4, 80010063
be0a955bd7d46636:         Extension type: 7 (max_stream_data_uni), length 4, 8000ffff
be0a955bd7d46636:         Extension type: 14 (active_connection_id_limit), length 1, 08
be0a955bd7d46636:         Extension type: 11 (max_ack_delay), length 1, 0a
be0a955bd7d46636:         Extension type: 15 (hcid), length 8, 5bd24897ea7ffb84
be0a955bd7d46636:         Extension type: 5948 (unknown), length 2, 4a95
be0a955bd7d46636:         Extension type: 4278509082 (min_ack_delay), length 2, 43e8
be0a955bd7d46636:         Extension type: 29016 (enable_time_stamp), length 1, 03
be0a955bd7d46636:         Extension type: 10930 (grease_quic_bit), length 0
Starting client connection. Version = ff00001d, I-CID: be0a955bd7d46636
Max stream id bidir remote after start = -4 (0)
Waiting for packets.
be0a955bd7d46636: else - idle_timer: 1028517568

be0a955bd7d46636: current_time: 998517568

be0a955bd7d46636: idle_timer: 1028517568
be0a955bd7d46636: Sending packet type: 2 (initial), S0, Q1, Version ff00001d,
be0a955bd7d46636:     <be0a955bd7d46636>, <5bd24897ea7ffb84>, Seq: 100630, pl: 1226
be0a955bd7d46636:     Token length: 0
be0a955bd7d46636:     Prepared 1206 bytes
be0a955bd7d46636:     ping, 1 bytes
be0a955bd7d46636:     Crypto HS frame, offset 0, length 281: 01000115030368a2...
be0a955bd7d46636:     padding, 920 bytes

be0a955bd7d46636: Sending 1252 bytes to 11.0.0.1:4443 at T=0.000000 (35d013b842b40)
be0a955bd7d46636: Receiving 1232 bytes from 11.0.0.1:4443 at T=0.140000 (35d013b864e20)
be0a955bd7d46636: Receiving packet type: 2 (initial), S0, Q1, Version ff00001d,
be0a955bd7d46636:     <5bd24897ea7ffb84>, <0000000000000001>, Seq: 1, pl: 1206
be0a955bd7d46636:     Token length: 0
be0a955bd7d46636:     Decrypted 1186 bytes
be0a955bd7d46636:     Crypto HS frame, offset 0, length 123: 020000770303cfbd...
be0a955bd7d46636:     padding, 1059 bytes

be0a955bd7d46636: else - idle_timer: 1028517568

be0a955bd7d46636: current_time: 998657568

be0a955bd7d46636: idle_timer: 1028517568
be0a955bd7d46636: Receiving 1423 bytes from 11.0.0.1:4443 at T=0.145000 (35d013b8661a8)
be0a955bd7d46636: Receiving packet type: 4 (handshake), S0, Q1, Version ff00001d,
be0a955bd7d46636:     <5bd24897ea7ffb84>, <0000000000000001>, Seq: 1, pl: 1398
be0a955bd7d46636:     Decrypted 1378 bytes
be0a955bd7d46636:     Crypto HS frame, offset 0, length 1358: 0800005a00580000...
be0a955bd7d46636:     padding, 16 bytes

be0a955bd7d46636: Received transport parameter TLS extension (68 bytes):
be0a955bd7d46636:     Extension list (68 bytes):
be0a955bd7d46636:         Extension type: 5 (max_stream_data_bidi_local), length 4, 8b2c7ce8
be0a955bd7d46636:         Extension type: 4 (initial_max_data), length 4, 8b2c7ce8
be0a955bd7d46636:         Extension type: 1 (idle_timeout), length 4, 80009c40
be0a955bd7d46636:         Extension type: 6 (max_stream_data_bidi_remote), length 4, 8b2c7ce8
be0a955bd7d46636:         Extension type: 7 (max_stream_data_uni), length 4, 8b2c7ce8
be0a955bd7d46636:         Extension type: 8 (max_streams_bidi), length 2, 40c8
be0a955bd7d46636:         Extension type: 15 (hcid), length 8, 0000000000000001
be0a955bd7d46636:         Extension type: 0 (ocid), length 8, be0a955bd7d46636
be0a955bd7d46636:         Extension type: 9 (max_streams_uni), length 2, 699d
be0a955bd7d46636:         Extension type: 11 (max_ack_delay), length 4, 80004000
be0a955bd7d46636:         Extension type: 3 (max_packet_size), length 2, 45dc
Negotiated ALPN: hq-29
be0a955bd7d46636: Negotiated ALPN: hq-29
Almost ready!

be0a955bd7d46636: else - idle_timer: 1028517568

be0a955bd7d46636: current_time: 998662568

be0a955bd7d46636: idle_timer: 1028517568
be0a955bd7d46636: Sending packet type: 4 (handshake), S0, Q1, Version ff00001d,
be0a955bd7d46636:     <0000000000000001>, <5bd24897ea7ffb84>, Seq: 0, pl: 64
be0a955bd7d46636:     Prepared 44 bytes
be0a955bd7d46636:     ACK (nb=0), 1
be0a955bd7d46636:     Crypto HS frame, offset 0, length 36: 14000020f6789d07...

be0a955bd7d46636: Sending packet type: 6 (1rtt protected), S0, Q1,
be0a955bd7d46636:     <0000000000000001>, Seq: 0 (0), Phi: 0,
be0a955bd7d46636:     Prepared 29 bytes
be0a955bd7d46636:     NEW CONNECTION ID[1]: 0xbe34a5c0c6e7213d, 0f83bc03801d5e7f638f7a013d441933
be0a955bd7d46636:     padding, 1 bytes

be0a955bd7d46636: T= 0.145000, cwin: 15360,flight: 144,nb_ret: 0,rtt_min: 0,rtt: 250000,rtt_var: 0,max_ack_delay: 0,state: 13
be0a955bd7d46636: Sending 144 bytes to 11.0.0.1:4443 at T=0.145000 (35d013b8661a8)
be0a955bd7d46636: else - idle_timer: 1028517568

be0a955bd7d46636: current_time: 998662568

be0a955bd7d46636: idle_timer: 1028517568
Connection established. Version = ff00001d, I-CID: be0a955bd7d46636, verified: 1
be0a955bd7d46636: Connection established. Version = ff00001d, I-CID: be0a955bd7d46636, verified: 1
be0a955bd7d46636: Preparing GET on stream 0 for /index.html
Opening stream 0 to GET /index.html
be0a955bd7d46636: else - idle_timer: 1028517568

be0a955bd7d46636: current_time: 998662568

be0a955bd7d46636: idle_timer: 1028517568
be0a955bd7d46636: Sending packet type: 6 (1rtt protected), S0, Q1,
be0a955bd7d46636:     <0000000000000001>, Seq: 1 (1), Phi: 0,
be0a955bd7d46636:     Prepared 29 bytes
be0a955bd7d46636:     Stream 0, offset 0, length 17, fin = 1: 474554202f696e64...
be0a955bd7d46636:     padding, 9 bytes

be0a955bd7d46636: T= 0.145000, cwin: 15360,flight: 199,nb_ret: 0,rtt_min: 0,rtt: 250000,rtt_var: 0,max_ack_delay: 0,state: 13
be0a955bd7d46636: Sending 55 bytes to 11.0.0.1:4443 at T=0.145000 (35d013b8661a8)
be0a955bd7d46636: else - idle_timer: 1028517568

be0a955bd7d46636: current_time: 998662568

be0a955bd7d46636: idle_timer: 1028517568
be0a955bd7d46636: Receiving 46 bytes from 11.0.0.1:4443 at T=0.155000 (35d013b8688b8)
be0a955bd7d46636: Receiving packet type: 6 (1rtt protected), S0, Q1,
be0a955bd7d46636:     <5bd24897ea7ffb84>, Seq: 1 (1), Phi: 0,
be0a955bd7d46636:     Decrypted 17 bytes
be0a955bd7d46636:     handshake_done
be0a955bd7d46636:     padding, 16 bytes

be0a955bd7d46636: T= 0.155000, cwin: 15360,flight: 110,nb_ret: 0,rtt_min: 0,rtt: 250000,rtt_var: 0,max_ack_delay: 0,state: 14
be0a955bd7d46636: cnx->cnx_state >= picoquic_state_ready - idle_timer: 1028672568

be0a955bd7d46636: current_time: 998672568

be0a955bd7d46636: idle_timer: 1028672568
be0a955bd7d46636: cnx->cnx_state >= picoquic_state_ready - idle_timer: 1028672568

be0a955bd7d46636: current_time: 998673568

be0a955bd7d46636: idle_timer: 1028672568
be0a955bd7d46636: Sending packet type: 6 (1rtt protected), S1, Q1,
be0a955bd7d46636:     <0000000000000001>, Seq: 2 (2), Phi: 0,
be0a955bd7d46636:     Prepared 29 bytes
be0a955bd7d46636:     ACK (nb=0), 1
be0a955bd7d46636:     padding, 23 bytes

be0a955bd7d46636: T= 0.156000, cwin: 15360,flight: 165,nb_ret: 0,rtt_min: 0,rtt: 250000,rtt_var: 0,max_ack_delay: 0,state: 14
be0a955bd7d46636: Sending 55 bytes to 11.0.0.1:4443 at T=0.156000 (35d013b868ca0)
be0a955bd7d46636: cnx->cnx_state >= picoquic_state_ready - idle_timer: 1028672568

be0a955bd7d46636: current_time: 998673568

be0a955bd7d46636: idle_timer: 1028672568
be0a955bd7d46636: Receiving 50 bytes from 11.0.0.1:4443 at T=0.175000 (35d013b86d6d8)
be0a955bd7d46636: Receiving packet type: 6 (1rtt protected), S0, Q1,
be0a955bd7d46636:     <be34a5c0c6e7213d>, Seq: 2 (2), Phi: 0,
be0a955bd7d46636:     Decrypted 21 bytes
be0a955bd7d46636:     ACK (nb=0), 0
be0a955bd7d46636:     padding, 16 bytes

be0a955bd7d46636: T= 0.175000, cwin: 16708,flight: 110,nb_ret: 0,rtt_min: 29976,rtt: 29976,rtt_var: 14988,max_ack_delay: 0,state: 14
be0a955bd7d46636: cnx->cnx_state >= picoquic_state_ready - idle_timer: 1028692568

be0a955bd7d46636: current_time: 998692568

be0a955bd7d46636: idle_timer: 1028692568
be0a955bd7d46636: Receiving 63 bytes from 11.0.0.1:4443 at T=0.216000 (35d013b877700)
be0a955bd7d46636: Receiving packet type: 6 (1rtt protected), S0, Q1,
be0a955bd7d46636:     <be34a5c0c6e7213d>, Seq: 3 (3), Phi: 0,
be0a955bd7d46636:     Decrypted 34 bytes
be0a955bd7d46636:     ACK (nb=0), 0
be0a955bd7d46636:     Stream 0, offset 0, length 4, fin = 1: 666f6f0a
be0a955bd7d46636:     ACK (nb=0), 2
be0a955bd7d46636:     padding, 16 bytes

Stream 0 ended after 4 bytes
be0a955bd7d46636: Preparing GET on stream 4 for /test.html
Opening stream 4 to GET /test.html
be0a955bd7d46636: T= 0.216000, cwin: 16747,flight: 55,nb_ret: 0,rtt_min: 29976,rtt: 29976,rtt_var: 14988,max_ack_delay: 0,state: 14
be0a955bd7d46636: cnx->cnx_state >= picoquic_state_ready - idle_timer: 1028733568

be0a955bd7d46636: current_time: 998733568

be0a955bd7d46636: idle_timer: 1028733568
be0a955bd7d46636: Sending packet type: 6 (1rtt protected), S1, Q1,
be0a955bd7d46636:     <0000000000000001>, Seq: 3 (3), Phi: 0,
be0a955bd7d46636:     Prepared 29 bytes
be0a955bd7d46636:     ACK (nb=0), 2-3
be0a955bd7d46636:     Stream 4, offset 0, length 16, fin = 1: 474554202f746573...
be0a955bd7d46636:     padding, 5 bytes

be0a955bd7d46636: T= 0.216000, cwin: 16747,flight: 110,nb_ret: 0,rtt_min: 29976,rtt: 29976,rtt_var: 14988,max_ack_delay: 0,state: 14
be0a955bd7d46636: Sending 55 bytes to 11.0.0.1:4443 at T=0.216000 (35d013b877700)
be0a955bd7d46636: cnx->cnx_state >= picoquic_state_ready - idle_timer: 1028733568

be0a955bd7d46636: current_time: 998733568

be0a955bd7d46636: idle_timer: 1028733568
be0a955bd7d46636: Receiving 63 bytes from 11.0.0.1:4443 at T=0.226000 (35d013b879e10)
be0a955bd7d46636: Receiving packet type: 6 (1rtt protected), S0, Q1,
be0a955bd7d46636:     <be34a5c0c6e7213d>, Seq: 4 (4), Phi: 0,
be0a955bd7d46636:     Decrypted 34 bytes
be0a955bd7d46636:     ACK (nb=0), 0
be0a955bd7d46636:     Stream 0, offset 0, length 4, fin = 1: 666f6f0a
be0a955bd7d46636:     ACK (nb=0), 2
be0a955bd7d46636:     padding, 16 bytes

be0a955bd7d46636: T= 0.226000, cwin: 16747,flight: 110,nb_ret: 0,rtt_min: 29976,rtt: 29976,rtt_var: 14988,max_ack_delay: 0,state: 14
be0a955bd7d46636: cnx->cnx_state >= picoquic_state_ready - idle_timer: 1028743568

be0a955bd7d46636: current_time: 998743568

be0a955bd7d46636: idle_timer: 1028743568
be0a955bd7d46636: Sending packet type: 6 (1rtt protected), S1, Q1,
be0a955bd7d46636:     <0000000000000001>, Seq: 4 (4), Phi: 0,
be0a955bd7d46636:     Prepared 29 bytes
be0a955bd7d46636:     ACK (nb=0), 2-4
be0a955bd7d46636:     padding, 24 bytes

be0a955bd7d46636: T= 0.226000, cwin: 16747,flight: 165,nb_ret: 0,rtt_min: 29976,rtt: 29976,rtt_var: 14988,max_ack_delay: 0,state: 14
be0a955bd7d46636: Sending 55 bytes to 11.0.0.1:4443 at T=0.226000 (35d013b879e10)
be0a955bd7d46636: cnx->cnx_state >= picoquic_state_ready - idle_timer: 1028743568

be0a955bd7d46636: current_time: 998743568

be0a955bd7d46636: idle_timer: 1028743568
be0a955bd7d46636: Receiving 63 bytes from 11.0.0.1:4443 at T=0.236000 (35d013b87c520)
be0a955bd7d46636: Receiving packet type: 6 (1rtt protected), S0, Q1,
be0a955bd7d46636:     <5bd24897ea7ffb84>, Seq: 5 (5), Phi: 0,
be0a955bd7d46636:     Decrypted 34 bytes
be0a955bd7d46636:     ACK (nb=0), 0
be0a955bd7d46636:     Stream 0, offset 0, length 4, fin = 1: 666f6f0a
be0a955bd7d46636:     ACK (nb=0), 2
be0a955bd7d46636:     padding, 16 bytes

be0a955bd7d46636: T= 0.236000, cwin: 16747,flight: 165,nb_ret: 0,rtt_min: 29976,rtt: 29976,rtt_var: 14988,max_ack_delay: 0,state: 14
be0a955bd7d46636: cnx->cnx_state >= picoquic_state_ready - idle_timer: 1028753568

be0a955bd7d46636: current_time: 998753568

be0a955bd7d46636: idle_timer: 1028753568
be0a955bd7d46636: Sending packet type: 6 (1rtt protected), S1, Q1,
be0a955bd7d46636:     <0000000000000001>, Seq: 5 (5), Phi: 0,
be0a955bd7d46636:     Prepared 29 bytes
be0a955bd7d46636:     ACK (nb=0), 2-5
be0a955bd7d46636:     padding, 24 bytes

be0a955bd7d46636: T= 0.236000, cwin: 16747,flight: 220,nb_ret: 0,rtt_min: 29976,rtt: 29976,rtt_var: 14988,max_ack_delay: 0,state: 14
be0a955bd7d46636: Sending 55 bytes to 11.0.0.1:4443 at T=0.236000 (35d013b87c520)
be0a955bd7d46636: cnx->cnx_state >= picoquic_state_ready - idle_timer: 1028753568

be0a955bd7d46636: current_time: 998753568

be0a955bd7d46636: idle_timer: 1028753568
be0a955bd7d46636: Receiving 63 bytes from 11.0.0.1:4443 at T=0.256000 (35d013b881340)
be0a955bd7d46636: Receiving packet type: 6 (1rtt protected), S0, Q1,
be0a955bd7d46636:     <be34a5c0c6e7213d>, Seq: 6 (6), Phi: 0,
be0a955bd7d46636:     Decrypted 34 bytes
be0a955bd7d46636:     ACK (nb=0), 4
be0a955bd7d46636:     Stream 4, offset 0, length 4, fin = 1: 666f6f0a
be0a955bd7d46636:     ACK (nb=0), 5
be0a955bd7d46636:     padding, 16 bytes

Stream 4 ended after 4 bytes
be0a955bd7d46636: Preparing GET on stream 8 for /1234567
Opening stream 8 to GET /1234567
be0a955bd7d46636: T= 0.256000, cwin: 16825,flight: 110,nb_ret: 0,rtt_min: 29976,rtt: 31853,rtt_var: 18743,max_ack_delay: 0,state: 14
be0a955bd7d46636: cnx->cnx_state >= picoquic_state_ready - idle_timer: 1028773568

be0a955bd7d46636: current_time: 998773568

be0a955bd7d46636: idle_timer: 1028773568
be0a955bd7d46636: T= 0.256000, Lost packet type 6, number 1, size 39, DCID <0000000000000001>, reason: repeat
be0a955bd7d46636: Sending packet type: 6 (1rtt protected), S1, Q1,
be0a955bd7d46636:     <0000000000000001>, Seq: 6 (6), Phi: 0,
be0a955bd7d46636:     Prepared 157 bytes
be0a955bd7d46636:     Stream 0, offset 0, length 17, fin = 1: 474554202f696e64...
be0a955bd7d46636:     Stream 8, offset 0, length 14, fin = 1: 474554202f313233...
be0a955bd7d46636:     padding, 120 bytes

be0a955bd7d46636: T= 0.256000, cwin: 16825,flight: 238,nb_ret: 1,rtt_min: 29976,rtt: 31853,rtt_var: 18743,max_ack_delay: 0,state: 14
be0a955bd7d46636: Sending 183 bytes to 11.0.0.1:4443 at T=0.256000 (35d013b881340)
be0a955bd7d46636: cnx->cnx_state >= picoquic_state_ready - idle_timer: 1028773568

be0a955bd7d46636: current_time: 998773568

be0a955bd7d46636: idle_timer: 1028773568
be0a955bd7d46636: cnx->cnx_state >= picoquic_state_ready - idle_timer: 1028773568

be0a955bd7d46636: current_time: 998777315

be0a955bd7d46636: idle_timer: 1028773568
be0a955bd7d46636: Sending packet type: 6 (1rtt protected), S1, Q1,
be0a955bd7d46636:     <0000000000000001>, Seq: 7 (7), Phi: 0,
be0a955bd7d46636:     Prepared 29 bytes
be0a955bd7d46636:     ACK (nb=0), 5-6
be0a955bd7d46636:     padding, 23 bytes

be0a955bd7d46636: T= 0.259747, cwin: 16825,flight: 293,nb_ret: 1,rtt_min: 29976,rtt: 31853,rtt_var: 18743,max_ack_delay: 0,state: 14
be0a955bd7d46636: Sending 55 bytes to 11.0.0.1:4443 at T=0.259747 (35d013b8821e3)
be0a955bd7d46636: cnx->cnx_state >= picoquic_state_ready - idle_timer: 1028773568

be0a955bd7d46636: current_time: 998777315

be0a955bd7d46636: idle_timer: 1028773568
be0a955bd7d46636: cnx->cnx_state >= picoquic_state_ready - idle_timer: 1028773568

be0a955bd7d46636: current_time: 998777803

be0a955bd7d46636: idle_timer: 1028773568
be0a955bd7d46636: Receiving 65 bytes from 11.0.0.1:4443 at T=0.364747 (35d013b89bc0b)
be0a955bd7d46636: Receiving packet type: 6 (1rtt protected), S0, Q1,
be0a955bd7d46636:     <be34a5c0c6e7213d>, Seq: 7 (7), Phi: 0,
be0a955bd7d46636:     Decrypted 36 bytes
be0a955bd7d46636:     ACK (nb=0), 4
be0a955bd7d46636:     ACK (nb=0), 5
be0a955bd7d46636:     ACK (nb=0), 6
be0a955bd7d46636:     ACK (nb=0), 7
be0a955bd7d46636:     padding, 16 bytes

be0a955bd7d46636: T= 0.364747, cwin: 17031,flight: 55,nb_ret: 1,rtt_min: 29976,rtt: 41461,rtt_var: 33274,max_ack_delay: 0,state: 14
be0a955bd7d46636: cnx->cnx_state >= picoquic_state_ready - idle_timer: 1028882315

be0a955bd7d46636: current_time: 998882315

be0a955bd7d46636: idle_timer: 1028882315
be0a955bd7d46636: T= 0.364747, Lost packet type 6, number 3, size 39, DCID <0000000000000001>, reason: repeat
be0a955bd7d46636: Sending packet type: 6 (1rtt protected), S1, Q1,
be0a955bd7d46636:     <0000000000000001>, Seq: 8 (8), Phi: 0,
be0a955bd7d46636:     Prepared 29 bytes
be0a955bd7d46636:     Stream 4, offset 0, length 16, fin = 1: 474554202f746573...
be0a955bd7d46636:     padding, 10 bytes

be0a955bd7d46636: T= 0.364747, cwin: 17031,flight: 55,nb_ret: 2,rtt_min: 29976,rtt: 41461,rtt_var: 33274,max_ack_delay: 0,state: 14
be0a955bd7d46636: Sending 55 bytes to 11.0.0.1:4443 at T=0.364747 (35d013b89bc0b)
be0a955bd7d46636: cnx->cnx_state >= picoquic_state_ready - idle_timer: 1028882315

be0a955bd7d46636: current_time: 998882315

be0a955bd7d46636: idle_timer: 1028882315
be0a955bd7d46636: Receiving 70 bytes from 11.0.0.1:4443 at T=0.399747 (35d013b8a44c3)
be0a955bd7d46636: Receiving packet type: 6 (1rtt protected), S0, Q1,
be0a955bd7d46636:     <5bd24897ea7ffb84>, Seq: 8 (8), Phi: 0,
be0a955bd7d46636:     Decrypted 41 bytes
be0a955bd7d46636:     ACK (nb=0), 4
be0a955bd7d46636:     ACK (nb=0), 5
be0a955bd7d46636:     ACK (nb=0), 6
be0a955bd7d46636:     ACK (nb=0), 7
be0a955bd7d46636:     ACK (nb=0), 8
be0a955bd7d46636:     padding, 16 bytes

be0a955bd7d46636: T= 0.399747, cwin: 17070,flight: 0,nb_ret: 2,rtt_min: 29976,rtt: 40651,rtt_var: 26574,max_ack_delay: 0,state: 14
be0a955bd7d46636: cnx->cnx_state >= picoquic_state_ready - idle_timer: 1028917315

be0a955bd7d46636: current_time: 998917315

be0a955bd7d46636: idle_timer: 1028917315
be0a955bd7d46636: cnx->cnx_state >= picoquic_state_ready - idle_timer: 1028917315

be0a955bd7d46636: current_time: 1028917315

be0a955bd7d46636: idle_timer: 1028917315
be0a955bd7d46636: Too long silence, break it, silent connection close
Received a request to close the connection.
be0a955bd7d46636: Closed. Retrans= 2, spurious= 0, max sp gap = 0, max sp delay = 0, dg-coal: 1.000000
Connection end with local error 0x433.
Quic Bit was NOT greased by the client.
Quic Bit was NOT greased by the server.
ECN was not received.
ECN was not acknowledged.
Received 8 bytes in 30.399747 seconds, 0.000002 Mbps.
be0a955bd7d46636: Received 8 bytes in 30.399747 seconds, 0.000002 Mbps.
Sent 47 bytes in 30.399747 seconds, 0.000012 Mbps.
be0a955bd7d46636: Sent 47 bytes in 30.399747 seconds, 0.000012 Mbps.
max_data_local: 1048576
max_stream_data_local: 2097152
max_data_remote: 187464936
max_stream_data_remote: 187464936
ack_delay_remote: 1000 ... 1000
max_ack_gap_remote: 2
ack_delay_local: 25000 ... 25000
max_ack_gap_local: 2
max_mtu_sent: 1252
max_mtu_received: 1423
Client exit with code = -1
