Sending Ping...
Received message {2: pong, 3: 0}
Sending Ping...
Received message {2: pong, 3: 0}
Sending Ping...
Received message {2: pong, 3: 0}
Sending Ping...
Received message {2: pong, 3: 0}
Sending Ping...
Received message {2: pong, 3: 0}
Sending Ping...
Received message {2: pong, 3: 0}
Sending Ping...
Received message {2: pong, 3: 0}
Sending Ping...
Received message {2: pong, 3: 0}
Sending Ping...
Received message {2: pong, 3: 0}
Sending Ping...
Received message {2: pong, 3: 0}
Sending Ping...
Received message {2: pong, 3: 0}
Sending Ping...
Received message {2: pong, 3: 0}
Sending Ping...
Received message {2: pong, 3: 0}
Sending Ping...
Received message {2: pong, 3: 0}
Sending Ping...
Received message {2: pong, 3: 0}
Sending Ping...
Received message {2: pong, 3: 0}
Sending Ping...
Received message {2: pong, 3: 0}
Sending Ping...
Received message {2: pong, 3: 0}
Sending Ping...
Received message {2: pong, 3: 0}
Sending Ping...
Received message {2: pong, 3: 0}
Sending Ping...
Received message {2: pong, 3: 0}
Sending Ping...
Received message {2: pong, 3: 0}
Sending Ping...
Received message {2: pong, 3: 0}
Sending Ping...
Received message {2: pong, 3: 0}
Sending Ping...
Received message {2: pong, 3: 0}
Sending Ping...
Received message {2: pong, 3: 0}
Sending Ping...
Received message {2: pong, 3: 0}
Sending Ping...
Received message {2: pong, 3: 0}
Sending Ping...
Received message {2: pong, 3: 0}
Sending Ping...
Received message {2: pong, 3: 0}
Sending Ping...
Received message {2: pong, 3: 0}
Sending Ping...
Received message {2: pong, 3: 0}
Sending Ping...
Received message {2: pong, 3: 0}
Sending Ping...
Received message {2: pong, 3: 0}
Sending Ping...
Received message {2: pong, 3: 0}
Sending Ping...
Received message {2: pong, 3: 0}
Sending Ping...
Received message {2: pong, 3: 0}
Sending Ping...
Received message {2: pong, 3: 0}
Sending Ping...
Received message {2: pong, 3: 0}
Sending Ping...
Received message {2: pong, 3: 0}
Sending Ping...
Received message {2: pong, 3: 0}
Sending Ping...
Received message {2: pong, 3: 0}
Sending Ping...
Received message {2: pong, 3: 0}
Sending Ping...
Received message {2: pong, 3: 0}
Sending Ping...
Received message {2: pong, 3: 0}
Sending Ping...
Received message {2: pong, 3: 0}
Sending Ping...
Received message {2: pong, 3: 0}
Sending Ping...
Received message {2: pong, 3: 0}
Sending Ping...
Received message {2: pong, 3: 0}
Sending Ping...
Server did not respond in time
