> client_send_event({protocol:udp,addr:184549377,port:4443,interface:ivy},{protocol:udp,addr:167772161,port:4987,interface:ivy},2)
