"http_response_file.txt"
PROOTPATH 5b /PFV
"/PFV/Protocols-Ivy/doc/examples/quic/ping/http_response_file.txt"
3
SOCKET 4
source port number 0
binding client id: server addr: 184549377 port: 4443
source port number 4443
installing reader 2
COUCOU
[112]
[112,111]
[112,111,110]
[112,111,110,103]
[112,111,110,103]
