Starting Picoquic server (v1.1.8.1) on port 4443, server name = ::, just_once = 0, do_retry = 0
Waiting for packets.
0000000000000002: Receiving 1232 bytes from 11.0.0.1:4990 at T=0.000000 (35d013b8465d8)
0000000000000002: Receiving packet type: 2 (initial), S0, Q1, Version ff00001d,
0000000000000002:     <0000000000000002>, <0000000000000001>, Seq: 1, pl: 1206
0000000000000002:     Token length: 0
0000000000000002:     Decrypted 1186 bytes
0000000000000002:     Crypto HS frame, offset 0, length 211: 010000cf0303ee3b...
0000000000000002:     padding, 971 bytes

0000000000000002: Received ALPN list (1): hq-29
0000000000000002: Received transport parameter TLS extension (52 bytes):
0000000000000002:     Extension list (52 bytes):
0000000000000002:         Extension type: 5 (max_stream_data_bidi_local), length 2, 6000
0000000000000002:         Extension type: 4 (initial_max_data), length 4, 8b2c7ce8
0000000000000002:         Extension type: 1 (idle_timeout), length 4, 80009c40
0000000000000002:         Extension type: 6 (max_stream_data_bidi_remote), length 2, 6000
0000000000000002:         Extension type: 7 (max_stream_data_uni), length 4, 8b2c7ce8
0000000000000002:         Extension type: 15 (hcid), length 8, 0000000000000001
0000000000000002:         Extension type: 9 (max_streams_uni), length 2, 699d
0000000000000002:         Extension type: 11 (max_ack_delay), length 4, 80004000
0000000000000002:         Extension type: 8 (max_streams_bidi), length 2, 699d
0000000000000002:         Extension type: 12 (disable_migration), length 0
0000000000000002: Sending transport parameter TLS extension (86 bytes):
0000000000000002:     Extension list (86 bytes):
0000000000000002:         Extension type: 5 (max_stream_data_bidi_local), length 4, 80200000
0000000000000002:         Extension type: 4 (initial_max_data), length 4, 80100000
0000000000000002:         Extension type: 8 (max_streams_bidi), length 2, 4200
0000000000000002:         Extension type: 1 (idle_timeout), length 4, 80007530
0000000000000002:         Extension type: 3 (max_packet_size), length 2, 45a0
0000000000000002:         Extension type: 9 (max_streams_uni), length 2, 4200
0000000000000002:         Extension type: 6 (max_stream_data_bidi_remote), length 4, 80010063
0000000000000002:         Extension type: 7 (max_stream_data_uni), length 4, 8000ffff
0000000000000002:         Extension type: 14 (active_connection_id_limit), length 1, 08
0000000000000002:         Extension type: 11 (max_ack_delay), length 1, 0a
0000000000000002:         Extension type: 15 (hcid), length 8, 7a4f53636fb80cb0
0000000000000002:         Extension type: 0 (ocid), length 8, 0000000000000002
0000000000000002:         Extension type: 2 (stateless_reset_token), length 16, 947f8edc1154893ec97e9be2ec4c497d
0000000000000002: else - idle_timer: 1028532568

0000000000000002: current_time: 998532568

0000000000000002: idle_timer: 1028532568
0000000000000002: Sending packet type: 2 (initial), S0, Q1, Version ff00001d,
0000000000000002:     <0000000000000001>, <7a4f53636fb80cb0>, Seq: 71761, pl: 119
0000000000000002:     Token length: 0
0000000000000002:     Prepared 99 bytes
0000000000000002:     ACK (nb=0), 1
0000000000000002:     Crypto HS frame, offset 0, length 90: 020000560303ec48...

0000000000000002: Sending packet type: 4 (handshake), S0, Q1, Version ff00001d,
0000000000000002:     <0000000000000001>, <7a4f53636fb80cb0>, Seq: 0, pl: 1082
0000000000000002:     Prepared 1062 bytes
0000000000000002:     Crypto HS frame, offset 0, length 1058: 0800006c006a0000...

0000000000000002: Sending 1252 bytes to 11.0.0.1:4990 at T=0.000000 (35d013b8465d8)
0000000000000002: Server CB, Stream: 0, 0 bytes, fin=9

0000000000000002: Sending packet type: 4 (handshake), S0, Q1, Version ff00001d,
0000000000000002:     <0000000000000001>, <7a4f53636fb80cb0>, Seq: 1, pl: 207
0000000000000002:     Prepared 187 bytes
0000000000000002:     Crypto HS frame, offset 1058, length 182: b646e0aaeca629dd...

0000000000000002: Sending packet type: 6 (1rtt protected), S0, Q1,
0000000000000002:     <0000000000000001>, Seq: 0 (0), Phi: 0,
0000000000000002:     Prepared 157 bytes
0000000000000002:     NEW TOKEN[50]: 0x957703a793d73752d11fc9b584e55250...
0000000000000002:     NEW CONNECTION ID[1]: 0x7e22d12748697d1c, 414d00321728b0340ff8ca22ff5d8dfb
0000000000000002:     padding, 77 bytes

2: T= 0.000000, cwin: 15360,flight: 1667,nb_ret: 0,rtt_min: 0,rtt: 250000,rtt_var: 0,max_ack_delay: 0,state: 11
0000000000000002: Sending 415 bytes to 11.0.0.1:4990 at T=0.000000 (35d013b8465d8)
0000000000000002: else - idle_timer: 1028532568

0000000000000002: current_time: 998532568

0000000000000002: idle_timer: 1028532568
0000000000000002: Sending packet type: 6 (1rtt protected), S0, Q1,
0000000000000002:     <0000000000000001>, Seq: 1 (1), Phi: 0,
0000000000000002:     Prepared 1414 bytes
0000000000000002:     ping, 1 bytes
0000000000000002:     padding, 1413 bytes

2: T= 0.000000, cwin: 15360,flight: 3107,nb_ret: 0,rtt_min: 0,rtt: 250000,rtt_var: 0,max_ack_delay: 0,state: 11
0000000000000002: Sending 1440 bytes to 11.0.0.1:4990 at T=0.000000 (35d013b8465d8)
0000000000000002: Receiving 100 bytes from 11.0.0.1:4990 at T=0.055000 (35d013b853cb0)
0000000000000002: Receiving packet type: 4 (handshake), S0, Q1, Version ff00001d,
0000000000000002:     <7a4f53636fb80cb0>, <0000000000000001>, Seq: 1, pl: 75
0000000000000002:     Decrypted 55 bytes
0000000000000002:     Crypto HS frame, offset 0, length 36: 14000020f169c2af...
0000000000000002:     padding, 16 bytes

0000000000000002: Server CB, Stream: 0, 0 bytes, fin=10

0000000000000002: cnx->cnx_state >= picoquic_state_ready - idle_timer: 1028587568

0000000000000002: current_time: 998587568

0000000000000002: idle_timer: 1028587568
0000000000000002: Sending packet type: 6 (1rtt protected), S0, Q1,
0000000000000002:     <0000000000000001>, Seq: 2 (2), Phi: 0,
0000000000000002:     Prepared 29 bytes
0000000000000002:     handshake_done
0000000000000002:     padding, 28 bytes

2: T= 0.055000, cwin: 15360,flight: 1678,nb_ret: 0,rtt_min: 0,rtt: 250000,rtt_var: 0,max_ack_delay: 0,state: 14
0000000000000002: Sending 55 bytes to 11.0.0.1:4990 at T=0.055000 (35d013b853cb0)
0000000000000002: cnx->cnx_state >= picoquic_state_ready - idle_timer: 1028587568

0000000000000002: current_time: 998587568

0000000000000002: idle_timer: 1028587568
0000000000000002: Receiving 50 bytes from 11.0.0.1:4990 at T=0.070000 (35d013b857748)
0000000000000002: Receiving packet type: 6 (1rtt protected), S0, Q1,
0000000000000002:     <7e22d12748697d1c>, Seq: 1 (1), Phi: 0,
0000000000000002:     Decrypted 21 bytes
0000000000000002:     ACK (nb=0), 0
0000000000000002:     padding, 16 bytes

2: T= 0.070000, cwin: 15360,flight: 1495,nb_ret: 0,rtt_min: 69976,rtt: 69976,rtt_var: 34988,max_ack_delay: 0,state: 14
0000000000000002: cnx->cnx_state >= picoquic_state_ready - idle_timer: 1028602568

0000000000000002: current_time: 998602568

0000000000000002: idle_timer: 1028602568
0000000000000002: cnx->cnx_state >= picoquic_state_ready - idle_timer: 1028602568

0000000000000002: current_time: 998837568

0000000000000002: idle_timer: 1028602568
2: T= 0.305000, Lost packet type 6, number 1, size 1424, DCID <0000000000000001>, reason: timer
2: T= 0.305000, Lost packet type 6, number 2, size 39, DCID <0000000000000001>, reason: timer
0000000000000002: Sending packet type: 6 (1rtt protected), S0, Q1,
0000000000000002:     <0000000000000001>, Seq: 3 (3), Phi: 0,
0000000000000002:     Prepared 29 bytes
0000000000000002:     handshake_done
0000000000000002:     ACK (nb=0), 1
0000000000000002:     padding, 20 bytes

2: T= 0.305000, cwin: 3072,flight: 55,nb_ret: 1,rtt_min: 69976,rtt: 69976,rtt_var: 34988,max_ack_delay: 0,state: 14
0000000000000002: Sending 55 bytes to 11.0.0.1:4990 at T=0.305000 (35d013b890d40)
0000000000000002: cnx->cnx_state >= picoquic_state_ready - idle_timer: 1028837568

0000000000000002: current_time: 998837568

0000000000000002: idle_timer: 1028837568
0000000000000002: Sending packet type: 6 (1rtt protected), S0, Q1,
0000000000000002:     <0000000000000001>, Seq: 4 (4), Phi: 0,
0000000000000002:     Prepared 1374 bytes
0000000000000002:     ping, 1 bytes
0000000000000002:     padding, 1373 bytes

2: T= 0.305000, cwin: 3072,flight: 1455,nb_ret: 1,rtt_min: 69976,rtt: 69976,rtt_var: 34988,max_ack_delay: 0,state: 14
0000000000000002: Sending 1400 bytes to 11.0.0.1:4990 at T=0.305000 (35d013b890d40)
0000000000000002: cnx->cnx_state >= picoquic_state_ready - idle_timer: 1028837568

0000000000000002: current_time: 999337568

0000000000000002: idle_timer: 1028837568
2: T= 0.805000, Lost packet type 6, number 3, size 39, DCID <0000000000000001>, reason: timer
0000000000000002: Sending packet type: 6 (1rtt protected), S0, Q1,
0000000000000002:     <0000000000000001>, Seq: 5 (5), Phi: 0,
0000000000000002:     Prepared 29 bytes
0000000000000002:     handshake_done
0000000000000002:     ACK (nb=0), 1
0000000000000002:     padding, 20 bytes

2: T= 0.805000, cwin: 3072,flight: 1455,nb_ret: 2,rtt_min: 69976,rtt: 69976,rtt_var: 34988,max_ack_delay: 0,state: 14
0000000000000002: Sending 55 bytes to 11.0.0.1:4990 at T=0.805000 (35d013b90ae60)
0000000000000002: cnx->cnx_state >= picoquic_state_ready - idle_timer: 1029337568

0000000000000002: current_time: 999337568

0000000000000002: idle_timer: 1029337568
0000000000000002: cnx->cnx_state >= picoquic_state_ready - idle_timer: 1029337568

0000000000000002: current_time: 999837568

0000000000000002: idle_timer: 1029337568
2: T= 1.305000, Lost packet type 6, number 4, size 1384, DCID <0000000000000001>, reason: timer
2: T= 1.305000, Lost packet type 6, number 5, size 39, DCID <0000000000000001>, reason: timer
0000000000000002: Sending packet type: 6 (1rtt protected), S0, Q1,
0000000000000002:     <0000000000000001>, Seq: 6 (6), Phi: 0,
0000000000000002:     Prepared 29 bytes
0000000000000002:     handshake_done
0000000000000002:     ACK (nb=0), 1
0000000000000002:     padding, 20 bytes

2: T= 1.305000, cwin: 3072,flight: 55,nb_ret: 3,rtt_min: 69976,rtt: 69976,rtt_var: 34988,max_ack_delay: 0,state: 14
0000000000000002: Sending 55 bytes to 11.0.0.1:4990 at T=1.305000 (35d013b984f80)
0000000000000002: cnx->cnx_state >= picoquic_state_ready - idle_timer: 1029837568

0000000000000002: current_time: 999837568

0000000000000002: idle_timer: 1029837568
0000000000000002: cnx->cnx_state >= picoquic_state_ready - idle_timer: 1029837568

0000000000000002: current_time: 1000837568

0000000000000002: idle_timer: 1029837568
2: T= 2.305000, Lost packet type 6, number 6, size 39, DCID <0000000000000001>, reason: timer
0000000000000002: Sending packet type: 6 (1rtt protected), S0, Q1,
0000000000000002:     <0000000000000001>, Seq: 7 (7), Phi: 0,
0000000000000002:     Prepared 29 bytes
0000000000000002:     handshake_done
0000000000000002:     ACK (nb=0), 1
0000000000000002:     padding, 20 bytes

2: T= 2.305000, cwin: 3072,flight: 55,nb_ret: 4,rtt_min: 69976,rtt: 69976,rtt_var: 34988,max_ack_delay: 0,state: 14
0000000000000002: Sending 55 bytes to 11.0.0.1:4990 at T=2.305000 (35d013ba791c0)
0000000000000002: cnx->cnx_state >= picoquic_state_ready - idle_timer: 1030837568

0000000000000002: current_time: 1000837568

0000000000000002: idle_timer: 1030837568
0000000000000002: cnx->cnx_state >= picoquic_state_ready - idle_timer: 1030837568

0000000000000002: current_time: 1001837568

0000000000000002: idle_timer: 1030837568
2: T= 3.305000, Lost packet type 6, number 7, size 39, DCID <0000000000000001>, reason: timer
0000000000000002: Sending packet type: 6 (1rtt protected), S0, Q1,
0000000000000002:     <0000000000000001>, Seq: 8 (8), Phi: 0,
0000000000000002:     Prepared 29 bytes
0000000000000002:     handshake_done
0000000000000002:     ACK (nb=0), 1
0000000000000002:     padding, 20 bytes

2: T= 3.305000, cwin: 3072,flight: 55,nb_ret: 5,rtt_min: 69976,rtt: 69976,rtt_var: 34988,max_ack_delay: 0,state: 14
0000000000000002: Sending 55 bytes to 11.0.0.1:4990 at T=3.305000 (35d013bb6d400)
0000000000000002: cnx->cnx_state >= picoquic_state_ready - idle_timer: 1031837568

0000000000000002: current_time: 1001837568

0000000000000002: idle_timer: 1031837568
0000000000000002: cnx->cnx_state >= picoquic_state_ready - idle_timer: 1031837568

0000000000000002: current_time: 1002837568

0000000000000002: idle_timer: 1031837568
2: T= 4.305000, Lost packet type 6, number 8, size 39, DCID <0000000000000001>, reason: timer
0000000000000002: Sending packet type: 6 (1rtt protected), S0, Q1,
0000000000000002:     <0000000000000001>, Seq: 9 (9), Phi: 0,
0000000000000002:     Prepared 29 bytes
0000000000000002:     handshake_done
0000000000000002:     ACK (nb=0), 1
0000000000000002:     padding, 20 bytes

2: T= 4.305000, cwin: 3072,flight: 55,nb_ret: 6,rtt_min: 69976,rtt: 69976,rtt_var: 34988,max_ack_delay: 0,state: 14
0000000000000002: Sending 55 bytes to 11.0.0.1:4990 at T=4.305000 (35d013bc61640)
0000000000000002: cnx->cnx_state >= picoquic_state_ready - idle_timer: 1032837568

0000000000000002: current_time: 1002837568

0000000000000002: idle_timer: 1032837568
0000000000000002: cnx->cnx_state >= picoquic_state_ready - idle_timer: 1032837568

0000000000000002: current_time: 1003837568

0000000000000002: idle_timer: 1032837568
2: T= 5.305000, Lost packet type 6, number 9, size 39, DCID <0000000000000001>, reason: timer
0000000000000002: Sending packet type: 6 (1rtt protected), S0, Q1,
0000000000000002:     <0000000000000001>, Seq: 10 (10), Phi: 0,
0000000000000002:     Prepared 29 bytes
0000000000000002:     handshake_done
0000000000000002:     ACK (nb=0), 1
0000000000000002:     padding, 20 bytes

2: T= 5.305000, cwin: 3072,flight: 55,nb_ret: 7,rtt_min: 69976,rtt: 69976,rtt_var: 34988,max_ack_delay: 0,state: 14
0000000000000002: Sending 55 bytes to 11.0.0.1:4990 at T=5.305000 (35d013bd55880)
0000000000000002: cnx->cnx_state >= picoquic_state_ready - idle_timer: 1033837568

0000000000000002: current_time: 1003837568

0000000000000002: idle_timer: 1033837568
0000000000000002: cnx->cnx_state >= picoquic_state_ready - idle_timer: 1033837568

0000000000000002: current_time: 1004837568

0000000000000002: idle_timer: 1033837568
2: T= 6.305000, Lost packet type 6, number 10, size 39, DCID <0000000000000001>, reason: timer
0000000000000002: Sending packet type: 6 (1rtt protected), S0, Q1,
0000000000000002:     <0000000000000001>, Seq: 11 (11), Phi: 0,
0000000000000002:     Prepared 29 bytes
0000000000000002:     handshake_done
0000000000000002:     ACK (nb=0), 1
0000000000000002:     padding, 20 bytes

2: T= 6.305000, cwin: 3072,flight: 55,nb_ret: 8,rtt_min: 69976,rtt: 69976,rtt_var: 34988,max_ack_delay: 0,state: 14
0000000000000002: Sending 55 bytes to 11.0.0.1:4990 at T=6.305000 (35d013be49ac0)
0000000000000002: cnx->cnx_state >= picoquic_state_ready - idle_timer: 1034837568

0000000000000002: current_time: 1004837568

0000000000000002: idle_timer: 1034837568
0000000000000002: cnx->cnx_state >= picoquic_state_ready - idle_timer: 1034837568

0000000000000002: current_time: 1005837568

0000000000000002: idle_timer: 1034837568
2: T= 7.305000, Lost packet type 6, number 11, size 39, DCID <0000000000000001>, reason: timer
0000000000000002: Sending packet type: 6 (1rtt protected), S0, Q1,
0000000000000002:     <0000000000000001>, Seq: 12 (12), Phi: 0,
0000000000000002:     Prepared 29 bytes
0000000000000002:     handshake_done
0000000000000002:     ACK (nb=0), 1
0000000000000002:     padding, 20 bytes

2: T= 7.305000, cwin: 3072,flight: 55,nb_ret: 9,rtt_min: 69976,rtt: 69976,rtt_var: 34988,max_ack_delay: 0,state: 14
0000000000000002: Sending 55 bytes to 11.0.0.1:4990 at T=7.305000 (35d013bf3dd00)
0000000000000002: cnx->cnx_state >= picoquic_state_ready - idle_timer: 1035837568

0000000000000002: current_time: 1005837568

0000000000000002: idle_timer: 1035837568
0000000000000002: cnx->cnx_state >= picoquic_state_ready - idle_timer: 1035837568

0000000000000002: current_time: 1006837568

0000000000000002: idle_timer: 1035837568
2: T= 8.305000, Lost packet type 6, number 12, size 39, DCID <0000000000000001>, reason: timer
0000000000000002: Sending packet type: 6 (1rtt protected), S0, Q1,
0000000000000002:     <0000000000000001>, Seq: 13 (13), Phi: 0,
0000000000000002:     Prepared 29 bytes
0000000000000002:     handshake_done
0000000000000002:     ACK (nb=0), 1
0000000000000002:     padding, 20 bytes

2: T= 8.305000, cwin: 3072,flight: 55,nb_ret: 10,rtt_min: 69976,rtt: 69976,rtt_var: 34988,max_ack_delay: 0,state: 14
0000000000000002: Sending 55 bytes to 11.0.0.1:4990 at T=8.305000 (35d013c031f40)
0000000000000002: cnx->cnx_state >= picoquic_state_ready - idle_timer: 1036837568

0000000000000002: current_time: 1006837568

0000000000000002: idle_timer: 1036837568
0000000000000002: cnx->cnx_state >= picoquic_state_ready - idle_timer: 1036837568

0000000000000002: current_time: 1007837568

0000000000000002: idle_timer: 1036837568
2: T= 9.305000, Lost packet type 6, number 13, size 39, DCID <0000000000000001>, reason: timer
0000000000000002: Sending packet type: 6 (1rtt protected), S0, Q1,
0000000000000002:     <0000000000000001>, Seq: 14 (14), Phi: 0,
0000000000000002:     Prepared 29 bytes
0000000000000002:     handshake_done
0000000000000002:     ACK (nb=0), 1
0000000000000002:     padding, 20 bytes

2: T= 9.305000, cwin: 3072,flight: 55,nb_ret: 11,rtt_min: 69976,rtt: 69976,rtt_var: 34988,max_ack_delay: 0,state: 14
0000000000000002: Sending 55 bytes to 11.0.0.1:4990 at T=9.305000 (35d013c126180)
0000000000000002: cnx->cnx_state >= picoquic_state_ready - idle_timer: 1037837568

0000000000000002: current_time: 1007837568

0000000000000002: idle_timer: 1037837568
0000000000000002: cnx->cnx_state >= picoquic_state_ready - idle_timer: 1037837568

0000000000000002: current_time: 1008837568

0000000000000002: idle_timer: 1037837568
2: T= 10.305000, Lost packet type 6, number 14, size 39, DCID <0000000000000001>, reason: timer
0000000000000002: Sending packet type: 6 (1rtt protected), S0, Q1,
0000000000000002:     <0000000000000001>, Seq: 15 (15), Phi: 0,
0000000000000002:     Prepared 29 bytes
0000000000000002:     handshake_done
0000000000000002:     ACK (nb=0), 1
0000000000000002:     padding, 20 bytes

2: T= 10.305000, cwin: 3072,flight: 55,nb_ret: 12,rtt_min: 69976,rtt: 69976,rtt_var: 34988,max_ack_delay: 0,state: 14
0000000000000002: Sending 55 bytes to 11.0.0.1:4990 at T=10.305000 (35d013c21a3c0)
0000000000000002: cnx->cnx_state >= picoquic_state_ready - idle_timer: 1038837568

0000000000000002: current_time: 1008837568

0000000000000002: idle_timer: 1038837568
0000000000000002: cnx->cnx_state >= picoquic_state_ready - idle_timer: 1038837568

0000000000000002: current_time: 1009837568

0000000000000002: idle_timer: 1038837568
2: T= 11.305000, Lost packet type 6, number 15, size 39, DCID <0000000000000001>, reason: timer
0000000000000002: Sending packet type: 6 (1rtt protected), S0, Q1,
0000000000000002:     <0000000000000001>, Seq: 16 (16), Phi: 0,
0000000000000002:     Prepared 28 bytes
0000000000000002:     handshake_done
0000000000000002:     ACK (nb=0), 1
0000000000000002:     padding, 19 bytes

2: T= 11.305000, cwin: 3072,flight: 55,nb_ret: 13,rtt_min: 69976,rtt: 69976,rtt_var: 34988,max_ack_delay: 0,state: 14
0000000000000002: Sending 55 bytes to 11.0.0.1:4990 at T=11.305000 (35d013c30e600)
0000000000000002: cnx->cnx_state >= picoquic_state_ready - idle_timer: 1039837568

0000000000000002: current_time: 1009837568

0000000000000002: idle_timer: 1039837568
0000000000000002: cnx->cnx_state >= picoquic_state_ready - idle_timer: 1039837568

0000000000000002: current_time: 1010837568

0000000000000002: idle_timer: 1039837568
2: T= 12.305000, Lost packet type 6, number 16, size 39, DCID <0000000000000001>, reason: timer
0000000000000002: Sending packet type: 6 (1rtt protected), S0, Q1,
0000000000000002:     <0000000000000001>, Seq: 17 (17), Phi: 0,
0000000000000002:     Prepared 28 bytes
0000000000000002:     handshake_done
0000000000000002:     ACK (nb=0), 1
0000000000000002:     padding, 19 bytes

2: T= 12.305000, cwin: 3072,flight: 55,nb_ret: 14,rtt_min: 69976,rtt: 69976,rtt_var: 34988,max_ack_delay: 0,state: 14
0000000000000002: Sending 55 bytes to 11.0.0.1:4990 at T=12.305000 (35d013c402840)
0000000000000002: cnx->cnx_state >= picoquic_state_ready - idle_timer: 1040837568

0000000000000002: current_time: 1010837568

0000000000000002: idle_timer: 1040837568
0000000000000002: cnx->cnx_state >= picoquic_state_ready - idle_timer: 1040837568

0000000000000002: current_time: 1011837568

0000000000000002: idle_timer: 1040837568
2: T= 13.305000, Lost packet type 6, number 17, size 39, DCID <0000000000000001>, reason: timer
0000000000000002: Too many data retransmits, abandon path
0000000000000002: Server CB, Stream: 0, 0 bytes, fin=5

0000000000000002: cnx->cnx_state >= picoquic_state_ready - idle_timer: 1040837568

0000000000000002: current_time: 1011837568

0000000000000002: idle_timer: 1040837568
0000000000000002: Closed. Retrans= 14, spurious= 0, max sp gap = 0, max sp delay = 0, dg-coal: 1.055556
