"http_request_file.txt"
PROOTPATH 5b /PFV
"/PFV/Protocols-Ivy/doc/examples/quic/ping/http_request_file.txt"
3
COUCOU
[112]
[112,105]
[112,105,110]
[112,105,110,103]
[112,105,110,103]
C time = start
insertBreakpoint: name = "0"
insertBreakpoint: now.tv_sec = 946684805
insertBreakpoint: now.tv_usec = 0
insertBreakpoint: name false = "0"
insertBreakpoint: end_ms false = 0
insertBreakpoint: breakpoints_ms.count(name) false = 1
SOCKET 4
source port number 0
binding client id: client addr: 184549377 port: 4990
source port number 4990
installing reader 2
C time = now_millis_last_bp
getTimeFromBreakpoint: breakpoint  = "0"
getTimeFromBreakpoint: now.tv_usec = 95000
getTimeFromBreakpoint: end.tv_usec = 0
C time = now_millis_last_bp - timer started
C time = now_millis_last_bp - time = 95
insertBreakpoint: name = "1"
insertBreakpoint: now.tv_sec = 946684805
insertBreakpoint: now.tv_usec = 95000
C time = now_millis
C time = now_millis - timer started
C time = now_millis - time = 130
sending from socket: 4
port number 4990
sending to id: [[1,112,105,110,103,3,0,0,0,0,0,0,0,130]]
sending to id: client addr: 184549378 port: 4443
port number 4990
sending id finish
RECEIVING start
RECEIVING __deser
ping_s_init ping_deser 2
recv frame_type = 2
ping_s_frame 3
ping_s_init ping_deser 2
ping_s_frame 1
payload_length = 10
ping_s_init ping_deser 2
ping_s_frame 1
payload_length = 9
ping_s_init ping_deser 2
ping_s_frame 1
payload_length = 8
ping_s_init ping_deser 2
ping_s_frame 1
payload_length = 7
ping_s_init ping_deser 2
ping_s_payload ping_deser 2
recv frame_type = 3
ping_s_time 4
ping_s_time 1
payload_length = -2
ping_s_payload ping_deser 2
C time = now_millis_last_bp
getTimeFromBreakpoint: breakpoint  = "1"
getTimeFromBreakpoint: now.tv_usec = 709000
getTimeFromBreakpoint: end.tv_usec = 95000
C time = now_millis_last_bp - timer started
C time = now_millis_last_bp - time = 4614
insertBreakpoint: name = "2"
insertBreakpoint: now.tv_sec = 946684809
insertBreakpoint: now.tv_usec = 709000
"require enough_wait;"
/usr/local/lib/python2.7/dist-packages/ms_ivy-1.8.24-py2.7.egg/ivy/include/1.7/ping_frame.ivy: line 96: error: assumption failed
