Received message {1: ping, 3: 0}
Sending Pong...
Pong sent
