> client_send_event({protocol:udp,addr:184549377,port:4990,interface:ivy},{protocol:udp,addr:184549378,port:4443,interface:ivy},1)
> frame.ping.handle({data:[112,105,110,103]})
< show_current_time(0xa)
> frame.timestamp.handle({time:0x2})
> ping_packet_event({protocol:udp,addr:0xb000001,port:0x137e,interface:ivy},{protocol:udp,addr:0xb000002,port:0x115b,interface:ivy},{payload:[{frame.ping:{data:[0x70,0x69,0x6e,0x67]}},{frame.timestamp:{time:0x55}}]})
< recv_pong(client,{protocol:udp,addr:0xb000002,port:0x115b,interface:ivy},{protocol:udp,addr:0xb000001,port:0x137e,interface:ivy},{payload:[{frame.pong:{data:[0x70,0x6f,0x6e,0x67]}},{frame.timestamp:{time:0x60c}}]})
< show_current_time(0x60c)
< show_estimated_latency(0xa)
> frame.ping.handle({data:[0x70,0x69,0x6e,0x67]})
< show_current_time(0x5f)
> frame.timestamp.handle({time:0x4})
> ping_packet_event({protocol:udp,addr:0xb000001,port:0x137e,interface:ivy},{protocol:udp,addr:0xb000002,port:0x115b,interface:ivy},{payload:[{frame.ping:{data:[0x70,0x69,0x6e,0x67]}},{frame.timestamp:{time:0x67a}}]})
< recv_pong(client,{protocol:udp,addr:0xb000002,port:0x115b,interface:ivy},{protocol:udp,addr:0xb000001,port:0x137e,interface:ivy},{payload:[{frame.pong:{data:[0x70,0x6f,0x6e,0x67]}},{frame.timestamp:{time:0xbf1}}]})
< show_current_time(0x586)
< show_estimated_latency(0xa)
> frame.ping.handle({data:[0x70,0x69,0x6e,0x67]})
< show_current_time(0x28)
> frame.timestamp.handle({time:0})
> ping_packet_event({protocol:udp,addr:0xb000001,port:0x137e,interface:ivy},{protocol:udp,addr:0xb000002,port:0x115b,interface:ivy},{payload:[{frame.ping:{data:[0x70,0x69,0x6e,0x67]}},{frame.timestamp:{time:0xc2d}}]})
< recv_pong(client,{protocol:udp,addr:0xb000002,port:0x115b,interface:ivy},{protocol:udp,addr:0xb000001,port:0x137e,interface:ivy},{payload:[{frame.pong:{data:[0x70,0x6f,0x6e,0x67]}},{frame.timestamp:{time:0x13db}}]})
< show_current_time(0x7c2)
< show_estimated_latency(0xa)
> frame.ping.handle({data:[0x70,0x69,0x6e,0x67]})
< show_current_time(0x2d)
> frame.timestamp.handle({time:0x3})
> ping_packet_event({protocol:udp,addr:0xb000001,port:0x137e,interface:ivy},{protocol:udp,addr:0xb000002,port:0x115b,interface:ivy},{payload:[{frame.ping:{data:[0x70,0x69,0x6e,0x67]}},{frame.timestamp:{time:0x1412}}]})
< recv_pong(client,{protocol:udp,addr:0xb000002,port:0x115b,interface:ivy},{protocol:udp,addr:0xb000001,port:0x137e,interface:ivy},{payload:[{frame.pong:{data:[0x70,0x6f,0x6e,0x67]}},{frame.timestamp:{time:0x190c}}]})
< show_current_time(0x504)
< show_estimated_latency(0xa)
> frame.ping.handle({data:[0x70,0x69,0x6e,0x67]})
< show_current_time(0xa)
> frame.timestamp.handle({time:0x1})
> ping_packet_event({protocol:udp,addr:0xb000001,port:0x137e,interface:ivy},{protocol:udp,addr:0xb000002,port:0x115b,interface:ivy},{payload:[{frame.ping:{data:[0x70,0x69,0x6e,0x67]}},{frame.timestamp:{time:0x1943}}]})
< recv_pong(client,{protocol:udp,addr:0xb000002,port:0x115b,interface:ivy},{protocol:udp,addr:0xb000001,port:0x137e,interface:ivy},{payload:[{frame.pong:{data:[0x70,0x6f,0x6e,0x67]}},{frame.timestamp:{time:0x1ecb}}]})
< show_current_time(0x5b5)
< show_estimated_latency(0xa)
> frame.ping.handle({data:[0x70,0x69,0x6e,0x67]})
< show_current_time(0x5)
> frame.timestamp.handle({time:0x1})
> ping_packet_event({protocol:udp,addr:0xb000001,port:0x137e,interface:ivy},{protocol:udp,addr:0xb000002,port:0x115b,interface:ivy},{payload:[{frame.ping:{data:[0x70,0x69,0x6e,0x67]}},{frame.timestamp:{time:0x1eda}}]})
< recv_pong(client,{protocol:udp,addr:0xb000002,port:0x115b,interface:ivy},{protocol:udp,addr:0xb000001,port:0x137e,interface:ivy},{payload:[{frame.pong:{data:[0x70,0x6f,0x6e,0x67]}},{frame.timestamp:{time:0x258e}}]})
< show_current_time(0x6be)
< show_estimated_latency(0xa)
> frame.ping.handle({data:[0x70,0x69,0x6e,0x67]})
< show_current_time(0x5)
> frame.timestamp.handle({time:0})
> ping_packet_event({protocol:udp,addr:0xb000001,port:0x137e,interface:ivy},{protocol:udp,addr:0xb000002,port:0x115b,interface:ivy},{payload:[{frame.ping:{data:[0x70,0x69,0x6e,0x67]}},{frame.timestamp:{time:0x25b1}}]})
< recv_pong(client,{protocol:udp,addr:0xb000002,port:0x115b,interface:ivy},{protocol:udp,addr:0xb000001,port:0x137e,interface:ivy},{payload:[{frame.pong:{data:[0x70,0x6f,0x6e,0x67]}},{frame.timestamp:{time:0x2a49}}]})
< show_current_time(0x4b6)
< show_estimated_latency(0xa)
> frame.ping.handle({data:[0x70,0x69,0x6e,0x67]})
< show_current_time(0xa)
> frame.timestamp.handle({time:0x4})
> ping_packet_event({protocol:udp,addr:0xb000001,port:0x137e,interface:ivy},{protocol:udp,addr:0xb000002,port:0x115b,interface:ivy},{payload:[{frame.ping:{data:[0x70,0x69,0x6e,0x67]}},{frame.timestamp:{time:0x2a62}}]})
< recv_pong(client,{protocol:udp,addr:0xb000002,port:0x115b,interface:ivy},{protocol:udp,addr:0xb000001,port:0x137e,interface:ivy},{payload:[{frame.pong:{data:[0x70,0x6f,0x6e,0x67]}},{frame.timestamp:{time:0x3198}}]})
< show_current_time(0x745)
< show_estimated_latency(0xa)
> frame.ping.handle({data:[0x70,0x69,0x6e,0x67]})
< show_current_time(0x28)
> frame.timestamp.handle({time:0x1})
> ping_packet_event({protocol:udp,addr:0xb000001,port:0x137e,interface:ivy},{protocol:udp,addr:0xb000002,port:0x115b,interface:ivy},{payload:[{frame.ping:{data:[0x70,0x69,0x6e,0x67]}},{frame.timestamp:{time:0x31d9}}]})
< recv_pong(client,{protocol:udp,addr:0xb000002,port:0x115b,interface:ivy},{protocol:udp,addr:0xb000001,port:0x137e,interface:ivy},{payload:[{frame.pong:{data:[0x70,0x6f,0x6e,0x67]}},{frame.timestamp:{time:0x3802}}]})
< show_current_time(0x642)
< show_estimated_latency(0xa)
> frame.ping.handle({data:[0x70,0x69,0x6e,0x67]})
< show_current_time(0x41)
> frame.timestamp.handle({time:0x2})
> ping_packet_event({protocol:udp,addr:0xb000001,port:0x137e,interface:ivy},{protocol:udp,addr:0xb000002,port:0x115b,interface:ivy},{payload:[{frame.ping:{data:[0x70,0x69,0x6e,0x67]}},{frame.timestamp:{time:0x3861}}]})
< recv_pong(client,{protocol:udp,addr:0xb000002,port:0x115b,interface:ivy},{protocol:udp,addr:0xb000001,port:0x137e,interface:ivy},{payload:[{frame.pong:{data:[0x70,0x6f,0x6e,0x67]}},{frame.timestamp:{time:0x3f1a}}]})
< show_current_time(0x6d7)
< show_estimated_latency(0xa)
> frame.ping.handle({data:[0x70,0x69,0x6e,0x67]})
< show_current_time(0)
> frame.timestamp.handle({time:0x1})
> ping_packet_event({protocol:udp,addr:0xb000001,port:0x137e,interface:ivy},{protocol:udp,addr:0xb000002,port:0x115b,interface:ivy},{payload:[{frame.ping:{data:[0x70,0x69,0x6e,0x67]}},{frame.timestamp:{time:0x3f24}}]})
< recv_pong(client,{protocol:udp,addr:0xb000002,port:0x115b,interface:ivy},{protocol:udp,addr:0xb000001,port:0x137e,interface:ivy},{payload:[{frame.pong:{data:[0x70,0x6f,0x6e,0x67]}},{frame.timestamp:{time:0x43b9}}]})
< show_current_time(0x49f)
< show_estimated_latency(0xa)
> frame.ping.handle({data:[0x70,0x69,0x6e,0x67]})
< show_current_time(0x28)
> frame.timestamp.handle({time:0x2})
> ping_packet_event({protocol:udp,addr:0xb000001,port:0x137e,interface:ivy},{protocol:udp,addr:0xb000002,port:0x115b,interface:ivy},{payload:[{frame.ping:{data:[0x70,0x69,0x6e,0x67]}},{frame.timestamp:{time:0x440e}}]})
< recv_pong(client,{protocol:udp,addr:0xb000002,port:0x115b,interface:ivy},{protocol:udp,addr:0xb000001,port:0x137e,interface:ivy},{payload:[{frame.pong:{data:[0x70,0x6f,0x6e,0x67]}},{frame.timestamp:{time:0x4b25}}]})
< show_current_time(0x744)
< show_estimated_latency(0xa)
> frame.ping.handle({data:[0x70,0x69,0x6e,0x67]})
< show_current_time(0x14)
> frame.timestamp.handle({time:0x2})
> ping_packet_event({protocol:udp,addr:0xb000001,port:0x137e,interface:ivy},{protocol:udp,addr:0xb000002,port:0x115b,interface:ivy},{payload:[{frame.ping:{data:[0x70,0x69,0x6e,0x67]}},{frame.timestamp:{time:0x4b93}}]})
< recv_pong(client,{protocol:udp,addr:0xb000002,port:0x115b,interface:ivy},{protocol:udp,addr:0xb000001,port:0x137e,interface:ivy},{payload:[{frame.pong:{data:[0x70,0x6f,0x6e,0x67]}},{frame.timestamp:{time:0x5120}}]})
< show_current_time(0x5e7)
< show_estimated_latency(0xa)
> frame.ping.handle({data:[0x70,0x69,0x6e,0x67]})
< show_current_time(0x41)
> frame.timestamp.handle({time:0x2})
> ping_packet_event({protocol:udp,addr:0xb000001,port:0x137e,interface:ivy},{protocol:udp,addr:0xb000002,port:0x115b,interface:ivy},{payload:[{frame.ping:{data:[0x70,0x69,0x6e,0x67]}},{frame.timestamp:{time:0x51a2}}]})
< recv_pong(client,{protocol:udp,addr:0xb000002,port:0x115b,interface:ivy},{protocol:udp,addr:0xb000001,port:0x137e,interface:ivy},{payload:[{frame.pong:{data:[0x70,0x6f,0x6e,0x67]}},{frame.timestamp:{time:0x5784}}]})
< show_current_time(0x623)
< show_estimated_latency(0xa)
> frame.ping.handle({data:[0x70,0x69,0x6e,0x67]})
< show_current_time(0x19)
> frame.timestamp.handle({time:0x1})
> ping_packet_event({protocol:udp,addr:0xb000001,port:0x137e,interface:ivy},{protocol:udp,addr:0xb000002,port:0x115b,interface:ivy},{payload:[{frame.ping:{data:[0x70,0x69,0x6e,0x67]}},{frame.timestamp:{time:0x5810}}]})
< recv_pong(client,{protocol:udp,addr:0xb000002,port:0x115b,interface:ivy},{protocol:udp,addr:0xb000001,port:0x137e,interface:ivy},{payload:[{frame.pong:{data:[0x70,0x6f,0x6e,0x67]}},{frame.timestamp:{time:0x5e3f}}]})
< show_current_time(0x6a2)
< show_estimated_latency(0xa)
> frame.ping.handle({data:[0x70,0x69,0x6e,0x67]})
< show_current_time(0x5)
> frame.timestamp.handle({time:0x3})
> ping_packet_event({protocol:udp,addr:0xb000001,port:0x137e,interface:ivy},{protocol:udp,addr:0xb000002,port:0x115b,interface:ivy},{payload:[{frame.ping:{data:[0x70,0x69,0x6e,0x67]}},{frame.timestamp:{time:0x5e58}}]})
< recv_pong(client,{protocol:udp,addr:0xb000002,port:0x115b,interface:ivy},{protocol:udp,addr:0xb000001,port:0x137e,interface:ivy},{payload:[{frame.pong:{data:[0x70,0x6f,0x6e,0x67]}},{frame.timestamp:{time:0x63ba}}]})
< show_current_time(0x576)
< show_estimated_latency(0xa)
> frame.ping.handle({data:[0x70,0x69,0x6e,0x67]})
< show_current_time(0x1e)
> frame.timestamp.handle({time:0x4})
> ping_packet_event({protocol:udp,addr:0xb000001,port:0x137e,interface:ivy},{protocol:udp,addr:0xb000002,port:0x115b,interface:ivy},{payload:[{frame.ping:{data:[0x70,0x69,0x6e,0x67]}},{frame.timestamp:{time:0x6400}}]})
< recv_pong(client,{protocol:udp,addr:0xb000002,port:0x115b,interface:ivy},{protocol:udp,addr:0xb000001,port:0x137e,interface:ivy},{payload:[{frame.pong:{data:[0x70,0x6f,0x6e,0x67]}},{frame.timestamp:{time:0x6b29}}]})
< show_current_time(0x751)
< show_estimated_latency(0xa)
> frame.ping.handle({data:[0x70,0x69,0x6e,0x67]})
< show_current_time(0)
> frame.timestamp.handle({time:0})
> ping_packet_event({protocol:udp,addr:0xb000001,port:0x137e,interface:ivy},{protocol:udp,addr:0xb000002,port:0x115b,interface:ivy},{payload:[{frame.ping:{data:[0x70,0x69,0x6e,0x67]}},{frame.timestamp:{time:0x6b4c}}]})
< recv_pong(client,{protocol:udp,addr:0xb000002,port:0x115b,interface:ivy},{protocol:udp,addr:0xb000001,port:0x137e,interface:ivy},{payload:[{frame.pong:{data:[0x70,0x6f,0x6e,0x67]}},{frame.timestamp:{time:0x71ba}}]})
< show_current_time(0x691)
< show_estimated_latency(0xa)
> frame.ping.handle({data:[0x70,0x69,0x6e,0x67]})
< show_current_time(0x1e)
> frame.timestamp.handle({time:0x2})
> ping_packet_event({protocol:udp,addr:0xb000001,port:0x137e,interface:ivy},{protocol:udp,addr:0xb000002,port:0x115b,interface:ivy},{payload:[{frame.ping:{data:[0x70,0x69,0x6e,0x67]}},{frame.timestamp:{time:0x71f6}}]})
< recv_pong(client,{protocol:udp,addr:0xb000002,port:0x115b,interface:ivy},{protocol:udp,addr:0xb000001,port:0x137e,interface:ivy},{payload:[{frame.pong:{data:[0x70,0x6f,0x6e,0x67]}},{frame.timestamp:{time:0x7835}}]})
< show_current_time(0x65d)
< show_estimated_latency(0xa)
> frame.ping.handle({data:[0x70,0x69,0x6e,0x67]})
< show_current_time(0x1e)
> frame.timestamp.handle({time:0x4})
> ping_packet_event({protocol:udp,addr:0xb000001,port:0x137e,interface:ivy},{protocol:udp,addr:0xb000002,port:0x115b,interface:ivy},{payload:[{frame.ping:{data:[0x70,0x69,0x6e,0x67]}},{frame.timestamp:{time:0x78d0}}]})
< recv_pong(client,{protocol:udp,addr:0xb000002,port:0x115b,interface:ivy},{protocol:udp,addr:0xb000001,port:0x137e,interface:ivy},{payload:[{frame.pong:{data:[0x70,0x6f,0x6e,0x67]}},{frame.timestamp:{time:0x7efe}}]})
< show_current_time(0x6ab)
< show_estimated_latency(0xa)
> frame.ping.handle({data:[0x70,0x69,0x6e,0x67]})
< show_current_time(0x46)
> frame.timestamp.handle({time:0x1})
> ping_packet_event({protocol:udp,addr:0xb000001,port:0x137e,interface:ivy},{protocol:udp,addr:0xb000002,port:0x115b,interface:ivy},{payload:[{frame.ping:{data:[0x70,0x69,0x6e,0x67]}},{frame.timestamp:{time:0x7f58}}]})
< recv_pong(client,{protocol:udp,addr:0xb000002,port:0x115b,interface:ivy},{protocol:udp,addr:0xb000001,port:0x137e,interface:ivy},{payload:[{frame.pong:{data:[0x70,0x6f,0x6e,0x67]}},{frame.timestamp:{time:0x8391}}]})
< show_current_time(0x44d)
< show_estimated_latency(0xa)
> frame.ping.handle({data:[0x70,0x69,0x6e,0x67]})
< show_current_time(0xa)
> frame.timestamp.handle({time:0})
> ping_packet_event({protocol:udp,addr:0xb000001,port:0x137e,interface:ivy},{protocol:udp,addr:0xb000002,port:0x115b,interface:ivy},{payload:[{frame.ping:{data:[0x70,0x69,0x6e,0x67]}},{frame.timestamp:{time:0x83aa}}]})
< recv_pong(client,{protocol:udp,addr:0xb000002,port:0x115b,interface:ivy},{protocol:udp,addr:0xb000001,port:0x137e,interface:ivy},{payload:[{frame.pong:{data:[0x70,0x6f,0x6e,0x67]}},{frame.timestamp:{time:0x88d8}}]})
< show_current_time(0x53d)
< show_estimated_latency(0xa)
> frame.ping.handle({data:[0x70,0x69,0x6e,0x67]})
< show_current_time(0xf)
> frame.timestamp.handle({time:0})
> ping_packet_event({protocol:udp,addr:0xb000001,port:0x137e,interface:ivy},{protocol:udp,addr:0xb000002,port:0x115b,interface:ivy},{payload:[{frame.ping:{data:[0x70,0x69,0x6e,0x67]}},{frame.timestamp:{time:0x8946}}]})
< recv_pong(client,{protocol:udp,addr:0xb000002,port:0x115b,interface:ivy},{protocol:udp,addr:0xb000001,port:0x137e,interface:ivy},{payload:[{frame.pong:{data:[0x70,0x6f,0x6e,0x67]}},{frame.timestamp:{time:0x9043}}]})
< show_current_time(0x75c)
< show_estimated_latency(0xa)
> frame.ping.handle({data:[0x70,0x69,0x6e,0x67]})
< show_current_time(0x28)
> frame.timestamp.handle({time:0x3})
> ping_packet_event({protocol:udp,addr:0xb000001,port:0x137e,interface:ivy},{protocol:udp,addr:0xb000002,port:0x115b,interface:ivy},{payload:[{frame.ping:{data:[0x70,0x69,0x6e,0x67]}},{frame.timestamp:{time:0x907f}}]})
< recv_pong(client,{protocol:udp,addr:0xb000002,port:0x115b,interface:ivy},{protocol:udp,addr:0xb000001,port:0x137e,interface:ivy},{payload:[{frame.pong:{data:[0x70,0x6f,0x6e,0x67]}},{frame.timestamp:{time:0x9575}}]})
< show_current_time(0x50a)
< show_estimated_latency(0xa)
> frame.ping.handle({data:[0x70,0x69,0x6e,0x67]})
< show_current_time(0x1e)
> frame.timestamp.handle({time:0x1})
> ping_packet_event({protocol:udp,addr:0xb000001,port:0x137e,interface:ivy},{protocol:udp,addr:0xb000002,port:0x115b,interface:ivy},{payload:[{frame.ping:{data:[0x70,0x69,0x6e,0x67]}},{frame.timestamp:{time:0x95bb}}]})
test_completed
