"http_response_file.txt"
PROOTPATH 5b /PFV
"/PFV/QUIC-Ivy-Attacker/doc/examples/quic/ping/http_response_file.txt"
cannot open file: No such file or directory
-1
SOCKET 3
source port number 0
binding client id: server addr: 184549377 port: 4443
source port number 4443
installing reader 2
COUCOU
cannot seek to beginning of file: Bad file descriptor
recvfrom failed
