> client_send_event({protocol:udp,addr:184549377,port:4443,interface:ivy},{protocol:udp,addr:167772161,port:4987,interface:ivy},3)
< server.show_set_client_ep({protocol:udp,addr:0xb000002,port:0x2c8c,interface:ivy})
< recv_ping(server,{protocol:udp,addr:0xb000002,port:0x2c8c,interface:ivy},{protocol:udp,addr:0xb000001,port:0x115b,interface:ivy},{payload:[{frame.ping:{data:[0x70,0x69,0x6e,0x67]}},{frame.timestamp:{time:0x6acfbfdc}}]})
< show_current_time(0)
< show_estimated_latency(0x95304024)
> frame.pong.handle({data:[0x70,0x6f,0x6e,0x67]})
> frame.timestamp.handle({time:0x4})
> ping_packet_event({protocol:udp,addr:0xb000001,port:0x115b,interface:ivy},{protocol:udp,addr:0xb000002,port:0x2c8c,interface:ivy},{payload:[{frame.pong:{data:[0x70,0x6f,0x6e,0x67]}},{frame.timestamp:{time:0x7d0}}]})
< recv_ping(server,{protocol:udp,addr:0xb000002,port:0x2c8c,interface:ivy},{protocol:udp,addr:0xb000001,port:0x115b,interface:ivy},{payload:[{frame.ping:{data:[0x70,0x69,0x6e,0x67]}},{frame.timestamp:{time:0x6acfcedf}}]})
< show_current_time(0xe93)
< show_estimated_latency(0x95303fb4)
> frame.pong.handle({data:[0x70,0x6f,0x6e,0x67]})
> frame.timestamp.handle({time:0x2})
> ping_packet_event({protocol:udp,addr:0xb000001,port:0x115b,interface:ivy},{protocol:udp,addr:0xb000002,port:0x2c8c,interface:ivy},{payload:[{frame.pong:{data:[0x70,0x6f,0x6e,0x67]}},{frame.timestamp:{time:0xea2}}]})
< recv_ping(server,{protocol:udp,addr:0xb000002,port:0x2c8c,interface:ivy},{protocol:udp,addr:0xb000001,port:0x115b,interface:ivy},{payload:[{frame.ping:{data:[0x70,0x69,0x6e,0x67]}},{frame.timestamp:{time:0x6acfd4dc}}]})
< show_current_time(0x5f9)
< show_estimated_latency(0x95303fb0)
> frame.pong.handle({data:[0x70,0x6f,0x6e,0x67]})
> frame.timestamp.handle({time:0})
> ping_packet_event({protocol:udp,addr:0xb000001,port:0x115b,interface:ivy},{protocol:udp,addr:0xb000002,port:0x2c8c,interface:ivy},{payload:[{frame.pong:{data:[0x70,0x6f,0x6e,0x67]}},{frame.timestamp:{time:0x149b}}]})
< recv_ping(server,{protocol:udp,addr:0xb000002,port:0x2c8c,interface:ivy},{protocol:udp,addr:0xb000001,port:0x115b,interface:ivy},{payload:[{frame.ping:{data:[0x70,0x69,0x6e,0x67]}},{frame.timestamp:{time:0x6acfdbff}}]})
< show_current_time(0x763)
< show_estimated_latency(0x95303ff0)
> frame.pong.handle({data:[0x70,0x6f,0x6e,0x67]})
> frame.timestamp.handle({time:0x2})
> ping_packet_event({protocol:udp,addr:0xb000001,port:0x115b,interface:ivy},{protocol:udp,addr:0xb000002,port:0x2c8c,interface:ivy},{payload:[{frame.pong:{data:[0x70,0x6f,0x6e,0x67]}},{frame.timestamp:{time:0x1bf9}}]})
< recv_ping(server,{protocol:udp,addr:0xb000002,port:0x2c8c,interface:ivy},{protocol:udp,addr:0xb000001,port:0x115b,interface:ivy},{payload:[{frame.ping:{data:[0x70,0x69,0x6e,0x67]}},{frame.timestamp:{time:0x6acfe1fd}}]})
< show_current_time(0x642)
< show_estimated_latency(0x95304034)
> frame.pong.handle({data:[0x70,0x6f,0x6e,0x67]})
> frame.timestamp.handle({time:0x1})
> ping_packet_event({protocol:udp,addr:0xb000001,port:0x115b,interface:ivy},{protocol:udp,addr:0xb000002,port:0x2c8c,interface:ivy},{payload:[{frame.pong:{data:[0x70,0x6f,0x6e,0x67]}},{frame.timestamp:{time:0x224a}}]})
< recv_ping(server,{protocol:udp,addr:0xb000002,port:0x2c8c,interface:ivy},{protocol:udp,addr:0xb000001,port:0x115b,interface:ivy},{payload:[{frame.ping:{data:[0x70,0x69,0x6e,0x67]}},{frame.timestamp:{time:0x6acfe6fd}}]})
< show_current_time(0x4f8)
< show_estimated_latency(0x9530402c)
> frame.pong.handle({data:[0x70,0x6f,0x6e,0x67]})
> frame.timestamp.handle({time:0x1})
> ping_packet_event({protocol:udp,addr:0xb000001,port:0x115b,interface:ivy},{protocol:udp,addr:0xb000002,port:0x2c8c,interface:ivy},{payload:[{frame.pong:{data:[0x70,0x6f,0x6e,0x67]}},{frame.timestamp:{time:0x2729}}]})
< recv_ping(server,{protocol:udp,addr:0xb000002,port:0x2c8c,interface:ivy},{protocol:udp,addr:0xb000001,port:0x115b,interface:ivy},{payload:[{frame.ping:{data:[0x70,0x69,0x6e,0x67]}},{frame.timestamp:{time:0x6acfeafd}}]})
< show_current_time(0x444)
< show_estimated_latency(0x95304070)
> frame.pong.handle({data:[0x70,0x6f,0x6e,0x67]})
> frame.timestamp.handle({time:0x2})
> ping_packet_event({protocol:udp,addr:0xb000001,port:0x115b,interface:ivy},{protocol:udp,addr:0xb000002,port:0x2c8c,interface:ivy},{payload:[{frame.pong:{data:[0x70,0x6f,0x6e,0x67]}},{frame.timestamp:{time:0x2b7c}}]})
< recv_ping(server,{protocol:udp,addr:0xb000002,port:0x2c8c,interface:ivy},{protocol:udp,addr:0xb000001,port:0x115b,interface:ivy},{payload:[{frame.ping:{data:[0x70,0x69,0x6e,0x67]}},{frame.timestamp:{time:0x6acfefde}}]})
< show_current_time(0x4a9)
< show_estimated_latency(0x95304038)
> frame.pong.handle({data:[0x70,0x6f,0x6e,0x67]})
> frame.timestamp.handle({time:0x1})
> ping_packet_event({protocol:udp,addr:0xb000001,port:0x115b,interface:ivy},{protocol:udp,addr:0xb000002,port:0x2c8c,interface:ivy},{payload:[{frame.pong:{data:[0x70,0x6f,0x6e,0x67]}},{frame.timestamp:{time:0x303e}}]})
< recv_ping(server,{protocol:udp,addr:0xb000002,port:0x2c8c,interface:ivy},{protocol:udp,addr:0xb000001,port:0x115b,interface:ivy},{payload:[{frame.ping:{data:[0x70,0x69,0x6e,0x67]}},{frame.timestamp:{time:0x6acff6fe}}]})
< show_current_time(0x744)
< show_estimated_latency(0x9530405c)
> frame.pong.handle({data:[0x70,0x6f,0x6e,0x67]})
> frame.timestamp.handle({time:0x2})
> ping_packet_event({protocol:udp,addr:0xb000001,port:0x115b,interface:ivy},{protocol:udp,addr:0xb000002,port:0x2c8c,interface:ivy},{payload:[{frame.pong:{data:[0x70,0x6f,0x6e,0x67]}},{frame.timestamp:{time:0x37be}}]})
< recv_ping(server,{protocol:udp,addr:0xb000002,port:0x2c8c,interface:ivy},{protocol:udp,addr:0xb000001,port:0x115b,interface:ivy},{payload:[{frame.ping:{data:[0x70,0x69,0x6e,0x67]}},{frame.timestamp:{time:0x6acffcdd}}]})
< show_current_time(0x5fb)
< show_estimated_latency(0x95304078)
> frame.pong.handle({data:[0x70,0x6f,0x6e,0x67]})
> frame.timestamp.handle({time:0})
> ping_packet_event({protocol:udp,addr:0xb000001,port:0x115b,interface:ivy},{protocol:udp,addr:0xb000002,port:0x2c8c,interface:ivy},{payload:[{frame.pong:{data:[0x70,0x6f,0x6e,0x67]}},{frame.timestamp:{time:0x3d7d}}]})
< recv_ping(server,{protocol:udp,addr:0xb000002,port:0x2c8c,interface:ivy},{protocol:udp,addr:0xb000001,port:0x115b,interface:ivy},{payload:[{frame.ping:{data:[0x70,0x69,0x6e,0x67]}},{frame.timestamp:{time:0x6ad002fe}}]})
< show_current_time(0x619)
< show_estimated_latency(0x95304070)
> frame.pong.handle({data:[0x70,0x6f,0x6e,0x67]})
> frame.timestamp.handle({time:0x2})
> ping_packet_event({protocol:udp,addr:0xb000001,port:0x115b,interface:ivy},{protocol:udp,addr:0xb000002,port:0x2c8c,interface:ivy},{payload:[{frame.pong:{data:[0x70,0x6f,0x6e,0x67]}},{frame.timestamp:{time:0x4391}}]})
< recv_ping(server,{protocol:udp,addr:0xb000002,port:0x2c8c,interface:ivy},{protocol:udp,addr:0xb000001,port:0x115b,interface:ivy},{payload:[{frame.ping:{data:[0x70,0x69,0x6e,0x67]}},{frame.timestamp:{time:0x6ad009ff}}]})
< show_current_time(0x675)
< show_estimated_latency(0x95303fe4)
> frame.pong.handle({data:[0x70,0x6f,0x6e,0x67]})
> frame.timestamp.handle({time:0x3})
> ping_packet_event({protocol:udp,addr:0xb000001,port:0x115b,interface:ivy},{protocol:udp,addr:0xb000002,port:0x2c8c,interface:ivy},{payload:[{frame.pong:{data:[0x70,0x6f,0x6e,0x67]}},{frame.timestamp:{time:0x4ad3}}]})
< recv_ping(server,{protocol:udp,addr:0xb000002,port:0x2c8c,interface:ivy},{protocol:udp,addr:0xb000001,port:0x115b,interface:ivy},{payload:[{frame.ping:{data:[0x70,0x69,0x6e,0x67]}},{frame.timestamp:{time:0x6ad00ffc}}]})
< show_current_time(0x64d)
< show_estimated_latency(0x95304034)
> frame.pong.handle({data:[0x70,0x6f,0x6e,0x67]})
> frame.timestamp.handle({time:0x4})
> ping_packet_event({protocol:udp,addr:0xb000001,port:0x115b,interface:ivy},{protocol:udp,addr:0xb000002,port:0x2c8c,interface:ivy},{payload:[{frame.pong:{data:[0x70,0x6f,0x6e,0x67]}},{frame.timestamp:{time:0x503f}}]})
< recv_ping(server,{protocol:udp,addr:0xb000002,port:0x2c8c,interface:ivy},{protocol:udp,addr:0xb000001,port:0x115b,interface:ivy},{payload:[{frame.ping:{data:[0x70,0x69,0x6e,0x67]}},{frame.timestamp:{time:0x6ad017df}}]})
< show_current_time(0x75b)
< show_estimated_latency(0x95303fac)
> frame.pong.handle({data:[0x70,0x6f,0x6e,0x67]})
> frame.timestamp.handle({time:0x3})
> ping_packet_event({protocol:udp,addr:0xb000001,port:0x115b,interface:ivy},{protocol:udp,addr:0xb000002,port:0x2c8c,interface:ivy},{payload:[{frame.pong:{data:[0x70,0x6f,0x6e,0x67]}},{frame.timestamp:{time:0x579f}}]})
< recv_ping(server,{protocol:udp,addr:0xb000002,port:0x2c8c,interface:ivy},{protocol:udp,addr:0xb000001,port:0x115b,interface:ivy},{payload:[{frame.ping:{data:[0x70,0x69,0x6e,0x67]}},{frame.timestamp:{time:0x6ad01ddc}}]})
< show_current_time(0x67d)
< show_estimated_latency(0x9530402c)
> frame.pong.handle({data:[0x70,0x6f,0x6e,0x67]})
> frame.timestamp.handle({time:0x1})
> ping_packet_event({protocol:udp,addr:0xb000001,port:0x115b,interface:ivy},{protocol:udp,addr:0xb000002,port:0x2c8c,interface:ivy},{payload:[{frame.pong:{data:[0x70,0x6f,0x6e,0x67]}},{frame.timestamp:{time:0x5e3f}}]})
< recv_ping(server,{protocol:udp,addr:0xb000002,port:0x2c8c,interface:ivy},{protocol:udp,addr:0xb000001,port:0x115b,interface:ivy},{payload:[{frame.ping:{data:[0x70,0x69,0x6e,0x67]}},{frame.timestamp:{time:0x6ad024df}}]})
< show_current_time(0x67b)
< show_estimated_latency(0x95303fa4)
> frame.pong.handle({data:[0x70,0x6f,0x6e,0x67]})
> frame.timestamp.handle({time:0x4})
> ping_packet_event({protocol:udp,addr:0xb000001,port:0x115b,interface:ivy},{protocol:udp,addr:0xb000002,port:0x2c8c,interface:ivy},{payload:[{frame.pong:{data:[0x70,0x6f,0x6e,0x67]}},{frame.timestamp:{time:0x64a6}}]})
< recv_ping(server,{protocol:udp,addr:0xb000002,port:0x2c8c,interface:ivy},{protocol:udp,addr:0xb000001,port:0x115b,interface:ivy},{payload:[{frame.ping:{data:[0x70,0x69,0x6e,0x67]}},{frame.timestamp:{time:0x6ad02adc}}]})
< show_current_time(0x651)
< show_estimated_latency(0x95303ff8)
> frame.pong.handle({data:[0x70,0x6f,0x6e,0x67]})
> frame.timestamp.handle({time:0})
> ping_packet_event({protocol:udp,addr:0xb000001,port:0x115b,interface:ivy},{protocol:udp,addr:0xb000002,port:0x2c8c,interface:ivy},{payload:[{frame.pong:{data:[0x70,0x6f,0x6e,0x67]}},{frame.timestamp:{time:0x6b06}}]})
< recv_ping(server,{protocol:udp,addr:0xb000002,port:0x2c8c,interface:ivy},{protocol:udp,addr:0xb000001,port:0x115b,interface:ivy},{payload:[{frame.ping:{data:[0x70,0x69,0x6e,0x67]}},{frame.timestamp:{time:0x6ad02ede}}]})
< show_current_time(0x466)
< show_estimated_latency(0x9530405c)
> frame.pong.handle({data:[0x70,0x6f,0x6e,0x67]})
> frame.timestamp.handle({time:0x2})
> ping_packet_event({protocol:udp,addr:0xb000001,port:0x115b,interface:ivy},{protocol:udp,addr:0xb000002,port:0x2c8c,interface:ivy},{payload:[{frame.pong:{data:[0x70,0x6f,0x6e,0x67]}},{frame.timestamp:{time:0x6fb7}}]})
< recv_ping(server,{protocol:udp,addr:0xb000002,port:0x2c8c,interface:ivy},{protocol:udp,addr:0xb000001,port:0x115b,interface:ivy},{payload:[{frame.ping:{data:[0x70,0x69,0x6e,0x67]}},{frame.timestamp:{time:0x6ad034dd}}]})
< show_current_time(0x5bf)
< show_estimated_latency(0x9530401c)
> frame.pong.handle({data:[0x70,0x6f,0x6e,0x67]})
> frame.timestamp.handle({time:0x1})
> ping_packet_event({protocol:udp,addr:0xb000001,port:0x115b,interface:ivy},{protocol:udp,addr:0xb000002,port:0x2c8c,interface:ivy},{payload:[{frame.pong:{data:[0x70,0x6f,0x6e,0x67]}},{frame.timestamp:{time:0x750d}}]})
< recv_ping(server,{protocol:udp,addr:0xb000002,port:0x2c8c,interface:ivy},{protocol:udp,addr:0xb000001,port:0x115b,interface:ivy},{payload:[{frame.ping:{data:[0x70,0x69,0x6e,0x67]}},{frame.timestamp:{time:0x6ad039df}}]})
< show_current_time(0x546)
< show_estimated_latency(0x95304060)
> frame.pong.handle({data:[0x70,0x6f,0x6e,0x67]})
> frame.timestamp.handle({time:0})
> ping_packet_event({protocol:udp,addr:0xb000001,port:0x115b,interface:ivy},{protocol:udp,addr:0xb000002,port:0x2c8c,interface:ivy},{payload:[{frame.pong:{data:[0x70,0x6f,0x6e,0x67]}},{frame.timestamp:{time:0x7a58}}]})
< recv_ping(server,{protocol:udp,addr:0xb000002,port:0x2c8c,interface:ivy},{protocol:udp,addr:0xb000001,port:0x115b,interface:ivy},{payload:[{frame.ping:{data:[0x70,0x69,0x6e,0x67]}},{frame.timestamp:{time:0x6ad041fd}}]})
< show_current_time(0x7aa)
< show_estimated_latency(0x95303fec)
> frame.pong.handle({data:[0x70,0x6f,0x6e,0x67]})
> frame.timestamp.handle({time:0})
> ping_packet_event({protocol:udp,addr:0xb000001,port:0x115b,interface:ivy},{protocol:udp,addr:0xb000002,port:0x2c8c,interface:ivy},{payload:[{frame.pong:{data:[0x70,0x6f,0x6e,0x67]}},{frame.timestamp:{time:0x8207}}]})
< recv_ping(server,{protocol:udp,addr:0xb000002,port:0x2c8c,interface:ivy},{protocol:udp,addr:0xb000001,port:0x115b,interface:ivy},{payload:[{frame.ping:{data:[0x70,0x69,0x6e,0x67]}},{frame.timestamp:{time:0x6ad046dd}}]})
< show_current_time(0x4a0)
< show_estimated_latency(0x95303fac)
> frame.pong.handle({data:[0x70,0x6f,0x6e,0x67]})
> frame.timestamp.handle({time:0})
> ping_packet_event({protocol:udp,addr:0xb000001,port:0x115b,interface:ivy},{protocol:udp,addr:0xb000002,port:0x2c8c,interface:ivy},{payload:[{frame.pong:{data:[0x70,0x6f,0x6e,0x67]}},{frame.timestamp:{time:0x869d}}]})
< recv_ping(server,{protocol:udp,addr:0xb000002,port:0x2c8c,interface:ivy},{protocol:udp,addr:0xb000001,port:0x115b,interface:ivy},{payload:[{frame.ping:{data:[0x70,0x69,0x6e,0x67]}},{frame.timestamp:{time:0x6ad04cfd}}]})
< show_current_time(0x6a4)
< show_estimated_latency(0x95304030)
> frame.pong.handle({data:[0x70,0x6f,0x6e,0x67]})
> frame.timestamp.handle({time:0x4})
> ping_packet_event({protocol:udp,addr:0xb000001,port:0x115b,interface:ivy},{protocol:udp,addr:0xb000002,port:0x2c8c,interface:ivy},{payload:[{frame.pong:{data:[0x70,0x6f,0x6e,0x67]}},{frame.timestamp:{time:0x8d3c}}]})
< recv_ping(server,{protocol:udp,addr:0xb000002,port:0x2c8c,interface:ivy},{protocol:udp,addr:0xb000001,port:0x115b,interface:ivy},{payload:[{frame.ping:{data:[0x70,0x69,0x6e,0x67]}},{frame.timestamp:{time:0x6ad051fd}}]})
< show_current_time(0x4c0)
< show_estimated_latency(0x95303ff0)
> frame.pong.handle({data:[0x70,0x6f,0x6e,0x67]})
> frame.timestamp.handle({time:0})
> ping_packet_event({protocol:udp,addr:0xb000001,port:0x115b,interface:ivy},{protocol:udp,addr:0xb000002,port:0x2c8c,interface:ivy},{payload:[{frame.pong:{data:[0x70,0x6f,0x6e,0x67]}},{frame.timestamp:{time:0x9215}}]})
< recv_ping(server,{protocol:udp,addr:0xb000002,port:0x2c8c,interface:ivy},{protocol:udp,addr:0xb000001,port:0x115b,interface:ivy},{payload:[{frame.ping:{data:[0x70,0x69,0x6e,0x67]}},{frame.timestamp:{time:0x6ad055fe}}]})
< show_current_time(0x481)
< show_estimated_latency(0x95304070)
> frame.pong.handle({data:[0x70,0x6f,0x6e,0x67]})
> frame.timestamp.handle({time:0x2})
> ping_packet_event({protocol:udp,addr:0xb000001,port:0x115b,interface:ivy},{protocol:udp,addr:0xb000002,port:0x2c8c,interface:ivy},{payload:[{frame.pong:{data:[0x70,0x6f,0x6e,0x67]}},{frame.timestamp:{time:0x96aa}}]})
< recv_ping(server,{protocol:udp,addr:0xb000002,port:0x2c8c,interface:ivy},{protocol:udp,addr:0xb000001,port:0x115b,interface:ivy},{payload:[{frame.ping:{data:[0x70,0x69,0x6e,0x67]}},{frame.timestamp:{time:0x6ad05cff}}]})
< show_current_time(0x681)
< show_estimated_latency(0x95303ff0)
> frame.pong.handle({data:[0x70,0x6f,0x6e,0x67]})
> frame.timestamp.handle({time:0x4})
> ping_packet_event({protocol:udp,addr:0xb000001,port:0x115b,interface:ivy},{protocol:udp,addr:0xb000002,port:0x2c8c,interface:ivy},{payload:[{frame.pong:{data:[0x70,0x6f,0x6e,0x67]}},{frame.timestamp:{time:0x9d3a}}]})
< recv_ping(server,{protocol:udp,addr:0xb000002,port:0x2c8c,interface:ivy},{protocol:udp,addr:0xb000001,port:0x115b,interface:ivy},{payload:[{frame.ping:{data:[0x70,0x69,0x6e,0x67]}},{frame.timestamp:{time:0x6ad062ff}}]})
< show_current_time(0x5c8)
< show_estimated_latency(0x95303fb8)
> frame.pong.handle({data:[0x70,0x6f,0x6e,0x67]})
> frame.timestamp.handle({time:0})
> ping_packet_event({protocol:udp,addr:0xb000001,port:0x115b,interface:ivy},{protocol:udp,addr:0xb000002,port:0x2c8c,interface:ivy},{payload:[{frame.pong:{data:[0x70,0x6f,0x6e,0x67]}},{frame.timestamp:{time:0xa2bc}}]})
< recv_ping(server,{protocol:udp,addr:0xb000002,port:0x2c8c,interface:ivy},{protocol:udp,addr:0xb000001,port:0x115b,interface:ivy},{payload:[{frame.ping:{data:[0x70,0x69,0x6e,0x67]}},{frame.timestamp:{time:0x6ad069de}}]})
< show_current_time(0x6c3)
< show_estimated_latency(0x95303f9c)
> frame.pong.handle({data:[0x70,0x6f,0x6e,0x67]})
> frame.timestamp.handle({time:0x3})
> ping_packet_event({protocol:udp,addr:0xb000001,port:0x115b,interface:ivy},{protocol:udp,addr:0xb000002,port:0x2c8c,interface:ivy},{payload:[{frame.pong:{data:[0x70,0x6f,0x6e,0x67]}},{frame.timestamp:{time:0xa9a7}}]})
< recv_ping(server,{protocol:udp,addr:0xb000002,port:0x2c8c,interface:ivy},{protocol:udp,addr:0xb000001,port:0x115b,interface:ivy},{payload:[{frame.ping:{data:[0x70,0x69,0x6e,0x67]}},{frame.timestamp:{time:0x6ad06ffc}}]})
< show_current_time(0x6f2)
< show_estimated_latency(0x95304070)
> frame.pong.handle({data:[0x70,0x6f,0x6e,0x67]})
> frame.timestamp.handle({time:0})
> ping_packet_event({protocol:udp,addr:0xb000001,port:0x115b,interface:ivy},{protocol:udp,addr:0xb000002,port:0x2c8c,interface:ivy},{payload:[{frame.pong:{data:[0x70,0x6f,0x6e,0x67]}},{frame.timestamp:{time:0xb08f}}]})
< recv_ping(server,{protocol:udp,addr:0xb000002,port:0x2c8c,interface:ivy},{protocol:udp,addr:0xb000001,port:0x115b,interface:ivy},{payload:[{frame.ping:{data:[0x70,0x69,0x6e,0x67]}},{frame.timestamp:{time:0x6ad076fc}}]})
< show_current_time(0x678)
< show_estimated_latency(0x95303fe8)
> frame.pong.handle({data:[0x70,0x6f,0x6e,0x67]})
> frame.timestamp.handle({time:0x2})
> ping_packet_event({protocol:udp,addr:0xb000001,port:0x115b,interface:ivy},{protocol:udp,addr:0xb000002,port:0x2c8c,interface:ivy},{payload:[{frame.pong:{data:[0x70,0x6f,0x6e,0x67]}},{frame.timestamp:{time:0xb6e9}}]})
< recv_ping(server,{protocol:udp,addr:0xb000002,port:0x2c8c,interface:ivy},{protocol:udp,addr:0xb000001,port:0x115b,interface:ivy},{payload:[{frame.ping:{data:[0x70,0x69,0x6e,0x67]}},{frame.timestamp:{time:0x6ad07bdd}}]})
< show_current_time(0x4ed)
< show_estimated_latency(0x95303ff4)
> frame.pong.handle({data:[0x70,0x6f,0x6e,0x67]})
> frame.timestamp.handle({time:0x2})
> ping_packet_event({protocol:udp,addr:0xb000001,port:0x115b,interface:ivy},{protocol:udp,addr:0xb000002,port:0x2c8c,interface:ivy},{payload:[{frame.pong:{data:[0x70,0x6f,0x6e,0x67]}},{frame.timestamp:{time:0xbc49}}]})
< recv_ping(server,{protocol:udp,addr:0xb000002,port:0x2c8c,interface:ivy},{protocol:udp,addr:0xb000001,port:0x115b,interface:ivy},{payload:[{frame.ping:{data:[0x70,0x69,0x6e,0x67]}},{frame.timestamp:{time:0x6ad080ff}}]})
< show_current_time(0x51e)
< show_estimated_latency(0x95303ff0)
> frame.pong.handle({data:[0x70,0x6f,0x6e,0x67]})
> frame.timestamp.handle({time:0x1})
> ping_packet_event({protocol:udp,addr:0xb000001,port:0x115b,interface:ivy},{protocol:udp,addr:0xb000002,port:0x2c8c,interface:ivy},{payload:[{frame.pong:{data:[0x70,0x6f,0x6e,0x67]}},{frame.timestamp:{time:0xc13a}}]})
< recv_ping(server,{protocol:udp,addr:0xb000002,port:0x2c8c,interface:ivy},{protocol:udp,addr:0xb000001,port:0x115b,interface:ivy},{payload:[{frame.ping:{data:[0x70,0x69,0x6e,0x67]}},{frame.timestamp:{time:0x6ad085ff}}]})
< show_current_time(0x4f0)
< show_estimated_latency(0x95303fe0)
> frame.pong.handle({data:[0x70,0x6f,0x6e,0x67]})
> frame.timestamp.handle({time:0x1})
> ping_packet_event({protocol:udp,addr:0xb000001,port:0x115b,interface:ivy},{protocol:udp,addr:0xb000002,port:0x2c8c,interface:ivy},{payload:[{frame.pong:{data:[0x70,0x6f,0x6e,0x67]}},{frame.timestamp:{time:0xc61b}}]})
< recv_ping(server,{protocol:udp,addr:0xb000002,port:0x2c8c,interface:ivy},{protocol:udp,addr:0xb000001,port:0x115b,interface:ivy},{payload:[{frame.ping:{data:[0x70,0x69,0x6e,0x67]}},{frame.timestamp:{time:0x6ad08adc}}]})
< show_current_time(0x4e5)
< show_estimated_latency(0x95303fe8)
> frame.pong.handle({data:[0x70,0x6f,0x6e,0x67]})
> frame.timestamp.handle({time:0x3})
> ping_packet_event({protocol:udp,addr:0xb000001,port:0x115b,interface:ivy},{protocol:udp,addr:0xb000002,port:0x2c8c,interface:ivy},{payload:[{frame.pong:{data:[0x70,0x6f,0x6e,0x67]}},{frame.timestamp:{time:0xcac9}}]})
< recv_ping(server,{protocol:udp,addr:0xb000002,port:0x2c8c,interface:ivy},{protocol:udp,addr:0xb000001,port:0x115b,interface:ivy},{payload:[{frame.ping:{data:[0x70,0x69,0x6e,0x67]}},{frame.timestamp:{time:0x6ad08eff}}]})
< show_current_time(0x41b)
< show_estimated_latency(0x95303fe0)
> frame.pong.handle({data:[0x70,0x6f,0x6e,0x67]})
> frame.timestamp.handle({time:0})
> ping_packet_event({protocol:udp,addr:0xb000001,port:0x115b,interface:ivy},{protocol:udp,addr:0xb000002,port:0x2c8c,interface:ivy},{payload:[{frame.pong:{data:[0x70,0x6f,0x6e,0x67]}},{frame.timestamp:{time:0xcf2f}}]})
< recv_ping(server,{protocol:udp,addr:0xb000002,port:0x2c8c,interface:ivy},{protocol:udp,addr:0xb000001,port:0x115b,interface:ivy},{payload:[{frame.ping:{data:[0x70,0x69,0x6e,0x67]}},{frame.timestamp:{time:0x6ad093df}}]})
< show_current_time(0x4e0)
< show_estimated_latency(0x95303fe0)
> frame.pong.handle({data:[0x70,0x6f,0x6e,0x67]})
> frame.timestamp.handle({time:0})
> ping_packet_event({protocol:udp,addr:0xb000001,port:0x115b,interface:ivy},{protocol:udp,addr:0xb000002,port:0x2c8c,interface:ivy},{payload:[{frame.pong:{data:[0x70,0x6f,0x6e,0x67]}},{frame.timestamp:{time:0xd3f6}}]})
< recv_ping(server,{protocol:udp,addr:0xb000002,port:0x2c8c,interface:ivy},{protocol:udp,addr:0xb000001,port:0x115b,interface:ivy},{payload:[{frame.ping:{data:[0x70,0x69,0x6e,0x67]}},{frame.timestamp:{time:0x6ad09ade}}]})
< show_current_time(0x713)
< show_estimated_latency(0x95303ff4)
> frame.pong.handle({data:[0x70,0x6f,0x6e,0x67]})
> frame.timestamp.handle({time:0x3})
> ping_packet_event({protocol:udp,addr:0xb000001,port:0x115b,interface:ivy},{protocol:udp,addr:0xb000002,port:0x2c8c,interface:ivy},{payload:[{frame.pong:{data:[0x70,0x6f,0x6e,0x67]}},{frame.timestamp:{time:0xdafa}}]})
< recv_ping(server,{protocol:udp,addr:0xb000002,port:0x2c8c,interface:ivy},{protocol:udp,addr:0xb000001,port:0x115b,interface:ivy},{payload:[{frame.ping:{data:[0x70,0x69,0x6e,0x67]}},{frame.timestamp:{time:0x6ad0a0de}}]})
< show_current_time(0x604)
< show_estimated_latency(0x95303ff8)
> frame.pong.handle({data:[0x70,0x6f,0x6e,0x67]})
> frame.timestamp.handle({time:0x3})
> ping_packet_event({protocol:udp,addr:0xb000001,port:0x115b,interface:ivy},{protocol:udp,addr:0xb000002,port:0x2c8c,interface:ivy},{payload:[{frame.pong:{data:[0x70,0x6f,0x6e,0x67]}},{frame.timestamp:{time:0xe0d6}}]})
< recv_ping(server,{protocol:udp,addr:0xb000002,port:0x2c8c,interface:ivy},{protocol:udp,addr:0xb000001,port:0x115b,interface:ivy},{payload:[{frame.ping:{data:[0x70,0x69,0x6e,0x67]}},{frame.timestamp:{time:0x6ad0a5ff}}]})
< show_current_time(0x591)
< show_estimated_latency(0x95304068)
> frame.pong.handle({data:[0x70,0x6f,0x6e,0x67]})
> frame.timestamp.handle({time:0})
> ping_packet_event({protocol:udp,addr:0xb000001,port:0x115b,interface:ivy},{protocol:udp,addr:0xb000002,port:0x2c8c,interface:ivy},{payload:[{frame.pong:{data:[0x70,0x6f,0x6e,0x67]}},{frame.timestamp:{time:0xe676}}]})
< recv_ping(server,{protocol:udp,addr:0xb000002,port:0x2c8c,interface:ivy},{protocol:udp,addr:0xb000001,port:0x115b,interface:ivy},{payload:[{frame.ping:{data:[0x70,0x69,0x6e,0x67]}},{frame.timestamp:{time:0x6ad0aadd}}]})
< show_current_time(0x46e)
< show_estimated_latency(0x95303ff8)
> frame.pong.handle({data:[0x70,0x6f,0x6e,0x67]})
> frame.timestamp.handle({time:0x4})
> ping_packet_event({protocol:udp,addr:0xb000001,port:0x115b,interface:ivy},{protocol:udp,addr:0xb000002,port:0x2c8c,interface:ivy},{payload:[{frame.pong:{data:[0x70,0x6f,0x6e,0x67]}},{frame.timestamp:{time:0xeae4}}]})
< recv_ping(server,{protocol:udp,addr:0xb000002,port:0x2c8c,interface:ivy},{protocol:udp,addr:0xb000001,port:0x115b,interface:ivy},{payload:[{frame.ping:{data:[0x70,0x69,0x6e,0x67]}},{frame.timestamp:{time:0x6ad0affd}}]})
< show_current_time(0x55c)
< show_estimated_latency(0x95304034)
> frame.pong.handle({data:[0x70,0x6f,0x6e,0x67]})
> frame.timestamp.handle({time:0})
> ping_packet_event({protocol:udp,addr:0xb000001,port:0x115b,interface:ivy},{protocol:udp,addr:0xb000002,port:0x2c8c,interface:ivy},{payload:[{frame.pong:{data:[0x70,0x6f,0x6e,0x67]}},{frame.timestamp:{time:0xf086}}]})
< recv_ping(server,{protocol:udp,addr:0xb000002,port:0x2c8c,interface:ivy},{protocol:udp,addr:0xb000001,port:0x115b,interface:ivy},{payload:[{frame.ping:{data:[0x70,0x69,0x6e,0x67]}},{frame.timestamp:{time:0x6ad0b4fe}}]})
< show_current_time(0x47d)
< show_estimated_latency(0x95303fb0)
> frame.pong.handle({data:[0x70,0x6f,0x6e,0x67]})
> frame.timestamp.handle({time:0x1})
> ping_packet_event({protocol:udp,addr:0xb000001,port:0x115b,interface:ivy},{protocol:udp,addr:0xb000002,port:0x2c8c,interface:ivy},{payload:[{frame.pong:{data:[0x70,0x6f,0x6e,0x67]}},{frame.timestamp:{time:0xf4db}}]})
< recv_ping(server,{protocol:udp,addr:0xb000002,port:0x2c8c,interface:ivy},{protocol:udp,addr:0xb000001,port:0x115b,interface:ivy},{payload:[{frame.ping:{data:[0x70,0x69,0x6e,0x67]}},{frame.timestamp:{time:0x6ad0bbfd}}]})
< show_current_time(0x76b)
< show_estimated_latency(0x9530401c)
> frame.pong.handle({data:[0x70,0x6f,0x6e,0x67]})
> frame.timestamp.handle({time:0x2})
> ping_packet_event({protocol:udp,addr:0xb000001,port:0x115b,interface:ivy},{protocol:udp,addr:0xb000002,port:0x2c8c,interface:ivy},{payload:[{frame.pong:{data:[0x70,0x6f,0x6e,0x67]}},{frame.timestamp:{time:0xfc2d}}]})
< recv_ping(server,{protocol:udp,addr:0xb000002,port:0x2c8c,interface:ivy},{protocol:udp,addr:0xb000001,port:0x115b,interface:ivy},{payload:[{frame.ping:{data:[0x70,0x69,0x6e,0x67]}},{frame.timestamp:{time:0x6ad0c0de}}]})
< show_current_time(0x4b9)
< show_estimated_latency(0x95303ff4)
> frame.pong.handle({data:[0x70,0x6f,0x6e,0x67]})
> frame.timestamp.handle({time:0})
> ping_packet_event({protocol:udp,addr:0xb000001,port:0x115b,interface:ivy},{protocol:udp,addr:0xb000002,port:0x2c8c,interface:ivy},{payload:[{frame.pong:{data:[0x70,0x6f,0x6e,0x67]}},{frame.timestamp:{time:0x10104}}]})
< recv_ping(server,{protocol:udp,addr:0xb000002,port:0x2c8c,interface:ivy},{protocol:udp,addr:0xb000001,port:0x115b,interface:ivy},{payload:[{frame.ping:{data:[0x70,0x69,0x6e,0x67]}},{frame.timestamp:{time:0x6ad0c7fe}}]})
< show_current_time(0x6cc)
< show_estimated_latency(0x95303fa0)
> frame.pong.handle({data:[0x70,0x6f,0x6e,0x67]})
> frame.timestamp.handle({time:0x2})
> ping_packet_event({protocol:udp,addr:0xb000001,port:0x115b,interface:ivy},{protocol:udp,addr:0xb000002,port:0x2c8c,interface:ivy},{payload:[{frame.pong:{data:[0x70,0x6f,0x6e,0x67]}},{frame.timestamp:{time:0x107cb}}]})
< recv_ping(server,{protocol:udp,addr:0xb000002,port:0x2c8c,interface:ivy},{protocol:udp,addr:0xb000001,port:0x115b,interface:ivy},{payload:[{frame.ping:{data:[0x70,0x69,0x6e,0x67]}},{frame.timestamp:{time:0x6ad0cbdf}}]})
< show_current_time(0x4a1)
< show_estimated_latency(0x95304060)
> frame.pong.handle({data:[0x70,0x6f,0x6e,0x67]})
> frame.timestamp.handle({time:0x4})
> ping_packet_event({protocol:udp,addr:0xb000001,port:0x115b,interface:ivy},{protocol:udp,addr:0xb000002,port:0x2c8c,interface:ivy},{payload:[{frame.pong:{data:[0x70,0x6f,0x6e,0x67]}},{frame.timestamp:{time:0x10cb7}}]})
< recv_ping(server,{protocol:udp,addr:0xb000002,port:0x2c8c,interface:ivy},{protocol:udp,addr:0xb000001,port:0x115b,interface:ivy},{payload:[{frame.ping:{data:[0x70,0x69,0x6e,0x67]}},{frame.timestamp:{time:0x6ad0d0fd}}]})
< show_current_time(0x52e)
< show_estimated_latency(0x95304070)
> frame.pong.handle({data:[0x70,0x6f,0x6e,0x67]})
> frame.timestamp.handle({time:0x3})
> ping_packet_event({protocol:udp,addr:0xb000001,port:0x115b,interface:ivy},{protocol:udp,addr:0xb000002,port:0x2c8c,interface:ivy},{payload:[{frame.pong:{data:[0x70,0x6f,0x6e,0x67]}},{frame.timestamp:{time:0x1119f}}]})
< recv_ping(server,{protocol:udp,addr:0xb000002,port:0x2c8c,interface:ivy},{protocol:udp,addr:0xb000001,port:0x115b,interface:ivy},{payload:[{frame.ping:{data:[0x70,0x69,0x6e,0x67]}},{frame.timestamp:{time:0x6ad0d6fd}}]})
< show_current_time(0x5c8)
< show_estimated_latency(0x95304038)
> frame.pong.handle({data:[0x70,0x6f,0x6e,0x67]})
> frame.timestamp.handle({time:0x2})
> ping_packet_event({protocol:udp,addr:0xb000001,port:0x115b,interface:ivy},{protocol:udp,addr:0xb000002,port:0x2c8c,interface:ivy},{payload:[{frame.pong:{data:[0x70,0x6f,0x6e,0x67]}},{frame.timestamp:{time:0x117df}}]})
< recv_ping(server,{protocol:udp,addr:0xb000002,port:0x2c8c,interface:ivy},{protocol:udp,addr:0xb000001,port:0x115b,interface:ivy},{payload:[{frame.ping:{data:[0x70,0x69,0x6e,0x67]}},{frame.timestamp:{time:0x6ad0dedf}}]})
< show_current_time(0x7ca)
< show_estimated_latency(0x95304020)
> frame.pong.handle({data:[0x70,0x6f,0x6e,0x67]})
> frame.timestamp.handle({time:0x1})
> ping_packet_event({protocol:udp,addr:0xb000001,port:0x115b,interface:ivy},{protocol:udp,addr:0xb000002,port:0x2c8c,interface:ivy},{payload:[{frame.pong:{data:[0x70,0x6f,0x6e,0x67]}},{frame.timestamp:{time:0x11f13}}]})
< recv_ping(server,{protocol:udp,addr:0xb000002,port:0x2c8c,interface:ivy},{protocol:udp,addr:0xb000001,port:0x115b,interface:ivy},{payload:[{frame.ping:{data:[0x70,0x69,0x6e,0x67]}},{frame.timestamp:{time:0x6ad0e5df}}]})
< show_current_time(0x6d4)
< show_estimated_latency(0x95303ff4)
> frame.pong.handle({data:[0x70,0x6f,0x6e,0x67]})
> frame.timestamp.handle({time:0x1})
test_completed
